Archive member included to satisfy reference by file (symbol)

C:/ST/STM32CubeIDE_1.12.1/STM32CubeIDE/plugins/com.st.stm32cube.ide.mcu.externaltools.gnu-tools-for-stm32.11.3.rel1.win32_1.1.0.202305231506/tools/bin/../lib/gcc/arm-none-eabi/11.3.1/../../../../arm-none-eabi/lib/thumb/v7-m/nofp\libc_nano.a(libc_a-atoi.o)
                              ./Core/Src/gsm.o (atoi)
C:/ST/STM32CubeIDE_1.12.1/STM32CubeIDE/plugins/com.st.stm32cube.ide.mcu.externaltools.gnu-tools-for-stm32.11.3.rel1.win32_1.1.0.202305231506/tools/bin/../lib/gcc/arm-none-eabi/11.3.1/../../../../arm-none-eabi/lib/thumb/v7-m/nofp\libc_nano.a(libc_a-exit.o)
                              C:/ST/STM32CubeIDE_1.12.1/STM32CubeIDE/plugins/com.st.stm32cube.ide.mcu.externaltools.gnu-tools-for-stm32.11.3.rel1.win32_1.1.0.202305231506/tools/bin/../lib/gcc/arm-none-eabi/11.3.1/../../../../arm-none-eabi/lib/thumb/v7-m/nofp/crt0.o (exit)
C:/ST/STM32CubeIDE_1.12.1/STM32CubeIDE/plugins/com.st.stm32cube.ide.mcu.externaltools.gnu-tools-for-stm32.11.3.rel1.win32_1.1.0.202305231506/tools/bin/../lib/gcc/arm-none-eabi/11.3.1/../../../../arm-none-eabi/lib/thumb/v7-m/nofp\libc_nano.a(libc_a-strtol.o)
                              C:/ST/STM32CubeIDE_1.12.1/STM32CubeIDE/plugins/com.st.stm32cube.ide.mcu.externaltools.gnu-tools-for-stm32.11.3.rel1.win32_1.1.0.202305231506/tools/bin/../lib/gcc/arm-none-eabi/11.3.1/../../../../arm-none-eabi/lib/thumb/v7-m/nofp\libc_nano.a(libc_a-atoi.o) (_strtol_r)
C:/ST/STM32CubeIDE_1.12.1/STM32CubeIDE/plugins/com.st.stm32cube.ide.mcu.externaltools.gnu-tools-for-stm32.11.3.rel1.win32_1.1.0.202305231506/tools/bin/../lib/gcc/arm-none-eabi/11.3.1/../../../../arm-none-eabi/lib/thumb/v7-m/nofp\libc_nano.a(libc_a-ctype_.o)
                              C:/ST/STM32CubeIDE_1.12.1/STM32CubeIDE/plugins/com.st.stm32cube.ide.mcu.externaltools.gnu-tools-for-stm32.11.3.rel1.win32_1.1.0.202305231506/tools/bin/../lib/gcc/arm-none-eabi/11.3.1/../../../../arm-none-eabi/lib/thumb/v7-m/nofp\libc_nano.a(libc_a-strtol.o) (_ctype_)
C:/ST/STM32CubeIDE_1.12.1/STM32CubeIDE/plugins/com.st.stm32cube.ide.mcu.externaltools.gnu-tools-for-stm32.11.3.rel1.win32_1.1.0.202305231506/tools/bin/../lib/gcc/arm-none-eabi/11.3.1/../../../../arm-none-eabi/lib/thumb/v7-m/nofp\libc_nano.a(libc_a-findfp.o)
                              C:/ST/STM32CubeIDE_1.12.1/STM32CubeIDE/plugins/com.st.stm32cube.ide.mcu.externaltools.gnu-tools-for-stm32.11.3.rel1.win32_1.1.0.202305231506/tools/bin/../lib/gcc/arm-none-eabi/11.3.1/../../../../arm-none-eabi/lib/thumb/v7-m/nofp\libc_nano.a(libc_a-exit.o) (__stdio_exit_handler)
C:/ST/STM32CubeIDE_1.12.1/STM32CubeIDE/plugins/com.st.stm32cube.ide.mcu.externaltools.gnu-tools-for-stm32.11.3.rel1.win32_1.1.0.202305231506/tools/bin/../lib/gcc/arm-none-eabi/11.3.1/../../../../arm-none-eabi/lib/thumb/v7-m/nofp\libc_nano.a(libc_a-fwalk.o)
                              C:/ST/STM32CubeIDE_1.12.1/STM32CubeIDE/plugins/com.st.stm32cube.ide.mcu.externaltools.gnu-tools-for-stm32.11.3.rel1.win32_1.1.0.202305231506/tools/bin/../lib/gcc/arm-none-eabi/11.3.1/../../../../arm-none-eabi/lib/thumb/v7-m/nofp\libc_nano.a(libc_a-findfp.o) (_fwalk_sglue)
C:/ST/STM32CubeIDE_1.12.1/STM32CubeIDE/plugins/com.st.stm32cube.ide.mcu.externaltools.gnu-tools-for-stm32.11.3.rel1.win32_1.1.0.202305231506/tools/bin/../lib/gcc/arm-none-eabi/11.3.1/../../../../arm-none-eabi/lib/thumb/v7-m/nofp\libc_nano.a(libc_a-snprintf.o)
                              ./Core/Src/gsm.o (snprintf)
C:/ST/STM32CubeIDE_1.12.1/STM32CubeIDE/plugins/com.st.stm32cube.ide.mcu.externaltools.gnu-tools-for-stm32.11.3.rel1.win32_1.1.0.202305231506/tools/bin/../lib/gcc/arm-none-eabi/11.3.1/../../../../arm-none-eabi/lib/thumb/v7-m/nofp\libc_nano.a(libc_a-stdio.o)
                              C:/ST/STM32CubeIDE_1.12.1/STM32CubeIDE/plugins/com.st.stm32cube.ide.mcu.externaltools.gnu-tools-for-stm32.11.3.rel1.win32_1.1.0.202305231506/tools/bin/../lib/gcc/arm-none-eabi/11.3.1/../../../../arm-none-eabi/lib/thumb/v7-m/nofp\libc_nano.a(libc_a-findfp.o) (__sread)
C:/ST/STM32CubeIDE_1.12.1/STM32CubeIDE/plugins/com.st.stm32cube.ide.mcu.externaltools.gnu-tools-for-stm32.11.3.rel1.win32_1.1.0.202305231506/tools/bin/../lib/gcc/arm-none-eabi/11.3.1/../../../../arm-none-eabi/lib/thumb/v7-m/nofp\libc_nano.a(libc_a-memset.o)
                              C:/ST/STM32CubeIDE_1.12.1/STM32CubeIDE/plugins/com.st.stm32cube.ide.mcu.externaltools.gnu-tools-for-stm32.11.3.rel1.win32_1.1.0.202305231506/tools/bin/../lib/gcc/arm-none-eabi/11.3.1/../../../../arm-none-eabi/lib/thumb/v7-m/nofp/crt0.o (memset)
C:/ST/STM32CubeIDE_1.12.1/STM32CubeIDE/plugins/com.st.stm32cube.ide.mcu.externaltools.gnu-tools-for-stm32.11.3.rel1.win32_1.1.0.202305231506/tools/bin/../lib/gcc/arm-none-eabi/11.3.1/../../../../arm-none-eabi/lib/thumb/v7-m/nofp\libc_nano.a(libc_a-strchr.o)
                              ./Core/Src/gsm.o (strchr)
[...]
Memory Configuration

Name             Origin             Length             Attributes
RAM              0x0000000020000000 0x0000000000002800 xrw
FLASH            0x0000000008000000 0x0000000000008000 xr
*default*        0x0000000000000000 0xffffffffffffffff

Linker script and memory map

LOAD C:/ST/STM32CubeIDE_1.12.1/STM32CubeIDE/plugins/com.st.stm32cube.ide.mcu.externaltools.gnu-tools-for-stm32.11.3.rel1.win32_1.1.0.202305231506/tools/bin/../lib/gcc/arm-none-eabi/11.3.1/thumb/v7-m/nofp/crti.o
LOAD C:/ST/STM32CubeIDE_1.12.1/STM32CubeIDE/plugins/com.st.stm32cube.ide.mcu.externaltools.gnu-tools-for-stm32.11.3.rel1.win32_1.1.0.202305231506/tools/bin/../lib/gcc/arm-none-eabi/11.3.1/thumb/v7-m/nofp/crtbegin.o
LOAD C:/ST/STM32CubeIDE_1.12.1/STM32CubeIDE/plugins/com.st.stm32cube.ide.mcu.externaltools.gnu-tools-for-stm32.11.3.rel1.win32_1.1.0.202305231506/tools/bin/../lib/gcc/arm-none-eabi/11.3.1/../../../../arm-none-eabi/lib/thumb/v7-m/nofp/crt0.o
LOAD ./Core/Src/gsm.o
LOAD ./Core/Src/main.o
LOAD ./Core/Src/nokia5110_LCD.o
LOAD ./Core/Src/stm32f1xx_hal_msp.o
LOAD ./Core/Src/stm32f1xx_it.o
LOAD ./Core/Src/syscalls.o
LOAD ./Core/Src/sysmem.o
LOAD ./Core/Src/system_stm32f1xx.o
LOAD ./Core/Src/usart_ring.o
LOAD ./Core/Startup/startup_stm32f103c6tx.o
LOAD ./Drivers/STM32F1xx_HAL_Driver/Src/stm32f1xx_hal.o
LOAD ./Drivers/STM32F1xx_HAL_Driver/Src/stm32f1xx_hal_cortex.o
LOAD ./Drivers/STM32F1xx_HAL_Driver/Src/stm32f1xx_hal_dma.o
LOAD ./Drivers/STM32F1xx_HAL_Driver/Src/stm32f1xx_hal_exti.o
LOAD ./Drivers/STM32F1xx_HAL_Driver/Src/stm32f1xx_hal_flash.o
LOAD ./Drivers/STM32F1xx_HAL_Driver/Src/stm32f1xx_hal_flash_ex.o
LOAD ./Drivers/STM32F1xx_HAL_Driver/Src/stm32f1xx_hal_gpio.o
LOAD ./Drivers/STM32F1xx_HAL_Driver/Src/stm32f1xx_hal_gpio_ex.o
LOAD ./Drivers/STM32F1xx_HAL_Driver/Src/stm32f1xx_hal_pwr.o
LOAD ./Drivers/STM32F1xx_HAL_Driver/Src/stm32f1xx_hal_rcc.o
LOAD ./Drivers/STM32F1xx_HAL_Driver/Src/stm32f1xx_hal_rcc_ex.o
LOAD ./Drivers/STM32F1xx_HAL_Driver/Src/stm32f1xx_hal_tim.o
LOAD ./Drivers/STM32F1xx_HAL_Driver/Src/stm32f1xx_hal_tim_ex.o
LOAD ./Drivers/STM32F1xx_HAL_Driver/Src/stm32f1xx_hal_uart.o
START GROUP
LOAD C:/ST/STM32CubeIDE_1.12.1/STM32CubeIDE/plugins/com.st.stm32cube.ide.mcu.externaltools.gnu-tools-for-stm32.11.3.rel1.win32_1.1.0.202305231506/tools/bin/../lib/gcc/arm-none-eabi/11.3.1/../../../../arm-none-eabi/lib/thumb/v7-m/nofp\libc_nano.a
LOAD C:/ST/STM32CubeIDE_1.12.1/STM32CubeIDE/plugins/com.st.stm32cube.ide.mcu.externaltools.gnu-tools-for-stm32.11.3.rel1.win32_1.1.0.202305231506/tools/bin/../lib/gcc/arm-none-eabi/11.3.1/../../../../arm-none-eabi/lib/thumb/v7-m/nofp\libm.a
END GROUP
START GROUP
LOAD C:/ST/STM32CubeIDE_1.12.1/STM32CubeIDE/plugins/com.st.stm32cube.ide.mcu.externaltools.gnu-tools-for-stm32.11.3.rel1.win32_1.1.0.202305231506/tools/bin/../lib/gcc/arm-none-eabi/11.3.1/thumb/v7-m/nofp\libgcc.a
LOAD C:/ST/STM32CubeIDE_1.12.1/STM32CubeIDE/plugins/com.st.stm32cube.ide.mcu.externaltools.gnu-tools-for-stm32.11.3.rel1.win32_1.1.0.202305231506/tools/bin/../lib/gcc/arm-none-eabi/11.3.1/../../../../arm-none-eabi/lib/thumb/v7-m/nofp\libc_nano.a
END GROUP
START GROUP
LOAD C:/ST/STM32CubeIDE_1.12.1/STM32CubeIDE/plugins/com.st.stm32cube.ide.mcu.externaltools.gnu-tools-for-stm32.11.3.rel1.win32_1.1.0.202305231506/tools/bin/../lib/gcc/arm-none-eabi/11.3.1/thumb/v7-m/nofp\libgcc.a
LOAD C:/ST/STM32CubeIDE_1.12.1/STM32CubeIDE/plugins/com.st.stm32cube.ide.mcu.externaltools.gnu-tools-for-stm32.11.3.rel1.win32_1.1.0.202305231506/tools/bin/../lib/gcc/arm-none-eabi/11.3.1/../../../../arm-none-eabi/lib/thumb/v7-m/nofp\libc_nano.a
LOAD C:/ST/STM32CubeIDE_1.12.1/STM32CubeIDE/plugins/com.st.stm32cube.ide.mcu.externaltools.gnu-tools-for-stm32.11.3.rel1.win32_1.1.0.202305231506/tools/bin/../lib/gcc/arm-none-eabi/11.3.1/../../../../arm-none-eabi/lib/thumb/v7-m/nofp\libnosys.a
END GROUP
START GROUP
LOAD C:/ST/STM32CubeIDE_1.12.1/STM32CubeIDE/plugins/com.st.stm32cube.ide.mcu.externaltools.gnu-tools-for-stm32.11.3.rel1.win32_1.1.0.202305231506/tools/bin/../lib/gcc/arm-none-eabi/11.3.1/thumb/v7-m/nofp\libgcc.a
LOAD C:/ST/STM32CubeIDE_1.12.1/STM32CubeIDE/plugins/com.st.stm32cube.ide.mcu.externaltools.gnu-tools-for-stm32.11.3.rel1.win32_1.1.0.202305231506/tools/bin/../lib/gcc/arm-none-eabi/11.3.1/../../../../arm-none-eabi/lib/thumb/v7-m/nofp\libc_nano.a
LOAD C:/ST/STM32CubeIDE_1.12.1/STM32CubeIDE/plugins/com.st.stm32cube.ide.mcu.externaltools.gnu-tools-for-stm32.11.3.rel1.win32_1.1.0.202305231506/tools/bin/../lib/gcc/arm-none-eabi/11.3.1/../../../../arm-none-eabi/lib/thumb/v7-m/nofp\libnosys.a
END GROUP
LOAD C:/ST/STM32CubeIDE_1.12.1/STM32CubeIDE/plugins/com.st.stm32cube.ide.mcu.externaltools.gnu-tools-for-stm32.11.3.rel1.win32_1.1.0.202305231506/tools/bin/../lib/gcc/arm-none-eabi/11.3.1/thumb/v7-m/nofp/crtend.o
LOAD C:/ST/STM32CubeIDE_1.12.1/STM32CubeIDE/plugins/com.st.stm32cube.ide.mcu.externaltools.gnu-tools-for-stm32.11.3.rel1.win32_1.1.0.202305231506/tools/bin/../lib/gcc/arm-none-eabi/11.3.1/thumb/v7-m/nofp/crtn.o
                0x0000000020002800                _estack = (ORIGIN (RAM) + LENGTH (RAM))
                0x0000000000000200                _Min_Heap_Size = 0x200
                0x0000000000000400                _Min_Stack_Size = 0x400

.isr_vector     0x0000000008000000      0x10c
                0x0000000008000000                . = ALIGN (0x4)
 *(.isr_vector)
 .isr_vector    0x0000000008000000      0x10c ./Core/Startup/startup_stm32f103c6tx.o
                0x0000000008000000                g_pfnVectors
                0x000000000800010c                . = ALIGN (0x4)

.text           0x000000000800010c     0x56a4
                0x000000000800010c                . = ALIGN (0x4)
 *(.text)
 .text          0x000000000800010c       0x40 C:/ST/STM32CubeIDE_1.12.1/STM32CubeIDE/plugins/com.st.stm32cube.ide.mcu.externaltools.gnu-tools-for-stm32.11.3.rel1.win32_1.1.0.202305231506/tools/bin/../lib/gcc/arm-none-eabi/11.3.1/thumb/v7-m/nofp/crtbegin.o
 .text          0x000000000800014c       0x10 C:/ST/STM32CubeIDE_1.12.1/STM32CubeIDE/plugins/com.st.stm32cube.ide.mcu.externaltools.gnu-tools-for-stm32.11.3.rel1.win32_1.1.0.202305231506/tools/bin/../lib/gcc/arm-none-eabi/11.3.1/../../../../arm-none-eabi/lib/thumb/v7-m/nofp\libc_nano.a(libc_a-strlen.o)
                0x000000000800014c                strlen
 *(.text*)
 .text.replac_string
                0x000000000800015c       0x40 ./Core/Src/gsm.o
                0x000000000800015c                replac_string
 .text.set_comand
                0x000000000800019c      0x3dc ./Core/Src/gsm.o
                0x000000000800019c                set_comand
 .text.balance  0x0000000008000578       0x38 ./Core/Src/gsm.o
                0x0000000008000578                balance
 .text.disable_connection
                0x00000000080005b0       0x3c ./Core/Src/gsm.o
                0x00000000080005b0                disable_connection
 .text.call     0x00000000080005ec       0x44 ./Core/Src/gsm.o
                0x00000000080005ec                call
 .text.get_date_time
                0x0000000008000630       0x40 ./Core/Src/gsm.o
                0x0000000008000630                get_date_time
 .text.get_contact
                0x0000000008000670      0x1a0 ./Core/Src/gsm.o
                0x0000000008000670                get_contact
 .text.alarm    0x0000000008000810       0xe0 ./Core/Src/gsm.o
                0x0000000008000810                alarm
 .text.welcome  0x00000000080008f0       0xe0 ./Core/Src/gsm.o
                0x00000000080008f0                welcome
 .text.starting
                0x00000000080009d0       0xf4 ./Core/Src/gsm.o
                0x00000000080009d0                starting
 .text.clear_string
                0x0000000008000ac4       0x7c ./Core/Src/main.o
 .text.chek_speed
                0x0000000008000b40      0x1cc ./Core/Src/main.o
                0x0000000008000b40                chek_speed
 .text.main     0x0000000008000d0c      0x6ac ./Core/Src/main.o
                0x0000000008000d0c                main
 .text.SystemClock_Config
                0x00000000080013b8       0x8a ./Core/Src/main.o
                0x00000000080013b8                SystemClock_Config
 *fill*         0x0000000008001442        0x2 
 .text.MX_TIM1_Init
                0x0000000008001444       0xa4 ./Core/Src/main.o
 .text.MX_USART1_UART_Init
                0x00000000080014e8       0x54 ./Core/Src/main.o
 .text.MX_USART2_UART_Init
                0x000000000800153c       0x54 ./Core/Src/main.o
 .text.MX_GPIO_Init
                0x0000000008001590      0x10c ./Core/Src/main.o
 .text.Error_Handler
                0x000000000800169c        0xa ./Core/Src/main.o
                0x000000000800169c                Error_Handler
 *fill*         0x00000000080016a6        0x2 
 .text.LCD_setRST
                0x00000000080016a8       0x28 ./Core/Src/nokia5110_LCD.o
                0x00000000080016a8                LCD_setRST
 .text.LCD_setCE
                0x00000000080016d0       0x28 ./Core/Src/nokia5110_LCD.o
                0x00000000080016d0                LCD_setCE
 .text.LCD_setDC
                0x00000000080016f8       0x28 ./Core/Src/nokia5110_LCD.o
                0x00000000080016f8                LCD_setDC
 .text.LCD_setDIN
                0x0000000008001720       0x28 ./Core/Src/nokia5110_LCD.o
                0x0000000008001720                LCD_setDIN
 .text.LCD_setCLK
                0x0000000008001748       0x28 ./Core/Src/nokia5110_LCD.o
                0x0000000008001748                LCD_setCLK
 .text.LCD_send
                0x0000000008001770       0x74 ./Core/Src/nokia5110_LCD.o
                0x0000000008001770                LCD_send
 .text.LCD_write
                0x00000000080017e4       0x94 ./Core/Src/nokia5110_LCD.o
                0x00000000080017e4                LCD_write
 .text.LCD_init
                0x0000000008001878       0x6c ./Core/Src/nokia5110_LCD.o
                0x0000000008001878                LCD_init
 .text.LCD_invertText
                0x00000000080018e4       0x30 ./Core/Src/nokia5110_LCD.o
                0x00000000080018e4                LCD_invertText
 .text.LCD_putChar
                0x0000000008001914       0x84 ./Core/Src/nokia5110_LCD.o
                0x0000000008001914                LCD_putChar
 .text.LCD_print
                0x0000000008001998       0x3e ./Core/Src/nokia5110_LCD.o
                0x0000000008001998                LCD_print
 *fill*         0x00000000080019d6        0x2 
 .text.LCD_clrScr
                0x00000000080019d8       0x3c ./Core/Src/nokia5110_LCD.o
                0x00000000080019d8                LCD_clrScr
 .text.LCD_goXY
                0x0000000008001a14       0x38 ./Core/Src/nokia5110_LCD.o
                0x0000000008001a14                LCD_goXY
 .text.HAL_MspInit
                0x0000000008001a4c       0x64 ./Core/Src/stm32f1xx_hal_msp.o
                0x0000000008001a4c                HAL_MspInit
 .text.HAL_TIM_Base_MspInit
                0x0000000008001ab0       0x3c ./Core/Src/stm32f1xx_hal_msp.o
                0x0000000008001ab0                HAL_TIM_Base_MspInit
 .text.HAL_UART_MspInit
                0x0000000008001aec      0x128 ./Core/Src/stm32f1xx_hal_msp.o
                0x0000000008001aec                HAL_UART_MspInit
 .text.NMI_Handler
                0x0000000008001c14        0x6 ./Core/Src/stm32f1xx_it.o
                0x0000000008001c14                NMI_Handler
 .text.HardFault_Handler
                0x0000000008001c1a        0x6 ./Core/Src/stm32f1xx_it.o
                0x0000000008001c1a                HardFault_Handler
 .text.MemManage_Handler
                0x0000000008001c20        0x6 ./Core/Src/stm32f1xx_it.o
                0x0000000008001c20                MemManage_Handler
 .text.BusFault_Handler
                0x0000000008001c26        0x6 ./Core/Src/stm32f1xx_it.o
                0x0000000008001c26                BusFault_Handler
 .text.UsageFault_Handler
                0x0000000008001c2c        0x6 ./Core/Src/stm32f1xx_it.o
                0x0000000008001c2c                UsageFault_Handler
 .text.SVC_Handler
                0x0000000008001c32        0xc ./Core/Src/stm32f1xx_it.o
                0x0000000008001c32                SVC_Handler
 .text.DebugMon_Handler
                0x0000000008001c3e        0xc ./Core/Src/stm32f1xx_it.o
                0x0000000008001c3e                DebugMon_Handler
 .text.PendSV_Handler
                0x0000000008001c4a        0xc ./Core/Src/stm32f1xx_it.o
                0x0000000008001c4a                PendSV_Handler
 .text.SysTick_Handler
                0x0000000008001c56        0xc ./Core/Src/stm32f1xx_it.o
                0x0000000008001c56                SysTick_Handler
 *fill*         0x0000000008001c62        0x2 
 .text.USART1_IRQHandler
                0x0000000008001c64       0x74 ./Core/Src/stm32f1xx_it.o
                0x0000000008001c64                USART1_IRQHandler
 .text.USART2_IRQHandler
                0x0000000008001cd8       0x78 ./Core/Src/stm32f1xx_it.o
                0x0000000008001cd8                USART2_IRQHandler
 .text._getpid  0x0000000008001d50        0xe ./Core/Src/syscalls.o
                0x0000000008001d50                _getpid
 .text._kill    0x0000000008001d5e       0x20 ./Core/Src/syscalls.o
                0x0000000008001d5e                _kill
 .text._exit    0x0000000008001d7e       0x14 ./Core/Src/syscalls.o
                0x0000000008001d7e                _exit
 .text._read    0x0000000008001d92       0x3a ./Core/Src/syscalls.o
                0x0000000008001d92                _read
 .text._write   0x0000000008001dcc       0x38 ./Core/Src/syscalls.o
                0x0000000008001dcc                _write
 .text._close   0x0000000008001e04       0x16 ./Core/Src/syscalls.o
                0x0000000008001e04                _close
 .text._fstat   0x0000000008001e1a       0x1e ./Core/Src/syscalls.o
                0x0000000008001e1a                _fstat
 .text._isatty  0x0000000008001e38       0x14 ./Core/Src/syscalls.o
                0x0000000008001e38                _isatty
 .text._lseek   0x0000000008001e4c       0x18 ./Core/Src/syscalls.o
                0x0000000008001e4c                _lseek
 .text._sbrk    0x0000000008001e64       0x6c ./Core/Src/sysmem.o
                0x0000000008001e64                _sbrk
 .text.SystemInit
                0x0000000008001ed0        0xc ./Core/Src/system_stm32f1xx.o
                0x0000000008001ed0                SystemInit
 .text.gsm_available
                0x0000000008001edc       0x34 ./Core/Src/usart_ring.o
                0x0000000008001edc                gsm_available
 .text.gsm_read
                0x0000000008001f10       0x58 ./Core/Src/usart_ring.o
                0x0000000008001f10                gsm_read
 .text.dbg_available
                0x0000000008001f68       0x34 ./Core/Src/usart_ring.o
                0x0000000008001f68                dbg_available
 .text.dbg_read
                0x0000000008001f9c       0x58 ./Core/Src/usart_ring.o
                0x0000000008001f9c                dbg_read
 .text.Reset_Handler
                0x0000000008001ff4       0x48 ./Core/Startup/startup_stm32f103c6tx.o
                0x0000000008001ff4                Reset_Handler
 .text.Default_Handler
                0x000000000800203c        0x2 ./Core/Startup/startup_stm32f103c6tx.o
                0x000000000800203c                RTC_Alarm_IRQHandler
                0x000000000800203c                EXTI2_IRQHandler
                0x000000000800203c                TIM1_CC_IRQHandler
                0x000000000800203c                PVD_IRQHandler
                0x000000000800203c                EXTI3_IRQHandler
                0x000000000800203c                EXTI0_IRQHandler
                0x000000000800203c                ADC1_2_IRQHandler
                0x000000000800203c                SPI1_IRQHandler
                0x000000000800203c                TAMPER_IRQHandler
                0x000000000800203c                DMA1_Channel4_IRQHandler
                0x000000000800203c                RTC_IRQHandler
                0x000000000800203c                DMA1_Channel7_IRQHandler
                0x000000000800203c                CAN1_RX1_IRQHandler
                0x000000000800203c                I2C1_EV_IRQHandler
                0x000000000800203c                DMA1_Channel6_IRQHandler
                0x000000000800203c                TIM3_IRQHandler
                0x000000000800203c                RCC_IRQHandler
                0x000000000800203c                TIM1_TRG_COM_IRQHandler
                0x000000000800203c                DMA1_Channel1_IRQHandler
                0x000000000800203c                Default_Handler
                0x000000000800203c                EXTI15_10_IRQHandler
                0x000000000800203c                EXTI9_5_IRQHandler
                0x000000000800203c                DMA1_Channel5_IRQHandler
                0x000000000800203c                EXTI4_IRQHandler
                0x000000000800203c                USB_LP_CAN1_RX0_IRQHandler
                0x000000000800203c                USB_HP_CAN1_TX_IRQHandler
                0x000000000800203c                DMA1_Channel3_IRQHandler
                0x000000000800203c                TIM1_UP_IRQHandler
                0x000000000800203c                WWDG_IRQHandler
                0x000000000800203c                TIM2_IRQHandler
                0x000000000800203c                TIM1_BRK_IRQHandler
                0x000000000800203c                EXTI1_IRQHandler
                0x000000000800203c                DMA1_Channel2_IRQHandler
                0x000000000800203c                CAN1_SCE_IRQHandler
                0x000000000800203c                FLASH_IRQHandler
                0x000000000800203c                I2C1_ER_IRQHandler
                0x000000000800203c                USBWakeUp_IRQHandler
 *fill*         0x000000000800203e        0x2 
 .text.HAL_Init
                0x0000000008002040       0x2c ./Drivers/STM32F1xx_HAL_Driver/Src/stm32f1xx_hal.o
                0x0000000008002040                HAL_Init
 .text.HAL_InitTick
                0x000000000800206c       0x60 ./Drivers/STM32F1xx_HAL_Driver/Src/stm32f1xx_hal.o
                0x000000000800206c                HAL_InitTick
 .text.HAL_IncTick
                0x00000000080020cc       0x24 ./Drivers/STM32F1xx_HAL_Driver/Src/stm32f1xx_hal.o
                0x00000000080020cc                HAL_IncTick
 .text.HAL_GetTick
                0x00000000080020f0       0x14 ./Drivers/STM32F1xx_HAL_Driver/Src/stm32f1xx_hal.o
                0x00000000080020f0                HAL_GetTick
 .text.HAL_Delay
                0x0000000008002104       0x48 ./Drivers/STM32F1xx_HAL_Driver/Src/stm32f1xx_hal.o
                0x0000000008002104                HAL_Delay
 .text.__NVIC_SetPriorityGrouping
                0x000000000800214c       0x48 ./Drivers/STM32F1xx_HAL_Driver/Src/stm32f1xx_hal_cortex.o
 .text.__NVIC_GetPriorityGrouping
                0x0000000008002194       0x1c ./Drivers/STM32F1xx_HAL_Driver/Src/stm32f1xx_hal_cortex.o
 .text.__NVIC_EnableIRQ
                0x00000000080021b0       0x38 ./Drivers/STM32F1xx_HAL_Driver/Src/stm32f1xx_hal_cortex.o
 .text.__NVIC_SetPriority
                0x00000000080021e8       0x54 ./Drivers/STM32F1xx_HAL_Driver/Src/stm32f1xx_hal_cortex.o
 .text.NVIC_EncodePriority
                0x000000000800223c       0x64 ./Drivers/STM32F1xx_HAL_Driver/Src/stm32f1xx_hal_cortex.o
 .text.__NVIC_SystemReset
                0x00000000080022a0       0x2c ./Drivers/STM32F1xx_HAL_Driver/Src/stm32f1xx_hal_cortex.o
 .text.SysTick_Config
                0x00000000080022cc       0x44 ./Drivers/STM32F1xx_HAL_Driver/Src/stm32f1xx_hal_cortex.o
 .text.HAL_NVIC_SetPriorityGrouping
                0x0000000008002310       0x16 ./Drivers/STM32F1xx_HAL_Driver/Src/stm32f1xx_hal_cortex.o
                0x0000000008002310                HAL_NVIC_SetPriorityGrouping
 .text.HAL_NVIC_SetPriority
                0x0000000008002326       0x38 ./Drivers/STM32F1xx_HAL_Driver/Src/stm32f1xx_hal_cortex.o
                0x0000000008002326                HAL_NVIC_SetPriority
 .text.HAL_NVIC_EnableIRQ
                0x000000000800235e       0x1c ./Drivers/STM32F1xx_HAL_Driver/Src/stm32f1xx_hal_cortex.o
                0x000000000800235e                HAL_NVIC_EnableIRQ
 .text.HAL_NVIC_SystemReset
                0x000000000800237a        0x8 ./Drivers/STM32F1xx_HAL_Driver/Src/stm32f1xx_hal_cortex.o
                0x000000000800237a                HAL_NVIC_SystemReset
 .text.HAL_SYSTICK_Config
                0x0000000008002382       0x18 ./Drivers/STM32F1xx_HAL_Driver/Src/stm32f1xx_hal_cortex.o
                0x0000000008002382                HAL_SYSTICK_Config
 .text.HAL_DMA_Abort
                0x000000000800239a       0x76 ./Drivers/STM32F1xx_HAL_Driver/Src/stm32f1xx_hal_dma.o
                0x000000000800239a                HAL_DMA_Abort
 .text.HAL_DMA_Abort_IT
                0x0000000008002410       0xf0 ./Drivers/STM32F1xx_HAL_Driver/Src/stm32f1xx_hal_dma.o
                0x0000000008002410                HAL_DMA_Abort_IT
 .text.HAL_GPIO_Init
                0x0000000008002500      0x2f8 ./Drivers/STM32F1xx_HAL_Driver/Src/stm32f1xx_hal_gpio.o
                0x0000000008002500                HAL_GPIO_Init
 .text.HAL_GPIO_WritePin
                0x00000000080027f8       0x30 ./Drivers/STM32F1xx_HAL_Driver/Src/stm32f1xx_hal_gpio.o
                0x00000000080027f8                HAL_GPIO_WritePin
 .text.HAL_GPIO_TogglePin
                0x0000000008002828       0x32 ./Drivers/STM32F1xx_HAL_Driver/Src/stm32f1xx_hal_gpio.o
                0x0000000008002828                HAL_GPIO_TogglePin
 *fill*         0x000000000800285a        0x2 
 .text.HAL_RCC_OscConfig
                0x000000000800285c      0x504 ./Drivers/STM32F1xx_HAL_Driver/Src/stm32f1xx_hal_rcc.o
                0x000000000800285c                HAL_RCC_OscConfig
 .text.HAL_RCC_ClockConfig
                0x0000000008002d60      0x1d4 ./Drivers/STM32F1xx_HAL_Driver/Src/stm32f1xx_hal_rcc.o
                0x0000000008002d60                HAL_RCC_ClockConfig
 .text.HAL_RCC_GetSysClockFreq
                0x0000000008002f34       0xa8 ./Drivers/STM32F1xx_HAL_Driver/Src/stm32f1xx_hal_rcc.o
                0x0000000008002f34                HAL_RCC_GetSysClockFreq
 .text.HAL_RCC_GetHCLKFreq
                0x0000000008002fdc       0x14 ./Drivers/STM32F1xx_HAL_Driver/Src/stm32f1xx_hal_rcc.o
                0x0000000008002fdc                HAL_RCC_GetHCLKFreq
 .text.HAL_RCC_GetPCLK1Freq
                0x0000000008002ff0       0x28 ./Drivers/STM32F1xx_HAL_Driver/Src/stm32f1xx_hal_rcc.o
                0x0000000008002ff0                HAL_RCC_GetPCLK1Freq
 .text.HAL_RCC_GetPCLK2Freq
                0x0000000008003018       0x28 ./Drivers/STM32F1xx_HAL_Driver/Src/stm32f1xx_hal_rcc.o
                0x0000000008003018                HAL_RCC_GetPCLK2Freq
 .text.RCC_Delay
                0x0000000008003040       0x3c ./Drivers/STM32F1xx_HAL_Driver/Src/stm32f1xx_hal_rcc.o
 .text.HAL_TIM_Base_Init
                0x000000000800307c       0x9e ./Drivers/STM32F1xx_HAL_Driver/Src/stm32f1xx_hal_tim.o
                0x000000000800307c                HAL_TIM_Base_Init
 *fill*         0x000000000800311a        0x2 
 .text.HAL_TIM_Base_Start_IT
                0x000000000800311c       0x98 ./Drivers/STM32F1xx_HAL_Driver/Src/stm32f1xx_hal_tim.o
                0x000000000800311c                HAL_TIM_Base_Start_IT
 .text.HAL_TIM_Base_Stop_IT
                0x00000000080031b4       0x5c ./Drivers/STM32F1xx_HAL_Driver/Src/stm32f1xx_hal_tim.o
                0x00000000080031b4                HAL_TIM_Base_Stop_IT
 .text.HAL_TIM_ConfigClockSource
                0x0000000008003210      0x18e ./Drivers/STM32F1xx_HAL_Driver/Src/stm32f1xx_hal_tim.o
                0x0000000008003210                HAL_TIM_ConfigClockSource
 *fill*         0x000000000800339e        0x2 
 .text.TIM_Base_SetConfig
                0x00000000080033a0       0xb0 ./Drivers/STM32F1xx_HAL_Driver/Src/stm32f1xx_hal_tim.o
                0x00000000080033a0                TIM_Base_SetConfig
 .text.TIM_TI1_ConfigInputStage
                0x0000000008003450       0x5c ./Drivers/STM32F1xx_HAL_Driver/Src/stm32f1xx_hal_tim.o
 .text.TIM_TI2_ConfigInputStage
                0x00000000080034ac       0x5e ./Drivers/STM32F1xx_HAL_Driver/Src/stm32f1xx_hal_tim.o
 .text.TIM_ITRx_SetConfig
                0x000000000800350a       0x34 ./Drivers/STM32F1xx_HAL_Driver/Src/stm32f1xx_hal_tim.o
 .text.TIM_ETR_SetConfig
                0x000000000800353e       0x3e ./Drivers/STM32F1xx_HAL_Driver/Src/stm32f1xx_hal_tim.o
                0x000000000800353e                TIM_ETR_SetConfig
 .text.HAL_TIMEx_MasterConfigSynchronization
                0x000000000800357c       0xb0 ./Drivers/STM32F1xx_HAL_Driver/Src/stm32f1xx_hal_tim_ex.o
                0x000000000800357c                HAL_TIMEx_MasterConfigSynchronization
 .text.HAL_UART_Init
                0x000000000800362c       0xa0 ./Drivers/STM32F1xx_HAL_Driver/Src/stm32f1xx_hal_uart.o
                0x000000000800362c                HAL_UART_Init
 .text.HAL_UART_Transmit
                0x00000000080036cc      0x106 ./Drivers/STM32F1xx_HAL_Driver/Src/stm32f1xx_hal_uart.o
                0x00000000080036cc                HAL_UART_Transmit
 *fill*         0x00000000080037d2        0x2 
 .text.HAL_UART_IRQHandler
                0x00000000080037d4      0x524 ./Drivers/STM32F1xx_HAL_Driver/Src/stm32f1xx_hal_uart.o
                0x00000000080037d4                HAL_UART_IRQHandler
 .text.HAL_UART_TxCpltCallback
                0x0000000008003cf8       0x12 ./Drivers/STM32F1xx_HAL_Driver/Src/stm32f1xx_hal_uart.o
                0x0000000008003cf8                HAL_UART_TxCpltCallback
 .text.HAL_UART_RxCpltCallback
                0x0000000008003d0a       0x12 ./Drivers/STM32F1xx_HAL_Driver/Src/stm32f1xx_hal_uart.o
                0x0000000008003d0a                HAL_UART_RxCpltCallback
 .text.HAL_UART_ErrorCallback
                0x0000000008003d1c       0x12 ./Drivers/STM32F1xx_HAL_Driver/Src/stm32f1xx_hal_uart.o
                0x0000000008003d1c                HAL_UART_ErrorCallback
 .text.HAL_UARTEx_RxEventCallback
                0x0000000008003d2e       0x16 ./Drivers/STM32F1xx_HAL_Driver/Src/stm32f1xx_hal_uart.o
                0x0000000008003d2e                HAL_UARTEx_RxEventCallback
 .text.UART_WaitOnFlagUntilTimeout
                0x0000000008003d44       0xdc ./Drivers/STM32F1xx_HAL_Driver/Src/stm32f1xx_hal_uart.o
 .text.UART_EndRxTransfer
                0x0000000008003e20       0xc4 ./Drivers/STM32F1xx_HAL_Driver/Src/stm32f1xx_hal_uart.o
 .text.UART_DMAAbortOnError
                0x0000000008003ee4       0x28 ./Drivers/STM32F1xx_HAL_Driver/Src/stm32f1xx_hal_uart.o
 .text.UART_Transmit_IT
                0x0000000008003f0c       0x9e ./Drivers/STM32F1xx_HAL_Driver/Src/stm32f1xx_hal_uart.o
 .text.UART_EndTransmit_IT
                0x0000000008003faa       0x30 ./Drivers/STM32F1xx_HAL_Driver/Src/stm32f1xx_hal_uart.o
 .text.UART_Receive_IT
                0x0000000008003fda      0x17c ./Drivers/STM32F1xx_HAL_Driver/Src/stm32f1xx_hal_uart.o
 *fill*         0x0000000008004156        0x2 
 .text.UART_SetConfig
                0x0000000008004158      0x11c ./Drivers/STM32F1xx_HAL_Driver/Src/stm32f1xx_hal_uart.o
 .text.atoi     0x0000000008004274        0x8 C:/ST/STM32CubeIDE_1.12.1/STM32CubeIDE/plugins/com.st.stm32cube.ide.mcu.externaltools.gnu-tools-for-stm32.11.3.rel1.win32_1.1.0.202305231506/tools/bin/../lib/gcc/arm-none-eabi/11.3.1/../../../../arm-none-eabi/lib/thumb/v7-m/nofp\libc_nano.a(libc_a-atoi.o)
                0x0000000008004274                atoi
 .text._strtol_l.constprop.0
                0x000000000800427c       0xfc C:/ST/STM32CubeIDE_1.12.1/STM32CubeIDE/plugins/com.st.stm32cube.ide.mcu.externaltools.gnu-tools-for-stm32.11.3.rel1.win32_1.1.0.202305231506/tools/bin/../lib/gcc/arm-none-eabi/11.3.1/../../../../arm-none-eabi/lib/thumb/v7-m/nofp\libc_nano.a(libc_a-strtol.o)
 .text.strtol   0x0000000008004378       0x14 C:/ST/STM32CubeIDE_1.12.1/STM32CubeIDE/plugins/com.st.stm32cube.ide.mcu.externaltools.gnu-tools-for-stm32.11.3.rel1.win32_1.1.0.202305231506/tools/bin/../lib/gcc/arm-none-eabi/11.3.1/../../../../arm-none-eabi/lib/thumb/v7-m/nofp\libc_nano.a(libc_a-strtol.o)
                0x0000000008004378                strtol
 .text.std      0x000000000800438c       0x48 C:/ST/STM32CubeIDE_1.12.1/STM32CubeIDE/plugins/com.st.stm32cube.ide.mcu.externaltools.gnu-tools-for-stm32.11.3.rel1.win32_1.1.0.202305231506/tools/bin/../lib/gcc/arm-none-eabi/11.3.1/../../../../arm-none-eabi/lib/thumb/v7-m/nofp\libc_nano.a(libc_a-findfp.o)
 .text.stdio_exit_handler
                0x00000000080043d4       0x18 C:/ST/STM32CubeIDE_1.12.1/STM32CubeIDE/plugins/com.st.stm32cube.ide.mcu.externaltools.gnu-tools-for-stm32.11.3.rel1.win32_1.1.0.202305231506/tools/bin/../lib/gcc/arm-none-eabi/11.3.1/../../../../arm-none-eabi/lib/thumb/v7-m/nofp\libc_nano.a(libc_a-findfp.o)
 .text.cleanup_stdio
                0x00000000080043ec       0x40 C:/ST/STM32CubeIDE_1.12.1/STM32CubeIDE/plugins/com.st.stm32cube.ide.mcu.externaltools.gnu-tools-for-stm32.11.3.rel1.win32_1.1.0.202305231506/tools/bin/../lib/gcc/arm-none-eabi/11.3.1/../../../../arm-none-eabi/lib/thumb/v7-m/nofp\libc_nano.a(libc_a-findfp.o)
 .text.global_stdio_init.part.0
                0x000000000800442c       0x3c C:/ST/STM32CubeIDE_1.12.1/STM32CubeIDE/plugins/com.st.stm32cube.ide.mcu.externaltools.gnu-tools-for-stm32.11.3.rel1.win32_1.1.0.202305231506/tools/bin/../lib/gcc/arm-none-eabi/11.3.1/../../../../arm-none-eabi/lib/thumb/v7-m/nofp\libc_nano.a(libc_a-findfp.o)
 .text.__sfp_lock_acquire
                0x0000000008004468        0xc C:/ST/STM32CubeIDE_1.12.1/STM32CubeIDE/plugins/com.st.stm32cube.ide.mcu.externaltools.gnu-tools-for-stm32.11.3.rel1.win32_1.1.0.202305231506/tools/bin/../lib/gcc/arm-none-eabi/11.3.1/../../../../arm-none-eabi/lib/thumb/v7-m/nofp\libc_nano.a(libc_a-findfp.o)
                0x0000000008004468                __sfp_lock_acquire
 .text.__sfp_lock_release
                0x0000000008004474        0xc C:/ST/STM32CubeIDE_1.12.1/STM32CubeIDE/plugins/com.st.stm32cube.ide.mcu.externaltools.gnu-tools-for-stm32.11.3.rel1.win32_1.1.0.202305231506/tools/bin/../lib/gcc/arm-none-eabi/11.3.1/../../../../arm-none-eabi/lib/thumb/v7-m/nofp\libc_nano.a(libc_a-findfp.o)
                0x0000000008004474                __sfp_lock_release
 .text.__sinit  0x0000000008004480       0x30 C:/ST/STM32CubeIDE_1.12.1/STM32CubeIDE/plugins/com.st.stm32cube.ide.mcu.externaltools.gnu-tools-for-stm32.11.3.rel1.win32_1.1.0.202305231506/tools/bin/../lib/gcc/arm-none-eabi/11.3.1/../../../../arm-none-eabi/lib/thumb/v7-m/nofp\libc_nano.a(libc_a-findfp.o)
                0x0000000008004480                __sinit
 .text._fwalk_sglue
                0x00000000080044b0       0x3c C:/ST/STM32CubeIDE_1.12.1/STM32CubeIDE/plugins/com.st.stm32cube.ide.mcu.externaltools.gnu-tools-for-stm32.11.3.rel1.win32_1.1.0.202305231506/tools/bin/../lib/gcc/arm-none-eabi/11.3.1/../../../../arm-none-eabi/lib/thumb/v7-m/nofp\libc_nano.a(libc_a-fwalk.o)
                0x00000000080044b0                _fwalk_sglue
 .text.snprintf
                0x00000000080044ec       0x68 C:/ST/STM32CubeIDE_1.12.1/STM32CubeIDE/plugins/com.st.stm32cube.ide.mcu.externaltools.gnu-tools-for-stm32.11.3.rel1.win32_1.1.0.202305231506/tools/bin/../lib/gcc/arm-none-eabi/11.3.1/../../../../arm-none-eabi/lib/thumb/v7-m/nofp\libc_nano.a(libc_a-snprintf.o)
                0x00000000080044ec                sniprintf
                0x00000000080044ec                snprintf
 .text.__sread  0x0000000008004554       0x22 C:/ST/STM32CubeIDE_1.12.1/STM32CubeIDE/plugins/com.st.stm32cube.ide.mcu.externaltools.gnu-tools-for-stm32.11.3.rel1.win32_1.1.0.202305231506/tools/bin/../lib/gcc/arm-none-eabi/11.3.1/../../../../arm-none-eabi/lib/thumb/v7-m/nofp\libc_nano.a(libc_a-stdio.o)
                0x0000000008004554                __sread
 .text.__swrite
                0x0000000008004576       0x38 C:/ST/STM32CubeIDE_1.12.1/STM32CubeIDE/plugins/com.st.stm32cube.ide.mcu.externaltools.gnu-tools-for-stm32.11.3.rel1.win32_1.1.0.202305231506/tools/bin/../lib/gcc/arm-none-eabi/11.3.1/../../../../arm-none-eabi/lib/thumb/v7-m/nofp\libc_nano.a(libc_a-stdio.o)
                0x0000000008004576                __swrite
 .text.__sseek  0x00000000080045ae       0x24 C:/ST/STM32CubeIDE_1.12.1/STM32CubeIDE/plugins/com.st.stm32cube.ide.mcu.externaltools.gnu-tools-for-stm32.11.3.rel1.win32_1.1.0.202305231506/tools/bin/../lib/gcc/arm-none-eabi/11.3.1/../../../../arm-none-eabi/lib/thumb/v7-m/nofp\libc_nano.a(libc_a-stdio.o)
                0x00000000080045ae                __sseek
 .text.__sclose
                0x00000000080045d2        0x8 C:/ST/STM32CubeIDE_1.12.1/STM32CubeIDE/plugins/com.st.stm32cube.ide.mcu.externaltools.gnu-tools-for-stm32.11.3.rel1.win32_1.1.0.202305231506/tools/bin/../lib/gcc/arm-none-eabi/11.3.1/../../../../arm-none-eabi/lib/thumb/v7-m/nofp\libc_nano.a(libc_a-stdio.o)
                0x00000000080045d2                __sclose
 .text.memset   0x00000000080045da       0x10 C:/ST/STM32CubeIDE_1.12.1/STM32CubeIDE/plugins/com.st.stm32cube.ide.mcu.externaltools.gnu-tools-for-stm32.11.3.rel1.win32_1.1.0.202305231506/tools/bin/../lib/gcc/arm-none-eabi/11.3.1/../../../../arm-none-eabi/lib/thumb/v7-m/nofp\libc_nano.a(libc_a-memset.o)
                0x00000000080045da                memset
 .text.strchr   0x00000000080045ea       0x1a C:/ST/STM32CubeIDE_1.12.1/STM32CubeIDE/plugins/com.st.stm32cube.ide.mcu.externaltools.gnu-tools-for-stm32.11.3.rel1.win32_1.1.0.202305231506/tools/bin/../lib/gcc/arm-none-eabi/11.3.1/../../../../arm-none-eabi/lib/thumb/v7-m/nofp\libc_nano.a(libc_a-strchr.o)
                0x00000000080045ea                strchr
 .text.strtok   0x0000000008004604       0x68 C:/ST/STM32CubeIDE_1.12.1/STM32CubeIDE/plugins/com.st.stm32cube.ide.mcu.externaltools.gnu-tools-for-stm32.11.3.rel1.win32_1.1.0.202305231506/tools/bin/../lib/gcc/arm-none-eabi/11.3.1/../../../../arm-none-eabi/lib/thumb/v7-m/nofp\libc_nano.a(libc_a-strtok.o)
                0x0000000008004604                strtok
 .text.__strtok_r
                0x000000000800466c       0x50 C:/ST/STM32CubeIDE_1.12.1/STM32CubeIDE/plugins/com.st.stm32cube.ide.mcu.externaltools.gnu-tools-for-stm32.11.3.rel1.win32_1.1.0.202305231506/tools/bin/../lib/gcc/arm-none-eabi/11.3.1/../../../../arm-none-eabi/lib/thumb/v7-m/nofp\libc_nano.a(libc_a-strtok_r.o)
                0x000000000800466c                __strtok_r
 .text.strstr   0x00000000080046bc       0x2c C:/ST/STM32CubeIDE_1.12.1/STM32CubeIDE/plugins/com.st.stm32cube.ide.mcu.externaltools.gnu-tools-for-stm32.11.3.rel1.win32_1.1.0.202305231506/tools/bin/../lib/gcc/arm-none-eabi/11.3.1/../../../../arm-none-eabi/lib/thumb/v7-m/nofp\libc_nano.a(libc_a-strstr.o)
                0x00000000080046bc                strstr
 .text._close_r
                0x00000000080046e8       0x20 C:/ST/STM32CubeIDE_1.12.1/STM32CubeIDE/plugins/com.st.stm32cube.ide.mcu.externaltools.gnu-tools-for-stm32.11.3.rel1.win32_1.1.0.202305231506/tools/bin/../lib/gcc/arm-none-eabi/11.3.1/../../../../arm-none-eabi/lib/thumb/v7-m/nofp\libc_nano.a(libc_a-closer.o)
                0x00000000080046e8                _close_r
 .text._lseek_r
                0x0000000008004708       0x24 C:/ST/STM32CubeIDE_1.12.1/STM32CubeIDE/plugins/com.st.stm32cube.ide.mcu.externaltools.gnu-tools-for-stm32.11.3.rel1.win32_1.1.0.202305231506/tools/bin/../lib/gcc/arm-none-eabi/11.3.1/../../../../arm-none-eabi/lib/thumb/v7-m/nofp\libc_nano.a(libc_a-lseekr.o)
                0x0000000008004708                _lseek_r
 .text._read_r  0x000000000800472c       0x24 C:/ST/STM32CubeIDE_1.12.1/STM32CubeIDE/plugins/com.st.stm32cube.ide.mcu.externaltools.gnu-tools-for-stm32.11.3.rel1.win32_1.1.0.202305231506/tools/bin/../lib/gcc/arm-none-eabi/11.3.1/../../../../arm-none-eabi/lib/thumb/v7-m/nofp\libc_nano.a(libc_a-readr.o)
                0x000000000800472c                _read_r
 .text._write_r
                0x0000000008004750       0x24 C:/ST/STM32CubeIDE_1.12.1/STM32CubeIDE/plugins/com.st.stm32cube.ide.mcu.externaltools.gnu-tools-for-stm32.11.3.rel1.win32_1.1.0.202305231506/tools/bin/../lib/gcc/arm-none-eabi/11.3.1/../../../../arm-none-eabi/lib/thumb/v7-m/nofp\libc_nano.a(libc_a-writer.o)
                0x0000000008004750                _write_r
 .text.__errno  0x0000000008004774        0xc C:/ST/STM32CubeIDE_1.12.1/STM32CubeIDE/plugins/com.st.stm32cube.ide.mcu.externaltools.gnu-tools-for-stm32.11.3.rel1.win32_1.1.0.202305231506/tools/bin/../lib/gcc/arm-none-eabi/11.3.1/../../../../arm-none-eabi/lib/thumb/v7-m/nofp\libc_nano.a(libc_a-errno.o)
                0x0000000008004774                __errno
 .text.__libc_init_array
                0x0000000008004780       0x48 C:/ST/STM32CubeIDE_1.12.1/STM32CubeIDE/plugins/com.st.stm32cube.ide.mcu.externaltools.gnu-tools-for-stm32.11.3.rel1.win32_1.1.0.202305231506/tools/bin/../lib/gcc/arm-none-eabi/11.3.1/../../../../arm-none-eabi/lib/thumb/v7-m/nofp\libc_nano.a(libc_a-init.o)
                0x0000000008004780                __libc_init_array
 .text.__retarget_lock_acquire_recursive
                0x00000000080047c8        0x2 C:/ST/STM32CubeIDE_1.12.1/STM32CubeIDE/plugins/com.st.stm32cube.ide.mcu.externaltools.gnu-tools-for-stm32.11.3.rel1.win32_1.1.0.202305231506/tools/bin/../lib/gcc/arm-none-eabi/11.3.1/../../../../arm-none-eabi/lib/thumb/v7-m/nofp\libc_nano.a(libc_a-lock.o)
                0x00000000080047c8                __retarget_lock_acquire_recursive
 .text.__retarget_lock_release_recursive
                0x00000000080047ca        0x2 C:/ST/STM32CubeIDE_1.12.1/STM32CubeIDE/plugins/com.st.stm32cube.ide.mcu.externaltools.gnu-tools-for-stm32.11.3.rel1.win32_1.1.0.202305231506/tools/bin/../lib/gcc/arm-none-eabi/11.3.1/../../../../arm-none-eabi/lib/thumb/v7-m/nofp\libc_nano.a(libc_a-lock.o)
                0x00000000080047ca                __retarget_lock_release_recursive
 .text.__assert_func
                0x00000000080047cc       0x3c C:/ST/STM32CubeIDE_1.12.1/STM32CubeIDE/plugins/com.st.stm32cube.ide.mcu.externaltools.gnu-tools-for-stm32.11.3.rel1.win32_1.1.0.202305231506/tools/bin/../lib/gcc/arm-none-eabi/11.3.1/../../../../arm-none-eabi/lib/thumb/v7-m/nofp\libc_nano.a(libc_a-assert.o)
                0x00000000080047cc                __assert_func
 .text._free_r  0x0000000008004808       0x90 C:/ST/STM32CubeIDE_1.12.1/STM32CubeIDE/plugins/com.st.stm32cube.ide.mcu.externaltools.gnu-tools-for-stm32.11.3.rel1.win32_1.1.0.202305231506/tools/bin/../lib/gcc/arm-none-eabi/11.3.1/../../../../arm-none-eabi/lib/thumb/v7-m/nofp\libc_nano.a(libc_a-freer.o)
                0x0000000008004808                _free_r
 .text.malloc   0x0000000008004898       0x10 C:/ST/STM32CubeIDE_1.12.1/STM32CubeIDE/plugins/com.st.stm32cube.ide.mcu.externaltools.gnu-tools-for-stm32.11.3.rel1.win32_1.1.0.202305231506/tools/bin/../lib/gcc/arm-none-eabi/11.3.1/../../../../arm-none-eabi/lib/thumb/v7-m/nofp\libc_nano.a(libc_a-malloc.o)
                0x0000000008004898                malloc
 .text.sbrk_aligned
                0x00000000080048a8       0x40 C:/ST/STM32CubeIDE_1.12.1/STM32CubeIDE/plugins/com.st.stm32cube.ide.mcu.externaltools.gnu-tools-for-stm32.11.3.rel1.win32_1.1.0.202305231506/tools/bin/../lib/gcc/arm-none-eabi/11.3.1/../../../../arm-none-eabi/lib/thumb/v7-m/nofp\libc_nano.a(libc_a-mallocr.o)
 .text._malloc_r
                0x00000000080048e8      0x100 C:/ST/STM32CubeIDE_1.12.1/STM32CubeIDE/plugins/com.st.stm32cube.ide.mcu.externaltools.gnu-tools-for-stm32.11.3.rel1.win32_1.1.0.202305231506/tools/bin/../lib/gcc/arm-none-eabi/11.3.1/../../../../arm-none-eabi/lib/thumb/v7-m/nofp\libc_nano.a(libc_a-mallocr.o)
                0x00000000080048e8                _malloc_r
 .text.__malloc_lock
                0x00000000080049e8        0xc C:/ST/STM32CubeIDE_1.12.1/STM32CubeIDE/plugins/com.st.stm32cube.ide.mcu.externaltools.gnu-tools-for-stm32.11.3.rel1.win32_1.1.0.202305231506/tools/bin/../lib/gcc/arm-none-eabi/11.3.1/../../../../arm-none-eabi/lib/thumb/v7-m/nofp\libc_nano.a(libc_a-mlock.o)
                0x00000000080049e8                __malloc_lock
 .text.__malloc_unlock
                0x00000000080049f4        0xc C:/ST/STM32CubeIDE_1.12.1/STM32CubeIDE/plugins/com.st.stm32cube.ide.mcu.externaltools.gnu-tools-for-stm32.11.3.rel1.win32_1.1.0.202305231506/tools/bin/../lib/gcc/arm-none-eabi/11.3.1/../../../../arm-none-eabi/lib/thumb/v7-m/nofp\libc_nano.a(libc_a-mlock.o)
                0x00000000080049f4                __malloc_unlock
 .text.__ssputs_r
                0x0000000008004a00       0xb4 C:/ST/STM32CubeIDE_1.12.1/STM32CubeIDE/plugins/com.st.stm32cube.ide.mcu.externaltools.gnu-tools-for-stm32.11.3.rel1.win32_1.1.0.202305231506/tools/bin/../lib/gcc/arm-none-eabi/11.3.1/../../../../arm-none-eabi/lib/thumb/v7-m/nofp\libc_nano.a(libc_a-nano-svfprintf.o)
                0x0000000008004a00                __ssputs_r
 .text._svfprintf_r
                0x0000000008004ab4      0x1fc C:/ST/STM32CubeIDE_1.12.1/STM32CubeIDE/plugins/com.st.stm32cube.ide.mcu.externaltools.gnu-tools-for-stm32.11.3.rel1.win32_1.1.0.202305231506/tools/bin/../lib/gcc/arm-none-eabi/11.3.1/../../../../arm-none-eabi/lib/thumb/v7-m/nofp\libc_nano.a(libc_a-nano-svfprintf.o)
                0x0000000008004ab4                _svfiprintf_r
                0x0000000008004ab4                _svfprintf_r
 .text._printf_common
                0x0000000008004cb0       0xe4 C:/ST/STM32CubeIDE_1.12.1/STM32CubeIDE/plugins/com.st.stm32cube.ide.mcu.externaltools.gnu-tools-for-stm32.11.3.rel1.win32_1.1.0.202305231506/tools/bin/../lib/gcc/arm-none-eabi/11.3.1/../../../../arm-none-eabi/lib/thumb/v7-m/nofp\libc_nano.a(libc_a-nano-vfprintf_i.o)
                0x0000000008004cb0                _printf_common
 .text._printf_i
                0x0000000008004d94      0x244 C:/ST/STM32CubeIDE_1.12.1/STM32CubeIDE/plugins/com.st.stm32cube.ide.mcu.externaltools.gnu-tools-for-stm32.11.3.rel1.win32_1.1.0.202305231506/tools/bin/../lib/gcc/arm-none-eabi/11.3.1/../../../../arm-none-eabi/lib/thumb/v7-m/nofp\libc_nano.a(libc_a-nano-vfprintf_i.o)
                0x0000000008004d94                _printf_i
 .text.__sflush_r
                0x0000000008004fd8      0x104 C:/ST/STM32CubeIDE_1.12.1/STM32CubeIDE/plugins/com.st.stm32cube.ide.mcu.externaltools.gnu-tools-for-stm32.11.3.rel1.win32_1.1.0.202305231506/tools/bin/../lib/gcc/arm-none-eabi/11.3.1/../../../../arm-none-eabi/lib/thumb/v7-m/nofp\libc_nano.a(libc_a-fflush.o)
                0x0000000008004fd8                __sflush_r
 .text._fflush_r
                0x00000000080050dc       0x50 C:/ST/STM32CubeIDE_1.12.1/STM32CubeIDE/plugins/com.st.stm32cube.ide.mcu.externaltools.gnu-tools-for-stm32.11.3.rel1.win32_1.1.0.202305231506/tools/bin/../lib/gcc/arm-none-eabi/11.3.1/../../../../arm-none-eabi/lib/thumb/v7-m/nofp\libc_nano.a(libc_a-fflush.o)
                0x00000000080050dc                _fflush_r
 .text.fprintf  0x000000000800512c       0x24 C:/ST/STM32CubeIDE_1.12.1/STM32CubeIDE/plugins/com.st.stm32cube.ide.mcu.externaltools.gnu-tools-for-stm32.11.3.rel1.win32_1.1.0.202305231506/tools/bin/../lib/gcc/arm-none-eabi/11.3.1/../../../../arm-none-eabi/lib/thumb/v7-m/nofp\libc_nano.a(libc_a-fprintf.o)
                0x000000000800512c                fiprintf
                0x000000000800512c                fprintf
 .text.memmove  0x0000000008005150       0x34 C:/ST/STM32CubeIDE_1.12.1/STM32CubeIDE/plugins/com.st.stm32cube.ide.mcu.externaltools.gnu-tools-for-stm32.11.3.rel1.win32_1.1.0.202305231506/tools/bin/../lib/gcc/arm-none-eabi/11.3.1/../../../../arm-none-eabi/lib/thumb/v7-m/nofp\libc_nano.a(libc_a-memmove.o)
                0x0000000008005150                memmove
 .text._sbrk_r  0x0000000008005184       0x20 C:/ST/STM32CubeIDE_1.12.1/STM32CubeIDE/plugins/com.st.stm32cube.ide.mcu.externaltools.gnu-tools-for-stm32.11.3.rel1.win32_1.1.0.202305231506/tools/bin/../lib/gcc/arm-none-eabi/11.3.1/../../../../arm-none-eabi/lib/thumb/v7-m/nofp\libc_nano.a(libc_a-sbrkr.o)
                0x0000000008005184                _sbrk_r
 .text.memchr   0x00000000080051a4       0x1c C:/ST/STM32CubeIDE_1.12.1/STM32CubeIDE/plugins/com.st.stm32cube.ide.mcu.externaltools.gnu-tools-for-stm32.11.3.rel1.win32_1.1.0.202305231506/tools/bin/../lib/gcc/arm-none-eabi/11.3.1/../../../../arm-none-eabi/lib/thumb/v7-m/nofp\libc_nano.a(libc_a-memchr-stub.o)
                0x00000000080051a4                memchr
 .text.memcpy   0x00000000080051c0       0x1c C:/ST/STM32CubeIDE_1.12.1/STM32CubeIDE/plugins/com.st.stm32cube.ide.mcu.externaltools.gnu-tools-for-stm32.11.3.rel1.win32_1.1.0.202305231506/tools/bin/../lib/gcc/arm-none-eabi/11.3.1/../../../../arm-none-eabi/lib/thumb/v7-m/nofp\libc_nano.a(libc_a-memcpy-stub.o)
                0x00000000080051c0                memcpy
 .text.abort    0x00000000080051dc        0xe C:/ST/STM32CubeIDE_1.12.1/STM32CubeIDE/plugins/com.st.stm32cube.ide.mcu.externaltools.gnu-tools-for-stm32.11.3.rel1.win32_1.1.0.202305231506/tools/bin/../lib/gcc/arm-none-eabi/11.3.1/../../../../arm-none-eabi/lib/thumb/v7-m/nofp\libc_nano.a(libc_a-abort.o)
                0x00000000080051dc                abort
 .text._realloc_r
                0x00000000080051ea       0x5e C:/ST/STM32CubeIDE_1.12.1/STM32CubeIDE/plugins/com.st.stm32cube.ide.mcu.externaltools.gnu-tools-for-stm32.11.3.rel1.win32_1.1.0.202305231506/tools/bin/../lib/gcc/arm-none-eabi/11.3.1/../../../../arm-none-eabi/lib/thumb/v7-m/nofp\libc_nano.a(libc_a-reallocr.o)
                0x00000000080051ea                _realloc_r
 .text.__sfputc_r
                0x0000000008005248       0x2a C:/ST/STM32CubeIDE_1.12.1/STM32CubeIDE/plugins/com.st.stm32cube.ide.mcu.externaltools.gnu-tools-for-stm32.11.3.rel1.win32_1.1.0.202305231506/tools/bin/../lib/gcc/arm-none-eabi/11.3.1/../../../../arm-none-eabi/lib/thumb/v7-m/nofp\libc_nano.a(libc_a-nano-vfprintf.o)
 .text.__sfputs_r
                0x0000000008005272       0x24 C:/ST/STM32CubeIDE_1.12.1/STM32CubeIDE/plugins/com.st.stm32cube.ide.mcu.externaltools.gnu-tools-for-stm32.11.3.rel1.win32_1.1.0.202305231506/tools/bin/../lib/gcc/arm-none-eabi/11.3.1/../../../../arm-none-eabi/lib/thumb/v7-m/nofp\libc_nano.a(libc_a-nano-vfprintf.o)
                0x0000000008005272                __sfputs_r
 *fill*         0x0000000008005296        0x2 
 .text._vfprintf_r
                0x0000000008005298      0x234 C:/ST/STM32CubeIDE_1.12.1/STM32CubeIDE/plugins/com.st.stm32cube.ide.mcu.externaltools.gnu-tools-for-stm32.11.3.rel1.win32_1.1.0.202305231506/tools/bin/../lib/gcc/arm-none-eabi/11.3.1/../../../../arm-none-eabi/lib/thumb/v7-m/nofp\libc_nano.a(libc_a-nano-vfprintf.o)
                0x0000000008005298                _vfprintf_r
                0x0000000008005298                _vfiprintf_r
 .text.__swbuf_r
                0x00000000080054cc       0x7a C:/ST/STM32CubeIDE_1.12.1/STM32CubeIDE/plugins/com.st.stm32cube.ide.mcu.externaltools.gnu-tools-for-stm32.11.3.rel1.win32_1.1.0.202305231506/tools/bin/../lib/gcc/arm-none-eabi/11.3.1/../../../../arm-none-eabi/lib/thumb/v7-m/nofp\libc_nano.a(libc_a-wbuf.o)
                0x00000000080054cc                __swbuf_r
 *fill*         0x0000000008005546        0x2 
 .text.__swsetup_r
                0x0000000008005548       0xb0 C:/ST/STM32CubeIDE_1.12.1/STM32CubeIDE/plugins/com.st.stm32cube.ide.mcu.externaltools.gnu-tools-for-stm32.11.3.rel1.win32_1.1.0.202305231506/tools/bin/../lib/gcc/arm-none-eabi/11.3.1/../../../../arm-none-eabi/lib/thumb/v7-m/nofp\libc_nano.a(libc_a-wsetup.o)
                0x0000000008005548                __swsetup_r
 .text._raise_r
                0x00000000080055f8       0x50 C:/ST/STM32CubeIDE_1.12.1/STM32CubeIDE/plugins/com.st.stm32cube.ide.mcu.externaltools.gnu-tools-for-stm32.11.3.rel1.win32_1.1.0.202305231506/tools/bin/../lib/gcc/arm-none-eabi/11.3.1/../../../../arm-none-eabi/lib/thumb/v7-m/nofp\libc_nano.a(libc_a-signal.o)
                0x00000000080055f8                _raise_r
 .text.raise    0x0000000008005648       0x10 C:/ST/STM32CubeIDE_1.12.1/STM32CubeIDE/plugins/com.st.stm32cube.ide.mcu.externaltools.gnu-tools-for-stm32.11.3.rel1.win32_1.1.0.202305231506/tools/bin/../lib/gcc/arm-none-eabi/11.3.1/../../../../arm-none-eabi/lib/thumb/v7-m/nofp\libc_nano.a(libc_a-signal.o)
                0x0000000008005648                raise
 .text._kill_r  0x0000000008005658       0x24 C:/ST/STM32CubeIDE_1.12.1/STM32CubeIDE/plugins/com.st.stm32cube.ide.mcu.externaltools.gnu-tools-for-stm32.11.3.rel1.win32_1.1.0.202305231506/tools/bin/../lib/gcc/arm-none-eabi/11.3.1/../../../../arm-none-eabi/lib/thumb/v7-m/nofp\libc_nano.a(libc_a-signalr.o)
                0x0000000008005658                _kill_r
 .text._getpid_r
                0x000000000800567c        0x4 C:/ST/STM32CubeIDE_1.12.1/STM32CubeIDE/plugins/com.st.stm32cube.ide.mcu.externaltools.gnu-tools-for-stm32.11.3.rel1.win32_1.1.0.202305231506/tools/bin/../lib/gcc/arm-none-eabi/11.3.1/../../../../arm-none-eabi/lib/thumb/v7-m/nofp\libc_nano.a(libc_a-signalr.o)
                0x000000000800567c                _getpid_r
 .text._malloc_usable_size_r
                0x0000000008005680       0x10 C:/ST/STM32CubeIDE_1.12.1/STM32CubeIDE/plugins/com.st.stm32cube.ide.mcu.externaltools.gnu-tools-for-stm32.11.3.rel1.win32_1.1.0.202305231506/tools/bin/../lib/gcc/arm-none-eabi/11.3.1/../../../../arm-none-eabi/lib/thumb/v7-m/nofp\libc_nano.a(libc_a-msizer.o)
                0x0000000008005680                _malloc_usable_size_r
 .text.__swhatbuf_r
                0x0000000008005690       0x4a C:/ST/STM32CubeIDE_1.12.1/STM32CubeIDE/plugins/com.st.stm32cube.ide.mcu.externaltools.gnu-tools-for-stm32.11.3.rel1.win32_1.1.0.202305231506/tools/bin/../lib/gcc/arm-none-eabi/11.3.1/../../../../arm-none-eabi/lib/thumb/v7-m/nofp\libc_nano.a(libc_a-makebuf.o)
                0x0000000008005690                __swhatbuf_r
 .text.__smakebuf_r
                0x00000000080056da       0x78 C:/ST/STM32CubeIDE_1.12.1/STM32CubeIDE/plugins/com.st.stm32cube.ide.mcu.externaltools.gnu-tools-for-stm32.11.3.rel1.win32_1.1.0.202305231506/tools/bin/../lib/gcc/arm-none-eabi/11.3.1/../../../../arm-none-eabi/lib/thumb/v7-m/nofp\libc_nano.a(libc_a-makebuf.o)
                0x00000000080056da                __smakebuf_r
 *fill*         0x0000000008005752        0x2 
 .text._fstat_r
                0x0000000008005754       0x24 C:/ST/STM32CubeIDE_1.12.1/STM32CubeIDE/plugins/com.st.stm32cube.ide.mcu.externaltools.gnu-tools-for-stm32.11.3.rel1.win32_1.1.0.202305231506/tools/bin/../lib/gcc/arm-none-eabi/11.3.1/../../../../arm-none-eabi/lib/thumb/v7-m/nofp\libc_nano.a(libc_a-fstatr.o)
                0x0000000008005754                _fstat_r
 .text._isatty_r
                0x0000000008005778       0x20 C:/ST/STM32CubeIDE_1.12.1/STM32CubeIDE/plugins/com.st.stm32cube.ide.mcu.externaltools.gnu-tools-for-stm32.11.3.rel1.win32_1.1.0.202305231506/tools/bin/../lib/gcc/arm-none-eabi/11.3.1/../../../../arm-none-eabi/lib/thumb/v7-m/nofp\libc_nano.a(libc_a-isattyr.o)
                0x0000000008005778                _isatty_r
 *(.glue_7)
 .glue_7        0x0000000008005798        0x0 linker stubs
 *(.glue_7t)
 .glue_7t       0x0000000008005798        0x0 linker stubs
 *(.eh_frame)
 .eh_frame      0x0000000008005798        0x0 C:/ST/STM32CubeIDE_1.12.1/STM32CubeIDE/plugins/com.st.stm32cube.ide.mcu.externaltools.gnu-tools-for-stm32.11.3.rel1.win32_1.1.0.202305231506/tools/bin/../lib/gcc/arm-none-eabi/11.3.1/thumb/v7-m/nofp/crtbegin.o
 *(.init)
 .init          0x0000000008005798        0x4 C:/ST/STM32CubeIDE_1.12.1/STM32CubeIDE/plugins/com.st.stm32cube.ide.mcu.externaltools.gnu-tools-for-stm32.11.3.rel1.win32_1.1.0.202305231506/tools/bin/../lib/gcc/arm-none-eabi/11.3.1/thumb/v7-m/nofp/crti.o
                0x0000000008005798                _init
 .init          0x000000000800579c        0x8 C:/ST/STM32CubeIDE_1.12.1/STM32CubeIDE/plugins/com.st.stm32cube.ide.mcu.externaltools.gnu-tools-for-stm32.11.3.rel1.win32_1.1.0.202305231506/tools/bin/../lib/gcc/arm-none-eabi/11.3.1/thumb/v7-m/nofp/crtn.o
 *(.fini)
 .fini          0x00000000080057a4        0x4 C:/ST/STM32CubeIDE_1.12.1/STM32CubeIDE/plugins/com.st.stm32cube.ide.mcu.externaltools.gnu-tools-for-stm32.11.3.rel1.win32_1.1.0.202305231506/tools/bin/../lib/gcc/arm-none-eabi/11.3.1/thumb/v7-m/nofp/crti.o
                0x00000000080057a4                _fini
 .fini          0x00000000080057a8        0x8 C:/ST/STM32CubeIDE_1.12.1/STM32CubeIDE/plugins/com.st.stm32cube.ide.mcu.externaltools.gnu-tools-for-stm32.11.3.rel1.win32_1.1.0.202305231506/tools/bin/../lib/gcc/arm-none-eabi/11.3.1/thumb/v7-m/nofp/crtn.o
                0x00000000080057b0                . = ALIGN (0x4)
                0x00000000080057b0                _etext = .

.vfp11_veneer   0x00000000080057b0        0x0
 .vfp11_veneer  0x00000000080057b0        0x0 linker stubs

.v4_bx          0x00000000080057b0        0x0
 .v4_bx         0x00000000080057b0        0x0 linker stubs

.iplt           0x00000000080057b0        0x0
 .iplt          0x00000000080057b0        0x0 C:/ST/STM32CubeIDE_1.12.1/STM32CubeIDE/plugins/com.st.stm32cube.ide.mcu.externaltools.gnu-tools-for-stm32.11.3.rel1.win32_1.1.0.202305231506/tools/bin/../lib/gcc/arm-none-eabi/11.3.1/thumb/v7-m/nofp/crtbegin.o

.rodata         0x00000000080057b0      0x8a8
                0x00000000080057b0                . = ALIGN (0x4)
 *(.rodata)
 .rodata        0x00000000080057b0      0x2b5 ./Core/Src/gsm.o
 *fill*         0x0000000008005a65        0x3 
 .rodata        0x0000000008005a68      0x1a1 ./Core/Src/main.o
 *(.rodata*)
 *fill*         0x0000000008005c09        0x3 
 .rodata.ASCII  0x0000000008005c0c      0x240 ./Core/Src/nokia5110_LCD.o
 .rodata.AHBPrescTable
                0x0000000008005e4c       0x10 ./Core/Src/system_stm32f1xx.o
                0x0000000008005e4c                AHBPrescTable
 .rodata.APBPrescTable
                0x0000000008005e5c        0x8 ./Core/Src/system_stm32f1xx.o
                0x0000000008005e5c                APBPrescTable
 .rodata.aPLLMULFactorTable.1
                0x0000000008005e64       0x10 ./Drivers/STM32F1xx_HAL_Driver/Src/stm32f1xx_hal_rcc.o
 .rodata.aPredivFactorTable.0
                0x0000000008005e74        0x2 ./Drivers/STM32F1xx_HAL_Driver/Src/stm32f1xx_hal_rcc.o
 .rodata._ctype_
                0x0000000008005e76      0x101 C:/ST/STM32CubeIDE_1.12.1/STM32CubeIDE/plugins/com.st.stm32cube.ide.mcu.externaltools.gnu-tools-for-stm32.11.3.rel1.win32_1.1.0.202305231506/tools/bin/../lib/gcc/arm-none-eabi/11.3.1/../../../../arm-none-eabi/lib/thumb/v7-m/nofp\libc_nano.a(libc_a-ctype_.o)
                0x0000000008005e76                _ctype_
 .rodata.strtok.str1.1
                0x0000000008005f77       0x71 C:/ST/STM32CubeIDE_1.12.1/STM32CubeIDE/plugins/com.st.stm32cube.ide.mcu.externaltools.gnu-tools-for-stm32.11.3.rel1.win32_1.1.0.202305231506/tools/bin/../lib/gcc/arm-none-eabi/11.3.1/../../../../arm-none-eabi/lib/thumb/v7-m/nofp\libc_nano.a(libc_a-strtok.o)
 .rodata.__assert_func.str1.1
                0x0000000008005fe8       0x3c C:/ST/STM32CubeIDE_1.12.1/STM32CubeIDE/plugins/com.st.stm32cube.ide.mcu.externaltools.gnu-tools-for-stm32.11.3.rel1.win32_1.1.0.202305231506/tools/bin/../lib/gcc/arm-none-eabi/11.3.1/../../../../arm-none-eabi/lib/thumb/v7-m/nofp\libc_nano.a(libc_a-assert.o)
                                         0x3d (size before relaxing)
 .rodata._svfprintf_r.str1.1
                0x0000000008006024       0x11 C:/ST/STM32CubeIDE_1.12.1/STM32CubeIDE/plugins/com.st.stm32cube.ide.mcu.externaltools.gnu-tools-for-stm32.11.3.rel1.win32_1.1.0.202305231506/tools/bin/../lib/gcc/arm-none-eabi/11.3.1/../../../../arm-none-eabi/lib/thumb/v7-m/nofp\libc_nano.a(libc_a-nano-svfprintf.o)
 .rodata._printf_i.str1.1
                0x0000000008006035       0x22 C:/ST/STM32CubeIDE_1.12.1/STM32CubeIDE/plugins/com.st.stm32cube.ide.mcu.externaltools.gnu-tools-for-stm32.11.3.rel1.win32_1.1.0.202305231506/tools/bin/../lib/gcc/arm-none-eabi/11.3.1/../../../../arm-none-eabi/lib/thumb/v7-m/nofp\libc_nano.a(libc_a-nano-vfprintf_i.o)
 .rodata._vfprintf_r.str1.1
                0x0000000008006057       0x11 C:/ST/STM32CubeIDE_1.12.1/STM32CubeIDE/plugins/com.st.stm32cube.ide.mcu.externaltools.gnu-tools-for-stm32.11.3.rel1.win32_1.1.0.202305231506/tools/bin/../lib/gcc/arm-none-eabi/11.3.1/../../../../arm-none-eabi/lib/thumb/v7-m/nofp\libc_nano.a(libc_a-nano-vfprintf.o)
                0x0000000008006068                . = ALIGN (0x4)
 *fill*         0x0000000008006057        0x1 

.rel.dyn        0x0000000008006058        0x0
 .rel.iplt      0x0000000008006058        0x0 C:/ST/STM32CubeIDE_1.12.1/STM32CubeIDE/plugins/com.st.stm32cube.ide.mcu.externaltools.gnu-tools-for-stm32.11.3.rel1.win32_1.1.0.202305231506/tools/bin/../lib/gcc/arm-none-eabi/11.3.1/thumb/v7-m/nofp/crtbegin.o

.ARM.extab      0x0000000008006058        0x0
                0x0000000008006058                . = ALIGN (0x4)
 *(.ARM.extab* .gnu.linkonce.armextab.*)
                0x0000000008006058                . = ALIGN (0x4)

.ARM            0x0000000008006058        0x0
                0x0000000008006058                . = ALIGN (0x4)
                0x0000000008006058                __exidx_start = .
 *(.ARM.exidx*)
                0x0000000008006058                __exidx_end = .
                0x0000000008006058                . = ALIGN (0x4)

.preinit_array  0x0000000008006058        0x0
                0x0000000008006058                . = ALIGN (0x4)
                0x0000000008006058                PROVIDE (__preinit_array_start = .)
 *(.preinit_array*)
                0x0000000008006058                PROVIDE (__preinit_array_end = .)
                0x0000000008006058                . = ALIGN (0x4)

.init_array     0x0000000008006058        0x4
                0x0000000008006058                . = ALIGN (0x4)
                0x0000000008006058                PROVIDE (__init_array_start = .)
 *(SORT_BY_NAME(.init_array.*))
 *(.init_array*)
 .init_array    0x0000000008006058        0x4 C:/ST/STM32CubeIDE_1.12.1/STM32CubeIDE/plugins/com.st.stm32cube.ide.mcu.externaltools.gnu-tools-for-stm32.11.3.rel1.win32_1.1.0.202305231506/tools/bin/../lib/gcc/arm-none-eabi/11.3.1/thumb/v7-m/nofp/crtbegin.o
                0x000000000800605c                PROVIDE (__init_array_end = .)
                0x000000000800605c                . = ALIGN (0x4)

.fini_array     0x000000000800605c        0x4
                0x000000000800605c                . = ALIGN (0x4)
                [!provide]                        PROVIDE (__fini_array_start = .)
 *(SORT_BY_NAME(.fini_array.*))
 *(.fini_array*)
 .fini_array    0x000000000800605c        0x4 C:/ST/STM32CubeIDE_1.12.1/STM32CubeIDE/plugins/com.st.stm32cube.ide.mcu.externaltools.gnu-tools-for-stm32.11.3.rel1.win32_1.1.0.202305231506/tools/bin/../lib/gcc/arm-none-eabi/11.3.1/thumb/v7-m/nofp/crtbegin.o
                [!provide]                        PROVIDE (__fini_array_end = .)
                0x0000000008006060                . = ALIGN (0x4)
                0x0000000008006060                _sidata = LOADADDR (.data)

.data           0x0000000020000000       0x6c load address 0x0000000008006060
                0x0000000020000000                . = ALIGN (0x4)
                0x0000000020000000                _sdata = .
 *(.data)
 *(.data*)
 .data.status_counter
                0x0000000020000000        0x1 ./Core/Src/main.o
                0x0000000020000000                status_counter
 *fill*         0x0000000020000001        0x3 
 .data.SystemCoreClock
                0x0000000020000004        0x4 ./Core/Src/system_stm32f1xx.o
                0x0000000020000004                SystemCoreClock
 .data.uwTickPrio
                0x0000000020000008        0x4 ./Drivers/STM32F1xx_HAL_Driver/Src/stm32f1xx_hal.o
                0x0000000020000008                uwTickPrio
 .data.uwTickFreq
                0x000000002000000c        0x1 ./Drivers/STM32F1xx_HAL_Driver/Src/stm32f1xx_hal.o
                0x000000002000000c                uwTickFreq
 *fill*         0x000000002000000d        0x3 
 .data.__sglue  0x0000000020000010        0xc C:/ST/STM32CubeIDE_1.12.1/STM32CubeIDE/plugins/com.st.stm32cube.ide.mcu.externaltools.gnu-tools-for-stm32.11.3.rel1.win32_1.1.0.202305231506/tools/bin/../lib/gcc/arm-none-eabi/11.3.1/../../../../arm-none-eabi/lib/thumb/v7-m/nofp\libc_nano.a(libc_a-findfp.o)
                0x0000000020000010                __sglue
 .data._impure_data
                0x000000002000001c       0x4c C:/ST/STM32CubeIDE_1.12.1/STM32CubeIDE/plugins/com.st.stm32cube.ide.mcu.externaltools.gnu-tools-for-stm32.11.3.rel1.win32_1.1.0.202305231506/tools/bin/../lib/gcc/arm-none-eabi/11.3.1/../../../../arm-none-eabi/lib/thumb/v7-m/nofp\libc_nano.a(libc_a-impure.o)
                0x000000002000001c                _impure_data
 .data._impure_ptr
                0x0000000020000068        0x4 C:/ST/STM32CubeIDE_1.12.1/STM32CubeIDE/plugins/com.st.stm32cube.ide.mcu.externaltools.gnu-tools-for-stm32.11.3.rel1.win32_1.1.0.202305231506/tools/bin/../lib/gcc/arm-none-eabi/11.3.1/../../../../arm-none-eabi/lib/thumb/v7-m/nofp\libc_nano.a(libc_a-impure.o)
                0x0000000020000068                _impure_ptr
 *(.RamFunc)
 *(.RamFunc*)
                0x000000002000006c                . = ALIGN (0x4)
                0x000000002000006c                _edata = .

.igot.plt       0x000000002000006c        0x0 load address 0x00000000080060cc
 .igot.plt      0x000000002000006c        0x0 C:/ST/STM32CubeIDE_1.12.1/STM32CubeIDE/plugins/com.st.stm32cube.ide.mcu.externaltools.gnu-tools-for-stm32.11.3.rel1.win32_1.1.0.202305231506/tools/bin/../lib/gcc/arm-none-eabi/11.3.1/thumb/v7-m/nofp/crtbegin.o
                0x000000002000006c                . = ALIGN (0x4)

.bss            0x000000002000006c      0x548 load address 0x00000000080060cc
                0x000000002000006c                _sbss = .
                0x000000002000006c                __bss_start__ = _sbss
 *(.bss)
 .bss           0x000000002000006c       0x1c C:/ST/STM32CubeIDE_1.12.1/STM32CubeIDE/plugins/com.st.stm32cube.ide.mcu.externaltools.gnu-tools-for-stm32.11.3.rel1.win32_1.1.0.202305231506/tools/bin/../lib/gcc/arm-none-eabi/11.3.1/thumb/v7-m/nofp/crtbegin.o
 *(.bss*)
 .bss.num       0x0000000020000088        0x4 ./Core/Src/gsm.o
                0x0000000020000088                num
 .bss.counter   0x000000002000008c        0x1 ./Core/Src/gsm.o
                0x000000002000008c                counter
 *fill*         0x000000002000008d        0x3 
 .bss.htim1     0x0000000020000090       0x48 ./Core/Src/main.o
                0x0000000020000090                htim1
 .bss.huart1    0x00000000200000d8       0x48 ./Core/Src/main.o
                0x00000000200000d8                huart1
 .bss.huart2    0x0000000020000120       0x48 ./Core/Src/main.o
                0x0000000020000120                huart2
 .bss.flag_alarm
                0x0000000020000168        0x1 ./Core/Src/main.o
                0x0000000020000168                flag_alarm
 .bss.flag_signal
                0x0000000020000169        0x1 ./Core/Src/main.o
                0x0000000020000169                flag_signal
 *fill*         0x000000002000016a        0x2 
 .bss.dbi       0x000000002000016c        0x7 ./Core/Src/main.o
                0x000000002000016c                dbi
 *fill*         0x0000000020000173        0x1 
 .bss.operator  0x0000000020000174        0xe ./Core/Src/main.o
                0x0000000020000174                operator
 *fill*         0x0000000020000182        0x2 
 .bss.bat       0x0000000020000184        0x4 ./Core/Src/main.o
                0x0000000020000184                bat
 .bss.sig       0x0000000020000188        0x4 ./Core/Src/main.o
                0x0000000020000188                sig
 .bss.numbers   0x000000002000018c       0x28 ./Core/Src/main.o
                0x000000002000018c                numbers
 .bss.lcd       0x00000000200001b4      0x1f9 ./Core/Src/nokia5110_LCD.o
                0x00000000200001b4                lcd
 *fill*         0x00000000200003ad        0x3 
 .bss.lcd_gpio  0x00000000200003b0       0x28 ./Core/Src/nokia5110_LCD.o
                0x00000000200003b0                lcd_gpio
 .bss.__sbrk_heap_end
                0x00000000200003d8        0x4 ./Core/Src/sysmem.o
 .bss.gsm_rx_buffer_head
                0x00000000200003dc        0x1 ./Core/Src/usart_ring.o
                0x00000000200003dc                gsm_rx_buffer_head
 .bss.gsm_rx_buffer_tail
                0x00000000200003dd        0x1 ./Core/Src/usart_ring.o
                0x00000000200003dd                gsm_rx_buffer_tail
 *fill*         0x00000000200003de        0x2 
 .bss.gsm_rx_buffer
                0x00000000200003e0       0x40 ./Core/Src/usart_ring.o
                0x00000000200003e0                gsm_rx_buffer
 .bss.dbg_rx_buffer_head
                0x0000000020000420        0x1 ./Core/Src/usart_ring.o
                0x0000000020000420                dbg_rx_buffer_head
 .bss.dbg_rx_buffer_tail
                0x0000000020000421        0x1 ./Core/Src/usart_ring.o
                0x0000000020000421                dbg_rx_buffer_tail
 *fill*         0x0000000020000422        0x2 
 .bss.dbg_rx_buffer
                0x0000000020000424       0x40 ./Core/Src/usart_ring.o
                0x0000000020000424                dbg_rx_buffer
 .bss.uwTick    0x0000000020000464        0x4 ./Drivers/STM32F1xx_HAL_Driver/Src/stm32f1xx_hal.o
                0x0000000020000464                uwTick
 .bss.__sf      0x0000000020000468      0x138 C:/ST/STM32CubeIDE_1.12.1/STM32CubeIDE/plugins/com.st.stm32cube.ide.mcu.externaltools.gnu-tools-for-stm32.11.3.rel1.win32_1.1.0.202305231506/tools/bin/../lib/gcc/arm-none-eabi/11.3.1/../../../../arm-none-eabi/lib/thumb/v7-m/nofp\libc_nano.a(libc_a-findfp.o)
                0x0000000020000468                __sf
 .bss.__stdio_exit_handler
                0x00000000200005a0        0x4 C:/ST/STM32CubeIDE_1.12.1/STM32CubeIDE/plugins/com.st.stm32cube.ide.mcu.externaltools.gnu-tools-for-stm32.11.3.rel1.win32_1.1.0.202305231506/tools/bin/../lib/gcc/arm-none-eabi/11.3.1/../../../../arm-none-eabi/lib/thumb/v7-m/nofp\libc_nano.a(libc_a-findfp.o)
                0x00000000200005a0                __stdio_exit_handler
 .bss.errno     0x00000000200005a4        0x4 C:/ST/STM32CubeIDE_1.12.1/STM32CubeIDE/plugins/com.st.stm32cube.ide.mcu.externaltools.gnu-tools-for-stm32.11.3.rel1.win32_1.1.0.202305231506/tools/bin/../lib/gcc/arm-none-eabi/11.3.1/../../../../arm-none-eabi/lib/thumb/v7-m/nofp\libc_nano.a(libc_a-reent.o)
                0x00000000200005a4                errno
 .bss.__lock___malloc_recursive_mutex
                0x00000000200005a8        0x1 C:/ST/STM32CubeIDE_1.12.1/STM32CubeIDE/plugins/com.st.stm32cube.ide.mcu.externaltools.gnu-tools-for-stm32.11.3.rel1.win32_1.1.0.202305231506/tools/bin/../lib/gcc/arm-none-eabi/11.3.1/../../../../arm-none-eabi/lib/thumb/v7-m/nofp\libc_nano.a(libc_a-lock.o)
                0x00000000200005a8                __lock___malloc_recursive_mutex
 .bss.__lock___sfp_recursive_mutex
                0x00000000200005a9        0x1 C:/ST/STM32CubeIDE_1.12.1/STM32CubeIDE/plugins/com.st.stm32cube.ide.mcu.externaltools.gnu-tools-for-stm32.11.3.rel1.win32_1.1.0.202305231506/tools/bin/../lib/gcc/arm-none-eabi/11.3.1/../../../../arm-none-eabi/lib/thumb/v7-m/nofp\libc_nano.a(libc_a-lock.o)
                0x00000000200005a9                __lock___sfp_recursive_mutex
 *fill*         0x00000000200005aa        0x2 
 .bss.__malloc_free_list
                0x00000000200005ac        0x4 C:/ST/STM32CubeIDE_1.12.1/STM32CubeIDE/plugins/com.st.stm32cube.ide.mcu.externaltools.gnu-tools-for-stm32.11.3.rel1.win32_1.1.0.202305231506/tools/bin/../lib/gcc/arm-none-eabi/11.3.1/../../../../arm-none-eabi/lib/thumb/v7-m/nofp\libc_nano.a(libc_a-mallocr.o)
                0x00000000200005ac                __malloc_free_list
 .bss.__malloc_sbrk_start
                0x00000000200005b0        0x4 C:/ST/STM32CubeIDE_1.12.1/STM32CubeIDE/plugins/com.st.stm32cube.ide.mcu.externaltools.gnu-tools-for-stm32.11.3.rel1.win32_1.1.0.202305231506/tools/bin/../lib/gcc/arm-none-eabi/11.3.1/../../../../arm-none-eabi/lib/thumb/v7-m/nofp\libc_nano.a(libc_a-mallocr.o)
                0x00000000200005b0                __malloc_sbrk_start
 *(COMMON)
                0x00000000200005b4                . = ALIGN (0x4)
                0x00000000200005b4                _ebss = .
                0x00000000200005b4                __bss_end__ = _ebss

._user_heap_stack
                0x00000000200005b4      0x604 load address 0x00000000080060cc
                0x00000000200005b8                . = ALIGN (0x8)
 *fill*         0x00000000200005b4        0x4 
                [!provide]                        PROVIDE (end = .)
                0x00000000200005b8                PROVIDE (_end = .)
                0x00000000200007b8                . = (. + _Min_Heap_Size)
 *fill*         0x00000000200005b8      0x200 
                0x0000000020000bb8                . = (. + _Min_Stack_Size)
 *fill*         0x00000000200007b8      0x400 
                0x0000000020000bb8                . = ALIGN (0x8)

/DISCARD/
 libc.a(*)
 libm.a(*)
 libgcc.a(*)

.ARM.attributes
                0x0000000000000000       0x29
 *(.ARM.attributes)
 .ARM.attributes
                0x0000000000000000       0x1d C:/ST/STM32CubeIDE_1.12.1/STM32CubeIDE/plugins/com.st.stm32cube.ide.mcu.externaltools.gnu-tools-for-stm32.11.3.rel1.win32_1.1.0.202305231506/tools/bin/../lib/gcc/arm-none-eabi/11.3.1/thumb/v7-m/nofp/crti.o
 .ARM.attributes
                0x000000000000001d       0x2d C:/ST/STM32CubeIDE_1.12.1/STM32CubeIDE/plugins/com.st.stm32cube.ide.mcu.externaltools.gnu-tools-for-stm32.11.3.rel1.win32_1.1.0.202305231506/tools/bin/../lib/gcc/arm-none-eabi/11.3.1/thumb/v7-m/nofp/crtbegin.o
 .ARM.attributes
                0x000000000000004a       0x2d ./Core/Src/gsm.o
 .ARM.attributes
                0x0000000000000077       0x2d ./Core/Src/main.o
 .ARM.attributes
                0x00000000000000a4       0x2d ./Core/Src/nokia5110_LCD.o
 .ARM.attributes
                0x00000000000000d1       0x2d ./Core/Src/stm32f1xx_hal_msp.o
 .ARM.attributes
                0x00000000000000fe       0x2d ./Core/Src/stm32f1xx_it.o
 .ARM.attributes
                0x000000000000012b       0x2d ./Core/Src/syscalls.o
 .ARM.attributes
                0x0000000000000158       0x2d ./Core/Src/sysmem.o
 .ARM.attributes
                0x0000000000000185       0x2d ./Core/Src/system_stm32f1xx.o
 .ARM.attributes
                0x00000000000001b2       0x2d ./Core/Src/usart_ring.o
 .ARM.attributes
                0x00000000000001df       0x21 ./Core/Startup/startup_stm32f103c6tx.o
 .ARM.attributes
                0x0000000000000200       0x2d ./Drivers/STM32F1xx_HAL_Driver/Src/stm32f1xx_hal.o
 .ARM.attributes
                0x000000000000022d       0x2d ./Drivers/STM32F1xx_HAL_Driver/Src/stm32f1xx_hal_cortex.o
 .ARM.attributes
                0x000000000000025a       0x2d ./Drivers/STM32F1xx_HAL_Driver/Src/stm32f1xx_hal_dma.o
 .ARM.attributes
                0x0000000000000287       0x2d ./Drivers/STM32F1xx_HAL_Driver/Src/stm32f1xx_hal_gpio.o
 .ARM.attributes
                0x00000000000002b4       0x2d ./Drivers/STM32F1xx_HAL_Driver/Src/stm32f1xx_hal_rcc.o
 .ARM.attributes
                0x00000000000002e1       0x2d ./Drivers/STM32F1xx_HAL_Driver/Src/stm32f1xx_hal_tim.o
 .ARM.attributes
                0x000000000000030e       0x2d ./Drivers/STM32F1xx_HAL_Driver/Src/stm32f1xx_hal_tim_ex.o
 .ARM.attributes
                0x000000000000033b       0x2d ./Drivers/STM32F1xx_HAL_Driver/Src/stm32f1xx_hal_uart.o
 .ARM.attributes
                0x0000000000000368       0x2d C:/ST/STM32CubeIDE_1.12.1/STM32CubeIDE/plugins/com.st.stm32cube.ide.mcu.externaltools.gnu-tools-for-stm32.11.3.rel1.win32_1.1.0.202305231506/tools/bin/../lib/gcc/arm-none-eabi/11.3.1/../../../../arm-none-eabi/lib/thumb/v7-m/nofp\libc_nano.a(libc_a-atoi.o)
 .ARM.attributes
                0x0000000000000395       0x2d C:/ST/STM32CubeIDE_1.12.1/STM32CubeIDE/plugins/com.st.stm32cube.ide.mcu.externaltools.gnu-tools-for-stm32.11.3.rel1.win32_1.1.0.202305231506/tools/bin/../lib/gcc/arm-none-eabi/11.3.1/../../../../arm-none-eabi/lib/thumb/v7-m/nofp\libc_nano.a(libc_a-strtol.o)
 .ARM.attributes
                0x00000000000003c2       0x2d C:/ST/STM32CubeIDE_1.12.1/STM32CubeIDE/plugins/com.st.stm32cube.ide.mcu.externaltools.gnu-tools-for-stm32.11.3.rel1.win32_1.1.0.202305231506/tools/bin/../lib/gcc/arm-none-eabi/11.3.1/../../../../arm-none-eabi/lib/thumb/v7-m/nofp\libc_nano.a(libc_a-ctype_.o)
 .ARM.attributes
                0x00000000000003ef       0x2d C:/ST/STM32CubeIDE_1.12.1/STM32CubeIDE/plugins/com.st.stm32cube.ide.mcu.externaltools.gnu-tools-for-stm32.11.3.rel1.win32_1.1.0.202305231506/tools/bin/../lib/gcc/arm-none-eabi/11.3.1/../../../../arm-none-eabi/lib/thumb/v7-m/nofp\libc_nano.a(libc_a-findfp.o)
 .ARM.attributes
                0x000000000000041c       0x2d C:/ST/STM32CubeIDE_1.12.1/STM32CubeIDE/plugins/com.st.stm32cube.ide.mcu.externaltools.gnu-tools-for-stm32.11.3.rel1.win32_1.1.0.202305231506/tools/bin/../lib/gcc/arm-none-eabi/11.3.1/../../../../arm-none-eabi/lib/thumb/v7-m/nofp\libc_nano.a(libc_a-fwalk.o)
 .ARM.attributes
                0x0000000000000449       0x2d C:/ST/STM32CubeIDE_1.12.1/STM32CubeIDE/plugins/com.st.stm32cube.ide.mcu.externaltools.gnu-tools-for-stm32.11.3.rel1.win32_1.1.0.202305231506/tools/bin/../lib/gcc/arm-none-eabi/11.3.1/../../../../arm-none-eabi/lib/thumb/v7-m/nofp\libc_nano.a(libc_a-snprintf.o)
 .ARM.attributes
                0x0000000000000476       0x2d C:/ST/STM32CubeIDE_1.12.1/STM32CubeIDE/plugins/com.st.stm32cube.ide.mcu.externaltools.gnu-tools-for-stm32.11.3.rel1.win32_1.1.0.202305231506/tools/bin/../lib/gcc/arm-none-eabi/11.3.1/../../../../arm-none-eabi/lib/thumb/v7-m/nofp\libc_nano.a(libc_a-stdio.o)
 .ARM.attributes
                0x00000000000004a3       0x2d C:/ST/STM32CubeIDE_1.12.1/STM32CubeIDE/plugins/com.st.stm32cube.ide.mcu.externaltools.gnu-tools-for-stm32.11.3.rel1.win32_1.1.0.202305231506/tools/bin/../lib/gcc/arm-none-eabi/11.3.1/../../../../arm-none-eabi/lib/thumb/v7-m/nofp\libc_nano.a(libc_a-memset.o)
 .ARM.attributes
                0x00000000000004d0       0x2d C:/ST/STM32CubeIDE_1.12.1/STM32CubeIDE/plugins/com.st.stm32cube.ide.mcu.externaltools.gnu-tools-for-stm32.11.3.rel1.win32_1.1.0.202305231506/tools/bin/../lib/gcc/arm-none-eabi/11.3.1/../../../../arm-none-eabi/lib/thumb/v7-m/nofp\libc_nano.a(libc_a-strchr.o)
 .ARM.attributes
                0x00000000000004fd       0x2d C:/ST/STM32CubeIDE_1.12.1/STM32CubeIDE/plugins/com.st.stm32cube.ide.mcu.externaltools.gnu-tools-for-stm32.11.3.rel1.win32_1.1.0.202305231506/tools/bin/../lib/gcc/arm-none-eabi/11.3.1/../../../../arm-none-eabi/lib/thumb/v7-m/nofp\libc_nano.a(libc_a-strtok.o)
 .ARM.attributes
                0x000000000000052a       0x2d C:/ST/STM32CubeIDE_1.12.1/STM32CubeIDE/plugins/com.st.stm32cube.ide.mcu.externaltools.gnu-tools-for-stm32.11.3.rel1.win32_1.1.0.202305231506/tools/bin/../lib/gcc/arm-none-eabi/11.3.1/../../../../arm-none-eabi/lib/thumb/v7-m/nofp\libc_nano.a(libc_a-strtok_r.o)
 .ARM.attributes
                0x0000000000000557       0x2d C:/ST/STM32CubeIDE_1.12.1/STM32CubeIDE/plugins/com.st.stm32cube.ide.mcu.externaltools.gnu-tools-for-stm32.11.3.rel1.win32_1.1.0.202305231506/tools/bin/../lib/gcc/arm-none-eabi/11.3.1/../../../../arm-none-eabi/lib/thumb/v7-m/nofp\libc_nano.a(libc_a-strstr.o)
 .ARM.attributes
                0x0000000000000584       0x2d C:/ST/STM32CubeIDE_1.12.1/STM32CubeIDE/plugins/com.st.stm32cube.ide.mcu.externaltools.gnu-tools-for-stm32.11.3.rel1.win32_1.1.0.202305231506/tools/bin/../lib/gcc/arm-none-eabi/11.3.1/../../../../arm-none-eabi/lib/thumb/v7-m/nofp\libc_nano.a(libc_a-closer.o)
 .ARM.attributes
                0x00000000000005b1       0x2d C:/ST/STM32CubeIDE_1.12.1/STM32CubeIDE/plugins/com.st.stm32cube.ide.mcu.externaltools.gnu-tools-for-stm32.11.3.rel1.win32_1.1.0.202305231506/tools/bin/../lib/gcc/arm-none-eabi/11.3.1/../../../../arm-none-eabi/lib/thumb/v7-m/nofp\libc_nano.a(libc_a-reent.o)
 .ARM.attributes
                0x00000000000005de       0x2d C:/ST/STM32CubeIDE_1.12.1/STM32CubeIDE/plugins/com.st.stm32cube.ide.mcu.externaltools.gnu-tools-for-stm32.11.3.rel1.win32_1.1.0.202305231506/tools/bin/../lib/gcc/arm-none-eabi/11.3.1/../../../../arm-none-eabi/lib/thumb/v7-m/nofp\libc_nano.a(libc_a-impure.o)
 .ARM.attributes
                0x000000000000060b       0x2d C:/ST/STM32CubeIDE_1.12.1/STM32CubeIDE/plugins/com.st.stm32cube.ide.mcu.externaltools.gnu-tools-for-stm32.11.3.rel1.win32_1.1.0.202305231506/tools/bin/../lib/gcc/arm-none-eabi/11.3.1/../../../../arm-none-eabi/lib/thumb/v7-m/nofp\libc_nano.a(libc_a-lseekr.o)
 .ARM.attributes
                0x0000000000000638       0x2d C:/ST/STM32CubeIDE_1.12.1/STM32CubeIDE/plugins/com.st.stm32cube.ide.mcu.externaltools.gnu-tools-for-stm32.11.3.rel1.win32_1.1.0.202305231506/tools/bin/../lib/gcc/arm-none-eabi/11.3.1/../../../../arm-none-eabi/lib/thumb/v7-m/nofp\libc_nano.a(libc_a-readr.o)
 .ARM.attributes
                0x0000000000000665       0x2d C:/ST/STM32CubeIDE_1.12.1/STM32CubeIDE/plugins/com.st.stm32cube.ide.mcu.externaltools.gnu-tools-for-stm32.11.3.rel1.win32_1.1.0.202305231506/tools/bin/../lib/gcc/arm-none-eabi/11.3.1/../../../../arm-none-eabi/lib/thumb/v7-m/nofp\libc_nano.a(libc_a-writer.o)
 .ARM.attributes
                0x0000000000000692       0x2d C:/ST/STM32CubeIDE_1.12.1/STM32CubeIDE/plugins/com.st.stm32cube.ide.mcu.externaltools.gnu-tools-for-stm32.11.3.rel1.win32_1.1.0.202305231506/tools/bin/../lib/gcc/arm-none-eabi/11.3.1/../../../../arm-none-eabi/lib/thumb/v7-m/nofp\libc_nano.a(libc_a-errno.o)
 .ARM.attributes
                0x00000000000006bf       0x2d C:/ST/STM32CubeIDE_1.12.1/STM32CubeIDE/plugins/com.st.stm32cube.ide.mcu.externaltools.gnu-tools-for-stm32.11.3.rel1.win32_1.1.0.202305231506/tools/bin/../lib/gcc/arm-none-eabi/11.3.1/../../../../arm-none-eabi/lib/thumb/v7-m/nofp\libc_nano.a(libc_a-init.o)
 .ARM.attributes
                0x00000000000006ec       0x2d C:/ST/STM32CubeIDE_1.12.1/STM32CubeIDE/plugins/com.st.stm32cube.ide.mcu.externaltools.gnu-tools-for-stm32.11.3.rel1.win32_1.1.0.202305231506/tools/bin/../lib/gcc/arm-none-eabi/11.3.1/../../../../arm-none-eabi/lib/thumb/v7-m/nofp\libc_nano.a(libc_a-lock.o)
 .ARM.attributes
                0x0000000000000719       0x17 C:/ST/STM32CubeIDE_1.12.1/STM32CubeIDE/plugins/com.st.stm32cube.ide.mcu.externaltools.gnu-tools-for-stm32.11.3.rel1.win32_1.1.0.202305231506/tools/bin/../lib/gcc/arm-none-eabi/11.3.1/../../../../arm-none-eabi/lib/thumb/v7-m/nofp\libc_nano.a(libc_a-strlen.o)
 .ARM.attributes
                0x0000000000000730       0x2d C:/ST/STM32CubeIDE_1.12.1/STM32CubeIDE/plugins/com.st.stm32cube.ide.mcu.externaltools.gnu-tools-for-stm32.11.3.rel1.win32_1.1.0.202305231506/tools/bin/../lib/gcc/arm-none-eabi/11.3.1/../../../../arm-none-eabi/lib/thumb/v7-m/nofp\libc_nano.a(libc_a-assert.o)
 .ARM.attributes
                0x000000000000075d       0x2d C:/ST/STM32CubeIDE_1.12.1/STM32CubeIDE/plugins/com.st.stm32cube.ide.mcu.externaltools.gnu-tools-for-stm32.11.3.rel1.win32_1.1.0.202305231506/tools/bin/../lib/gcc/arm-none-eabi/11.3.1/../../../../arm-none-eabi/lib/thumb/v7-m/nofp\libc_nano.a(libc_a-freer.o)
 .ARM.attributes
                0x000000000000078a       0x2d C:/ST/STM32CubeIDE_1.12.1/STM32CubeIDE/plugins/com.st.stm32cube.ide.mcu.externaltools.gnu-tools-for-stm32.11.3.rel1.win32_1.1.0.202305231506/tools/bin/../lib/gcc/arm-none-eabi/11.3.1/../../../../arm-none-eabi/lib/thumb/v7-m/nofp\libc_nano.a(libc_a-malloc.o)
 .ARM.attributes
                0x00000000000007b7       0x2d C:/ST/STM32CubeIDE_1.12.1/STM32CubeIDE/plugins/com.st.stm32cube.ide.mcu.externaltools.gnu-tools-for-stm32.11.3.rel1.win32_1.1.0.202305231506/tools/bin/../lib/gcc/arm-none-eabi/11.3.1/../../../../arm-none-eabi/lib/thumb/v7-m/nofp\libc_nano.a(libc_a-mallocr.o)
 .ARM.attributes
                0x00000000000007e4       0x2d C:/ST/STM32CubeIDE_1.12.1/STM32CubeIDE/plugins/com.st.stm32cube.ide.mcu.externaltools.gnu-tools-for-stm32.11.3.rel1.win32_1.1.0.202305231506/tools/bin/../lib/gcc/arm-none-eabi/11.3.1/../../../../arm-none-eabi/lib/thumb/v7-m/nofp\libc_nano.a(libc_a-mlock.o)
 .ARM.attributes
                0x0000000000000811       0x2d C:/ST/STM32CubeIDE_1.12.1/STM32CubeIDE/plugins/com.st.stm32cube.ide.mcu.externaltools.gnu-tools-for-stm32.11.3.rel1.win32_1.1.0.202305231506/tools/bin/../lib/gcc/arm-none-eabi/11.3.1/../../../../arm-none-eabi/lib/thumb/v7-m/nofp\libc_nano.a(libc_a-nano-svfprintf.o)
 .ARM.attributes
                0x000000000000083e       0x2d C:/ST/STM32CubeIDE_1.12.1/STM32CubeIDE/plugins/com.st.stm32cube.ide.mcu.externaltools.gnu-tools-for-stm32.11.3.rel1.win32_1.1.0.202305231506/tools/bin/../lib/gcc/arm-none-eabi/11.3.1/../../../../arm-none-eabi/lib/thumb/v7-m/nofp\libc_nano.a(libc_a-nano-vfprintf_i.o)
 .ARM.attributes
                0x000000000000086b       0x2d C:/ST/STM32CubeIDE_1.12.1/STM32CubeIDE/plugins/com.st.stm32cube.ide.mcu.externaltools.gnu-tools-for-stm32.11.3.rel1.win32_1.1.0.202305231506/tools/bin/../lib/gcc/arm-none-eabi/11.3.1/../../../../arm-none-eabi/lib/thumb/v7-m/nofp\libc_nano.a(libc_a-fflush.o)
 .ARM.attributes
                0x0000000000000898       0x2d C:/ST/STM32CubeIDE_1.12.1/STM32CubeIDE/plugins/com.st.stm32cube.ide.mcu.externaltools.gnu-tools-for-stm32.11.3.rel1.win32_1.1.0.202305231506/tools/bin/../lib/gcc/arm-none-eabi/11.3.1/../../../../arm-none-eabi/lib/thumb/v7-m/nofp\libc_nano.a(libc_a-fprintf.o)
 .ARM.attributes
                0x00000000000008c5       0x2d C:/ST/STM32CubeIDE_1.12.1/STM32CubeIDE/plugins/com.st.stm32cube.ide.mcu.externaltools.gnu-tools-for-stm32.11.3.rel1.win32_1.1.0.202305231506/tools/bin/../lib/gcc/arm-none-eabi/11.3.1/../../../../arm-none-eabi/lib/thumb/v7-m/nofp\libc_nano.a(libc_a-memmove.o)
 .ARM.attributes
                0x00000000000008f2       0x2d C:/ST/STM32CubeIDE_1.12.1/STM32CubeIDE/plugins/com.st.stm32cube.ide.mcu.externaltools.gnu-tools-for-stm32.11.3.rel1.win32_1.1.0.202305231506/tools/bin/../lib/gcc/arm-none-eabi/11.3.1/../../../../arm-none-eabi/lib/thumb/v7-m/nofp\libc_nano.a(libc_a-sbrkr.o)
 .ARM.attributes
                0x000000000000091f       0x2d C:/ST/STM32CubeIDE_1.12.1/STM32CubeIDE/plugins/com.st.stm32cube.ide.mcu.externaltools.gnu-tools-for-stm32.11.3.rel1.win32_1.1.0.202305231506/tools/bin/../lib/gcc/arm-none-eabi/11.3.1/../../../../arm-none-eabi/lib/thumb/v7-m/nofp\libc_nano.a(libc_a-memchr-stub.o)
 .ARM.attributes
                0x000000000000094c       0x2d C:/ST/STM32CubeIDE_1.12.1/STM32CubeIDE/plugins/com.st.stm32cube.ide.mcu.externaltools.gnu-tools-for-stm32.11.3.rel1.win32_1.1.0.202305231506/tools/bin/../lib/gcc/arm-none-eabi/11.3.1/../../../../arm-none-eabi/lib/thumb/v7-m/nofp\libc_nano.a(libc_a-memcpy-stub.o)
 .ARM.attributes
                0x0000000000000979       0x2d C:/ST/STM32CubeIDE_1.12.1/STM32CubeIDE/plugins/com.st.stm32cube.ide.mcu.externaltools.gnu-tools-for-stm32.11.3.rel1.win32_1.1.0.202305231506/tools/bin/../lib/gcc/arm-none-eabi/11.3.1/../../../../arm-none-eabi/lib/thumb/v7-m/nofp\libc_nano.a(libc_a-abort.o)
 .ARM.attributes
                0x00000000000009a6       0x2d C:/ST/STM32CubeIDE_1.12.1/STM32CubeIDE/plugins/com.st.stm32cube.ide.mcu.externaltools.gnu-tools-for-stm32.11.3.rel1.win32_1.1.0.202305231506/tools/bin/../lib/gcc/arm-none-eabi/11.3.1/../../../../arm-none-eabi/lib/thumb/v7-m/nofp\libc_nano.a(libc_a-reallocr.o)
 .ARM.attributes
                0x00000000000009d3       0x2d C:/ST/STM32CubeIDE_1.12.1/STM32CubeIDE/plugins/com.st.stm32cube.ide.mcu.externaltools.gnu-tools-for-stm32.11.3.rel1.win32_1.1.0.202305231506/tools/bin/../lib/gcc/arm-none-eabi/11.3.1/../../../../arm-none-eabi/lib/thumb/v7-m/nofp\libc_nano.a(libc_a-nano-vfprintf.o)
 .ARM.attributes
                0x0000000000000a00       0x2d C:/ST/STM32CubeIDE_1.12.1/STM32CubeIDE/plugins/com.st.stm32cube.ide.mcu.externaltools.gnu-tools-for-stm32.11.3.rel1.win32_1.1.0.202305231506/tools/bin/../lib/gcc/arm-none-eabi/11.3.1/../../../../arm-none-eabi/lib/thumb/v7-m/nofp\libc_nano.a(libc_a-wbuf.o)
 .ARM.attributes
                0x0000000000000a2d       0x2d C:/ST/STM32CubeIDE_1.12.1/STM32CubeIDE/plugins/com.st.stm32cube.ide.mcu.externaltools.gnu-tools-for-stm32.11.3.rel1.win32_1.1.0.202305231506/tools/bin/../lib/gcc/arm-none-eabi/11.3.1/../../../../arm-none-eabi/lib/thumb/v7-m/nofp\libc_nano.a(libc_a-wsetup.o)
 .ARM.attributes
                0x0000000000000a5a       0x2d C:/ST/STM32CubeIDE_1.12.1/STM32CubeIDE/plugins/com.st.stm32cube.ide.mcu.externaltools.gnu-tools-for-stm32.11.3.rel1.win32_1.1.0.202305231506/tools/bin/../lib/gcc/arm-none-eabi/11.3.1/../../../../arm-none-eabi/lib/thumb/v7-m/nofp\libc_nano.a(libc_a-signal.o)
 .ARM.attributes
                0x0000000000000a87       0x2d C:/ST/STM32CubeIDE_1.12.1/STM32CubeIDE/plugins/com.st.stm32cube.ide.mcu.externaltools.gnu-tools-for-stm32.11.3.rel1.win32_1.1.0.202305231506/tools/bin/../lib/gcc/arm-none-eabi/11.3.1/../../../../arm-none-eabi/lib/thumb/v7-m/nofp\libc_nano.a(libc_a-signalr.o)
 .ARM.attributes
                0x0000000000000ab4       0x2d C:/ST/STM32CubeIDE_1.12.1/STM32CubeIDE/plugins/com.st.stm32cube.ide.mcu.externaltools.gnu-tools-for-stm32.11.3.rel1.win32_1.1.0.202305231506/tools/bin/../lib/gcc/arm-none-eabi/11.3.1/../../../../arm-none-eabi/lib/thumb/v7-m/nofp\libc_nano.a(libc_a-msizer.o)
 .ARM.attributes
                0x0000000000000ae1       0x2d C:/ST/STM32CubeIDE_1.12.1/STM32CubeIDE/plugins/com.st.stm32cube.ide.mcu.externaltools.gnu-tools-for-stm32.11.3.rel1.win32_1.1.0.202305231506/tools/bin/../lib/gcc/arm-none-eabi/11.3.1/../../../../arm-none-eabi/lib/thumb/v7-m/nofp\libc_nano.a(libc_a-makebuf.o)
 .ARM.attributes
                0x0000000000000b0e       0x2d C:/ST/STM32CubeIDE_1.12.1/STM32CubeIDE/plugins/com.st.stm32cube.ide.mcu.externaltools.gnu-tools-for-stm32.11.3.rel1.win32_1.1.0.202305231506/tools/bin/../lib/gcc/arm-none-eabi/11.3.1/../../../../arm-none-eabi/lib/thumb/v7-m/nofp\libc_nano.a(libc_a-fstatr.o)
 .ARM.attributes
                0x0000000000000b3b       0x2d C:/ST/STM32CubeIDE_1.12.1/STM32CubeIDE/plugins/com.st.stm32cube.ide.mcu.externaltools.gnu-tools-for-stm32.11.3.rel1.win32_1.1.0.202305231506/tools/bin/../lib/gcc/arm-none-eabi/11.3.1/../../../../arm-none-eabi/lib/thumb/v7-m/nofp\libc_nano.a(libc_a-isattyr.o)
 .ARM.attributes
                0x0000000000000b68       0x1d C:/ST/STM32CubeIDE_1.12.1/STM32CubeIDE/plugins/com.st.stm32cube.ide.mcu.externaltools.gnu-tools-for-stm32.11.3.rel1.win32_1.1.0.202305231506/tools/bin/../lib/gcc/arm-none-eabi/11.3.1/thumb/v7-m/nofp/crtn.o
OUTPUT(SS_GSMD_rev2.2_09.07.2023.elf elf32-littlearm)
LOAD linker stubs
LOAD C:/ST/STM32CubeIDE_1.12.1/STM32CubeIDE/plugins/com.st.stm32cube.ide.mcu.externaltools.gnu-tools-for-stm32.11.3.rel1.win32_1.1.0.202305231506/tools/bin/../lib/gcc/arm-none-eabi/11.3.1/../../../../arm-none-eabi/lib/thumb/v7-m/nofp\libc.a
LOAD C:/ST/STM32CubeIDE_1.12.1/STM32CubeIDE/plugins/com.st.stm32cube.ide.mcu.externaltools.gnu-tools-for-stm32.11.3.rel1.win32_1.1.0.202305231506/tools/bin/../lib/gcc/arm-none-eabi/11.3.1/../../../../arm-none-eabi/lib/thumb/v7-m/nofp\libm.a
LOAD C:/ST/STM32CubeIDE_1.12.1/STM32CubeIDE/plugins/com.st.stm32cube.ide.mcu.externaltools.gnu-tools-for-stm32.11.3.rel1.win32_1.1.0.202305231506/tools/bin/../lib/gcc/arm-none-eabi/11.3.1/thumb/v7-m/nofp\libgcc.a

.comment        0x0000000000000000       0x43
 .comment       0x0000000000000000       0x43 C:/ST/STM32CubeIDE_1.12.1/STM32CubeIDE/plugins/com.st.stm32cube.ide.mcu.externaltools.gnu-tools-for-stm32.11.3.rel1.win32_1.1.0.202305231506/tools/bin/../lib/gcc/arm-none-eabi/11.3.1/thumb/v7-m/nofp/crtbegin.o
                                         0x44 (size before relaxing)
 .comment       0x0000000000000043       0x44 ./Core/Src/gsm.o
 .comment       0x0000000000000043       0x44 ./Core/Src/main.o
 .comment       0x0000000000000043       0x44 ./Core/Src/nokia5110_LCD.o
 .comment       0x0000000000000043       0x44 ./Core/Src/stm32f1xx_hal_msp.o
 .comment       0x0000000000000043       0x44 ./Core/Src/stm32f1xx_it.o
 .comment       0x0000000000000043       0x44 ./Core/Src/syscalls.o
 .comment       0x0000000000000043       0x44 ./Core/Src/sysmem.o
 .comment       0x0000000000000043       0x44 ./Core/Src/system_stm32f1xx.o
 .comment       0x0000000000000043       0x44 ./Core/Src/usart_ring.o
 .comment       0x0000000000000043       0x44 ./Drivers/STM32F1xx_HAL_Driver/Src/stm32f1xx_hal.o
 .comment       0x0000000000000043       0x44 ./Drivers/STM32F1xx_HAL_Driver/Src/stm32f1xx_hal_cortex.o
 .comment       0x0000000000000043       0x44 ./Drivers/STM32F1xx_HAL_Driver/Src/stm32f1xx_hal_dma.o
 .comment       0x0000000000000043       0x44 ./Drivers/STM32F1xx_HAL_Driver/Src/stm32f1xx_hal_gpio.o
 .comment       0x0000000000000043       0x44 ./Drivers/STM32F1xx_HAL_Driver/Src/stm32f1xx_hal_rcc.o
 .comment       0x0000000000000043       0x44 ./Drivers/STM32F1xx_HAL_Driver/Src/stm32f1xx_hal_tim.o
 .comment       0x0000000000000043       0x44 ./Drivers/STM32F1xx_HAL_Driver/Src/stm32f1xx_hal_tim_ex.o
 .comment       0x0000000000000043       0x44 ./Drivers/STM32F1xx_HAL_Driver/Src/stm32f1xx_hal_uart.o

.debug_info     0x0000000000000000     0xdaa9
 .debug_info    0x0000000000000000      0xc63 ./Core/Src/gsm.o
 .debug_info    0x0000000000000c63     0x12e0 ./Core/Src/main.o
 .debug_info    0x0000000000001f43      0x7ed ./Core/Src/nokia5110_LCD.o
 .debug_info    0x0000000000002730      0xd47 ./Core/Src/stm32f1xx_hal_msp.o
 .debug_info    0x0000000000003477      0x6e5 ./Core/Src/stm32f1xx_it.o
 .debug_info    0x0000000000003b5c      0x6a3 ./Core/Src/syscalls.o
 .debug_info    0x00000000000041ff      0x168 ./Core/Src/sysmem.o
 .debug_info    0x0000000000004367      0x222 ./Core/Src/system_stm32f1xx.o
 .debug_info    0x0000000000004589      0x1de ./Core/Src/usart_ring.o
 .debug_info    0x0000000000004767       0x23 ./Core/Startup/startup_stm32f103c6tx.o
 .debug_info    0x000000000000478a      0x6e6 ./Drivers/STM32F1xx_HAL_Driver/Src/stm32f1xx_hal.o
 .debug_info    0x0000000000004e70      0xa69 ./Drivers/STM32F1xx_HAL_Driver/Src/stm32f1xx_hal_cortex.o
 .debug_info    0x00000000000058d9      0x6d2 ./Drivers/STM32F1xx_HAL_Driver/Src/stm32f1xx_hal_dma.o
 .debug_info    0x0000000000005fab      0x5ab ./Drivers/STM32F1xx_HAL_Driver/Src/stm32f1xx_hal_gpio.o
 .debug_info    0x0000000000006556      0x7d5 ./Drivers/STM32F1xx_HAL_Driver/Src/stm32f1xx_hal_rcc.o
 .debug_info    0x0000000000006d2b     0x293b ./Drivers/STM32F1xx_HAL_Driver/Src/stm32f1xx_hal_tim.o
 .debug_info    0x0000000000009666     0x149b ./Drivers/STM32F1xx_HAL_Driver/Src/stm32f1xx_hal_tim_ex.o
 .debug_info    0x000000000000ab01     0x2fa8 ./Drivers/STM32F1xx_HAL_Driver/Src/stm32f1xx_hal_uart.o

.debug_abbrev   0x0000000000000000     0x2546
 .debug_abbrev  0x0000000000000000      0x329 ./Core/Src/gsm.o
 .debug_abbrev  0x0000000000000329      0x38f ./Core/Src/main.o
 .debug_abbrev  0x00000000000006b8      0x2ab ./Core/Src/nokia5110_LCD.o
 .debug_abbrev  0x0000000000000963      0x1fa ./Core/Src/stm32f1xx_hal_msp.o
 .debug_abbrev  0x0000000000000b5d      0x1f5 ./Core/Src/stm32f1xx_it.o
 .debug_abbrev  0x0000000000000d52      0x1b6 ./Core/Src/syscalls.o
 .debug_abbrev  0x0000000000000f08       0xbc ./Core/Src/sysmem.o
 .debug_abbrev  0x0000000000000fc4      0x13f ./Core/Src/system_stm32f1xx.o
 .debug_abbrev  0x0000000000001103       0xbf ./Core/Src/usart_ring.o
 .debug_abbrev  0x00000000000011c2       0x12 ./Core/Startup/startup_stm32f103c6tx.o
 .debug_abbrev  0x00000000000011d4      0x201 ./Drivers/STM32F1xx_HAL_Driver/Src/stm32f1xx_hal.o
 .debug_abbrev  0x00000000000013d5      0x2f8 ./Drivers/STM32F1xx_HAL_Driver/Src/stm32f1xx_hal_cortex.o
 .debug_abbrev  0x00000000000016cd      0x20b ./Drivers/STM32F1xx_HAL_Driver/Src/stm32f1xx_hal_dma.o
 .debug_abbrev  0x00000000000018d8      0x1ca ./Drivers/STM32F1xx_HAL_Driver/Src/stm32f1xx_hal_gpio.o
 .debug_abbrev  0x0000000000001aa2      0x2b3 ./Drivers/STM32F1xx_HAL_Driver/Src/stm32f1xx_hal_rcc.o
 .debug_abbrev  0x0000000000001d55      0x277 ./Drivers/STM32F1xx_HAL_Driver/Src/stm32f1xx_hal_tim.o
 .debug_abbrev  0x0000000000001fcc      0x282 ./Drivers/STM32F1xx_HAL_Driver/Src/stm32f1xx_hal_tim_ex.o
 .debug_abbrev  0x000000000000224e      0x2f8 ./Drivers/STM32F1xx_HAL_Driver/Src/stm32f1xx_hal_uart.o

.debug_aranges  0x0000000000000000      0xe28
 .debug_aranges
                0x0000000000000000       0x78 ./Core/Src/gsm.o
 .debug_aranges
                0x0000000000000078       0x68 ./Core/Src/main.o
 .debug_aranges
                0x00000000000000e0       0xc0 ./Core/Src/nokia5110_LCD.o
 .debug_aranges
                0x00000000000001a0       0x40 ./Core/Src/stm32f1xx_hal_msp.o
 .debug_aranges
                0x00000000000001e0       0x70 ./Core/Src/stm32f1xx_it.o
 .debug_aranges
                0x0000000000000250       0xa8 ./Core/Src/syscalls.o
 .debug_aranges
                0x00000000000002f8       0x20 ./Core/Src/sysmem.o
 .debug_aranges
                0x0000000000000318       0x28 ./Core/Src/system_stm32f1xx.o
 .debug_aranges
                0x0000000000000340       0x38 ./Core/Src/usart_ring.o
 .debug_aranges
                0x0000000000000378       0x28 ./Core/Startup/startup_stm32f103c6tx.o
 .debug_aranges
                0x00000000000003a0       0xe0 ./Drivers/STM32F1xx_HAL_Driver/Src/stm32f1xx_hal.o
 .debug_aranges
                0x0000000000000480      0x100 ./Drivers/STM32F1xx_HAL_Driver/Src/stm32f1xx_hal_cortex.o
 .debug_aranges
                0x0000000000000580       0x80 ./Drivers/STM32F1xx_HAL_Driver/Src/stm32f1xx_hal_dma.o
 .debug_aranges
                0x0000000000000600       0x58 ./Drivers/STM32F1xx_HAL_Driver/Src/stm32f1xx_hal_gpio.o
 .debug_aranges
                0x0000000000000658       0x90 ./Drivers/STM32F1xx_HAL_Driver/Src/stm32f1xx_hal_rcc.o
 .debug_aranges
                0x00000000000006e8      0x3d0 ./Drivers/STM32F1xx_HAL_Driver/Src/stm32f1xx_hal_tim.o
 .debug_aranges
                0x0000000000000ab8      0x168 ./Drivers/STM32F1xx_HAL_Driver/Src/stm32f1xx_hal_tim_ex.o
 .debug_aranges
                0x0000000000000c20      0x208 ./Drivers/STM32F1xx_HAL_Driver/Src/stm32f1xx_hal_uart.o

.debug_rnglists
                0x0000000000000000      0xb19
 .debug_rnglists
                0x0000000000000000       0x5b ./Core/Src/gsm.o
 .debug_rnglists
                0x000000000000005b       0x5a ./Core/Src/main.o
 .debug_rnglists