Archive member included to satisfy reference by file (symbol)

c:/users/vasil/appdata/roaming/code/user/globalstorage/bmd.stm32-for-vscode/@xpack-dev-tools/arm-none-eabi-gcc/11.3.1-1.1.2/.content/bin/../lib/gcc/arm-none-eabi/11.3.1/../../../../arm-none-eabi/lib/thumb/v7-m/nofp\libc_nano.a(libc_a-atexit.o)
                              c:/users/vasil/appdata/roaming/code/user/globalstorage/bmd.stm32-for-vscode/@xpack-dev-tools/arm-none-eabi-gcc/11.3.1-1.1.2/.content/bin/../lib/gcc/arm-none-eabi/11.3.1/../../../../arm-none-eabi/lib/thumb/v7-m/nofp/crt0.o (atexit)
c:/users/vasil/appdata/roaming/code/user/globalstorage/bmd.stm32-for-vscode/@xpack-dev-tools/arm-none-eabi-gcc/11.3.1-1.1.2/.content/bin/../lib/gcc/arm-none-eabi/11.3.1/../../../../arm-none-eabi/lib/thumb/v7-m/nofp\libc_nano.a(libc_a-exit.o)
                              c:/users/vasil/appdata/roaming/code/user/globalstorage/bmd.stm32-for-vscode/@xpack-dev-tools/arm-none-eabi-gcc/11.3.1-1.1.2/.content/bin/../lib/gcc/arm-none-eabi/11.3.1/../../../../arm-none-eabi/lib/thumb/v7-m/nofp/crt0.o (exit)
c:/users/vasil/appdata/roaming/code/user/globalstorage/bmd.stm32-for-vscode/@xpack-dev-tools/arm-none-eabi-gcc/11.3.1-1.1.2/.content/bin/../lib/gcc/arm-none-eabi/11.3.1/../../../../arm-none-eabi/lib/thumb/v7-m/nofp\libc_nano.a(libc_a-findfp.o)
                              c:/users/vasil/appdata/roaming/code/user/globalstorage/bmd.stm32-for-vscode/@xpack-dev-tools/arm-none-eabi-gcc/11.3.1-1.1.2/.content/bin/../lib/gcc/arm-none-eabi/11.3.1/../../../../arm-none-eabi/lib/thumb/v7-m/nofp\libc_nano.a(libc_a-exit.o) (__stdio_exit_handler)
c:/users/vasil/appdata/roaming/code/user/globalstorage/bmd.stm32-for-vscode/@xpack-dev-tools/arm-none-eabi-gcc/11.3.1-1.1.2/.content/bin/../lib/gcc/arm-none-eabi/11.3.1/../../../../arm-none-eabi/lib/thumb/v7-m/nofp\libc_nano.a(libc_a-fwalk.o)
                              c:/users/vasil/appdata/roaming/code/user/globalstorage/bmd.stm32-for-vscode/@xpack-dev-tools/arm-none-eabi-gcc/11.3.1-1.1.2/.content/bin/../lib/gcc/arm-none-eabi/11.3.1/../../../../arm-none-eabi/lib/thumb/v7-m/nofp\libc_nano.a(libc_a-findfp.o) (_fwalk_sglue)
c:/users/vasil/appdata/roaming/code/user/globalstorage/bmd.stm32-for-vscode/@xpack-dev-tools/arm-none-eabi-gcc/11.3.1-1.1.2/.content/bin/../lib/gcc/arm-none-eabi/11.3.1/../../../../arm-none-eabi/lib/thumb/v7-m/nofp\libc_nano.a(libc_a-stdio.o)
                              c:/users/vasil/appdata/roaming/code/user/globalstorage/bmd.stm32-for-vscode/@xpack-dev-tools/arm-none-eabi-gcc/11.3.1-1.1.2/.content/bin/../lib/gcc/arm-none-eabi/11.3.1/../../../../arm-none-eabi/lib/thumb/v7-m/nofp\libc_nano.a(libc_a-findfp.o) (__sread)
c:/users/vasil/appdata/roaming/code/user/globalstorage/bmd.stm32-for-vscode/@xpack-dev-tools/arm-none-eabi-gcc/11.3.1-1.1.2/.content/bin/../lib/gcc/arm-none-eabi/11.3.1/../../../../arm-none-eabi/lib/thumb/v7-m/nofp\libc_nano.a(libc_a-memset.o)
                              c:/users/vasil/appdata/roaming/code/user/globalstorage/bmd.stm32-for-vscode/@xpack-dev-tools/arm-none-eabi-gcc/11.3.1-1.1.2/.content/bin/../lib/gcc/arm-none-eabi/11.3.1/../../../../arm-none-eabi/lib/thumb/v7-m/nofp/crt0.o (memset)
c:/users/vasil/appdata/roaming/code/user/globalstorage/bmd.stm32-for-vscode/@xpack-dev-tools/arm-none-eabi-gcc/11.3.1-1.1.2/.content/bin/../lib/gcc/arm-none-eabi/11.3.1/../../../../arm-none-eabi/lib/thumb/v7-m/nofp\libc_nano.a(libc_a-closer.o)
                              c:/users/vasil/appdata/roaming/code/user/globalstorage/bmd.stm32-for-vscode/@xpack-dev-tools/arm-none-eabi-gcc/11.3.1-1.1.2/.content/bin/../lib/gcc/arm-none-eabi/11.3.1/../../../../arm-none-eabi/lib/thumb/v7-m/nofp\libc_nano.a(libc_a-stdio.o) (_close_r)
c:/users/vasil/appdata/roaming/code/user/globalstorage/bmd.stm32-for-vscode/@xpack-dev-tools/arm-none-eabi-gcc/11.3.1-1.1.2/.content/bin/../lib/gcc/arm-none-eabi/11.3.1/../../../../arm-none-eabi/lib/thumb/v7-m/nofp\libc_nano.a(libc_a-reent.o)
                              c:/users/vasil/appdata/roaming/code/user/globalstorage/bmd.stm32-for-vscode/@xpack-dev-tools/arm-none-eabi-gcc/11.3.1-1.1.2/.content/bin/../lib/gcc/arm-none-eabi/11.3.1/../../../../arm-none-eabi/lib/thumb/v7-m/nofp\libc_nano.a(libc_a-closer.o) (errno)
c:/users/vasil/appdata/roaming/code/user/globalstorage/bmd.stm32-for-vscode/@xpack-dev-tools/arm-none-eabi-gcc/11.3.1-1.1.2/.content/bin/../lib/gcc/arm-none-eabi/11.3.1/../../../../arm-none-eabi/lib/thumb/v7-m/nofp\libc_nano.a(libc_a-impure.o)
                              c:/users/vasil/appdata/roaming/code/user/globalstorage/bmd.stm32-for-vscode/@xpack-dev-tools/arm-none-eabi-gcc/11.3.1-1.1.2/.content/bin/../lib/gcc/arm-none-eabi/11.3.1/../../../../arm-none-eabi/lib/thumb/v7-m/nofp\libc_nano.a(libc_a-reent.o) (_impure_ptr)
c:/users/vasil/appdata/roaming/code/user/globalstorage/bmd.stm32-for-vscode/@xpack-dev-tools/arm-none-eabi-gcc/11.3.1-1.1.2/.content/bin/../lib/gcc/arm-none-eabi/11.3.1/../../../../arm-none-eabi/lib/thumb/v7-m/nofp\libc_nano.a(libc_a-lseekr.o)
[...]
Memory Configuration

Name             Origin             Length             Attributes
RAM              0x0000000020000000 0x0000000000002800 xrw
FLASH            0x0000000008000000 0x0000000000008000 xr
*default*        0x0000000000000000 0xffffffffffffffff

Linker script and memory map

LOAD c:/users/vasil/appdata/roaming/code/user/globalstorage/bmd.stm32-for-vscode/@xpack-dev-tools/arm-none-eabi-gcc/11.3.1-1.1.2/.content/bin/../lib/gcc/arm-none-eabi/11.3.1/thumb/v7-m/nofp/crti.o
LOAD c:/users/vasil/appdata/roaming/code/user/globalstorage/bmd.stm32-for-vscode/@xpack-dev-tools/arm-none-eabi-gcc/11.3.1-1.1.2/.content/bin/../lib/gcc/arm-none-eabi/11.3.1/thumb/v7-m/nofp/crtbegin.o
LOAD c:/users/vasil/appdata/roaming/code/user/globalstorage/bmd.stm32-for-vscode/@xpack-dev-tools/arm-none-eabi-gcc/11.3.1-1.1.2/.content/bin/../lib/gcc/arm-none-eabi/11.3.1/../../../../arm-none-eabi/lib/thumb/v7-m/nofp/crt0.o
LOAD build/stm32f1xx_hal.o
LOAD build/stm32f1xx_hal_cortex.o
LOAD build/stm32f1xx_hal_dma.o
LOAD build/stm32f1xx_hal_exti.o
LOAD build/stm32f1xx_hal_flash.o
LOAD build/stm32f1xx_hal_flash_ex.o
LOAD build/stm32f1xx_hal_gpio.o
LOAD build/stm32f1xx_hal_gpio_ex.o
LOAD build/stm32f1xx_hal_pwr.o
LOAD build/stm32f1xx_hal_rcc.o
LOAD build/stm32f1xx_hal_rcc_ex.o
LOAD build/stm32f1xx_hal_tim.o
LOAD build/stm32f1xx_hal_tim_ex.o
LOAD build/main.o
LOAD build/stm32f1xx_hal_msp.o
LOAD build/stm32f1xx_it.o
LOAD build/syscalls.o
LOAD build/sysmem.o
LOAD build/system_stm32f1xx.o
LOAD build/startup_stm32f103x6.o
LOAD c:/users/vasil/appdata/roaming/code/user/globalstorage/bmd.stm32-for-vscode/@xpack-dev-tools/arm-none-eabi-gcc/11.3.1-1.1.2/.content/bin/../lib/gcc/arm-none-eabi/11.3.1/../../../../arm-none-eabi/lib/thumb/v7-m/nofp\libc_nano.a
LOAD c:/users/vasil/appdata/roaming/code/user/globalstorage/bmd.stm32-for-vscode/@xpack-dev-tools/arm-none-eabi-gcc/11.3.1-1.1.2/.content/bin/../lib/gcc/arm-none-eabi/11.3.1/../../../../arm-none-eabi/lib/thumb/v7-m/nofp\libm.a
LOAD c:/users/vasil/appdata/roaming/code/user/globalstorage/bmd.stm32-for-vscode/@xpack-dev-tools/arm-none-eabi-gcc/11.3.1-1.1.2/.content/bin/../lib/gcc/arm-none-eabi/11.3.1/../../../../arm-none-eabi/lib/thumb/v7-m/nofp\libnosys.a
START GROUP
LOAD c:/users/vasil/appdata/roaming/code/user/globalstorage/bmd.stm32-for-vscode/@xpack-dev-tools/arm-none-eabi-gcc/11.3.1-1.1.2/.content/bin/../lib/gcc/arm-none-eabi/11.3.1/thumb/v7-m/nofp\libgcc.a
LOAD c:/users/vasil/appdata/roaming/code/user/globalstorage/bmd.stm32-for-vscode/@xpack-dev-tools/arm-none-eabi-gcc/11.3.1-1.1.2/.content/bin/../lib/gcc/arm-none-eabi/11.3.1/../../../../arm-none-eabi/lib/thumb/v7-m/nofp\libc_nano.a
END GROUP
START GROUP
LOAD c:/users/vasil/appdata/roaming/code/user/globalstorage/bmd.stm32-for-vscode/@xpack-dev-tools/arm-none-eabi-gcc/11.3.1-1.1.2/.content/bin/../lib/gcc/arm-none-eabi/11.3.1/thumb/v7-m/nofp\libgcc.a
LOAD c:/users/vasil/appdata/roaming/code/user/globalstorage/bmd.stm32-for-vscode/@xpack-dev-tools/arm-none-eabi-gcc/11.3.1-1.1.2/.content/bin/../lib/gcc/arm-none-eabi/11.3.1/../../../../arm-none-eabi/lib/thumb/v7-m/nofp\libc_nano.a
END GROUP
LOAD c:/users/vasil/appdata/roaming/code/user/globalstorage/bmd.stm32-for-vscode/@xpack-dev-tools/arm-none-eabi-gcc/11.3.1-1.1.2/.content/bin/../lib/gcc/arm-none-eabi/11.3.1/thumb/v7-m/nofp/crtend.o
LOAD c:/users/vasil/appdata/roaming/code/user/globalstorage/bmd.stm32-for-vscode/@xpack-dev-tools/arm-none-eabi-gcc/11.3.1-1.1.2/.content/bin/../lib/gcc/arm-none-eabi/11.3.1/thumb/v7-m/nofp/crtn.o
                0x0000000020002800                _estack = (ORIGIN (RAM) + LENGTH (RAM))
                0x0000000000000200                _Min_Heap_Size = 0x200
                0x0000000000000400                _Min_Stack_Size = 0x400

.isr_vector     0x0000000008000000      0x10c
                0x0000000008000000                . = ALIGN (0x4)
 *(.isr_vector)
 .isr_vector    0x0000000008000000      0x10c build/startup_stm32f103x6.o
                0x0000000008000000                g_pfnVectors
                0x000000000800010c                . = ALIGN (0x4)

.text           0x000000000800010c      0xbc4
                0x000000000800010c                . = ALIGN (0x4)
 *(.text)
 *(.text*)
 .text.__do_global_dtors_aux
                0x000000000800010c       0x24 c:/users/vasil/appdata/roaming/code/user/globalstorage/bmd.stm32-for-vscode/@xpack-dev-tools/arm-none-eabi-gcc/11.3.1-1.1.2/.content/bin/../lib/gcc/arm-none-eabi/11.3.1/thumb/v7-m/nofp/crtbegin.o
 .text.frame_dummy
                0x0000000008000130       0x1c c:/users/vasil/appdata/roaming/code/user/globalstorage/bmd.stm32-for-vscode/@xpack-dev-tools/arm-none-eabi-gcc/11.3.1-1.1.2/.content/bin/../lib/gcc/arm-none-eabi/11.3.1/thumb/v7-m/nofp/crtbegin.o
 .text.HAL_InitTick
                0x000000000800014c       0x4c build/stm32f1xx_hal.o
                0x000000000800014c                HAL_InitTick
 .text.HAL_Init
                0x0000000008000198       0x24 build/stm32f1xx_hal.o
                0x0000000008000198                HAL_Init
 .text.HAL_IncTick
                0x00000000080001bc       0x18 build/stm32f1xx_hal.o
                0x00000000080001bc                HAL_IncTick
 .text.HAL_GetTick
                0x00000000080001d4        0xc build/stm32f1xx_hal.o
                0x00000000080001d4                HAL_GetTick
 .text.HAL_NVIC_SetPriorityGrouping
                0x00000000080001e0       0x24 build/stm32f1xx_hal_cortex.o
                0x00000000080001e0                HAL_NVIC_SetPriorityGrouping
 .text.HAL_NVIC_SetPriority
                0x0000000008000204       0x70 build/stm32f1xx_hal_cortex.o
                0x0000000008000204                HAL_NVIC_SetPriority
 .text.HAL_SYSTICK_Config
                0x0000000008000274       0x28 build/stm32f1xx_hal_cortex.o
                0x0000000008000274                HAL_SYSTICK_Config
 .text.HAL_GPIO_Init
                0x000000000800029c      0x220 build/stm32f1xx_hal_gpio.o
                0x000000000800029c                HAL_GPIO_Init
 .text.HAL_GPIO_WritePin
                0x00000000080004bc        0xc build/stm32f1xx_hal_gpio.o
                0x00000000080004bc                HAL_GPIO_WritePin
 .text.RCC_Delay
                0x00000000080004c8       0x2c build/stm32f1xx_hal_rcc.o
 .text.HAL_RCC_OscConfig
                0x00000000080004f4      0x410 build/stm32f1xx_hal_rcc.o
                0x00000000080004f4                HAL_RCC_OscConfig
 .text.HAL_RCC_GetSysClockFreq
                0x0000000008000904       0x54 build/stm32f1xx_hal_rcc.o
                0x0000000008000904                HAL_RCC_GetSysClockFreq
 .text.HAL_RCC_ClockConfig
                0x0000000008000958      0x16c build/stm32f1xx_hal_rcc.o
                0x0000000008000958                HAL_RCC_ClockConfig
 .text.MX_GPIO_Init
                0x0000000008000ac4       0x78 build/main.o
 .text.Error_Handler
                0x0000000008000b3c        0x4 build/main.o
                0x0000000008000b3c                Error_Handler
 .text.SystemClock_Config
                0x0000000008000b40       0x64 build/main.o
                0x0000000008000b40                SystemClock_Config
 .text.main     0x0000000008000ba4       0x10 build/main.o
                0x0000000008000ba4                main
 .text.HAL_MspInit
                0x0000000008000bb4       0x44 build/stm32f1xx_hal_msp.o
                0x0000000008000bb4                HAL_MspInit
 .text.NMI_Handler
                0x0000000008000bf8        0x2 build/stm32f1xx_it.o
                0x0000000008000bf8                NMI_Handler
 .text.HardFault_Handler
                0x0000000008000bfa        0x2 build/stm32f1xx_it.o
                0x0000000008000bfa                HardFault_Handler
 .text.MemManage_Handler
                0x0000000008000bfc        0x2 build/stm32f1xx_it.o
                0x0000000008000bfc                MemManage_Handler
 .text.BusFault_Handler
                0x0000000008000bfe        0x2 build/stm32f1xx_it.o
                0x0000000008000bfe                BusFault_Handler
 .text.UsageFault_Handler
                0x0000000008000c00        0x2 build/stm32f1xx_it.o
                0x0000000008000c00                UsageFault_Handler
 .text.SVC_Handler
                0x0000000008000c02        0x2 build/stm32f1xx_it.o
                0x0000000008000c02                SVC_Handler
 .text.DebugMon_Handler
                0x0000000008000c04        0x2 build/stm32f1xx_it.o
                0x0000000008000c04                DebugMon_Handler
 .text.PendSV_Handler
                0x0000000008000c06        0x2 build/stm32f1xx_it.o
                0x0000000008000c06                PendSV_Handler
 .text.SysTick_Handler
                0x0000000008000c08        0x8 build/stm32f1xx_it.o
                0x0000000008000c08                SysTick_Handler
 .text.SystemInit
                0x0000000008000c10        0x2 build/system_stm32f1xx.o
                0x0000000008000c10                SystemInit
 *fill*         0x0000000008000c12        0x2 
 .text.Reset_Handler
                0x0000000008000c14       0x48 build/startup_stm32f103x6.o
                0x0000000008000c14                Reset_Handler
 .text.Default_Handler
                0x0000000008000c5c        0x2 build/startup_stm32f103x6.o
                0x0000000008000c5c                RTC_Alarm_IRQHandler
                0x0000000008000c5c                EXTI2_IRQHandler
                0x0000000008000c5c                TIM1_CC_IRQHandler
                0x0000000008000c5c                PVD_IRQHandler
                0x0000000008000c5c                EXTI3_IRQHandler
                0x0000000008000c5c                EXTI0_IRQHandler
                0x0000000008000c5c                ADC1_2_IRQHandler
                0x0000000008000c5c                SPI1_IRQHandler
                0x0000000008000c5c                TAMPER_IRQHandler
                0x0000000008000c5c                DMA1_Channel4_IRQHandler
                0x0000000008000c5c                RTC_IRQHandler
                0x0000000008000c5c                DMA1_Channel7_IRQHandler
                0x0000000008000c5c                CAN1_RX1_IRQHandler
                0x0000000008000c5c                I2C1_EV_IRQHandler
                0x0000000008000c5c                DMA1_Channel6_IRQHandler
                0x0000000008000c5c                TIM3_IRQHandler
                0x0000000008000c5c                RCC_IRQHandler
                0x0000000008000c5c                TIM1_TRG_COM_IRQHandler
                0x0000000008000c5c                DMA1_Channel1_IRQHandler
                0x0000000008000c5c                Default_Handler
                0x0000000008000c5c                EXTI15_10_IRQHandler
                0x0000000008000c5c                EXTI9_5_IRQHandler
                0x0000000008000c5c                DMA1_Channel5_IRQHandler
                0x0000000008000c5c                EXTI4_IRQHandler
                0x0000000008000c5c                USB_LP_CAN1_RX0_IRQHandler
                0x0000000008000c5c                USB_HP_CAN1_TX_IRQHandler
                0x0000000008000c5c                DMA1_Channel3_IRQHandler
                0x0000000008000c5c                TIM1_UP_IRQHandler
                0x0000000008000c5c                WWDG_IRQHandler
                0x0000000008000c5c                TIM2_IRQHandler
                0x0000000008000c5c                TIM1_BRK_IRQHandler
                0x0000000008000c5c                EXTI1_IRQHandler
                0x0000000008000c5c                USART2_IRQHandler
                0x0000000008000c5c                DMA1_Channel2_IRQHandler
                0x0000000008000c5c                CAN1_SCE_IRQHandler
                0x0000000008000c5c                FLASH_IRQHandler
                0x0000000008000c5c                USART1_IRQHandler
                0x0000000008000c5c                I2C1_ER_IRQHandler
                0x0000000008000c5c                USBWakeUp_IRQHandler
 .text.memset   0x0000000008000c5e       0x10 c:/users/vasil/appdata/roaming/code/user/globalstorage/bmd.stm32-for-vscode/@xpack-dev-tools/arm-none-eabi-gcc/11.3.1-1.1.2/.content/bin/../lib/gcc/arm-none-eabi/11.3.1/../../../../arm-none-eabi/lib/thumb/v7-m/nofp\libc_nano.a(libc_a-memset.o)
                0x0000000008000c5e                memset
 *fill*         0x0000000008000c6e        0x2 
 .text.__libc_init_array
                0x0000000008000c70       0x48 c:/users/vasil/appdata/roaming/code/user/globalstorage/bmd.stm32-for-vscode/@xpack-dev-tools/arm-none-eabi-gcc/11.3.1-1.1.2/.content/bin/../lib/gcc/arm-none-eabi/11.3.1/../../../../arm-none-eabi/lib/thumb/v7-m/nofp\libc_nano.a(libc_a-init.o)
                0x0000000008000c70                __libc_init_array
 *(.glue_7)
 .glue_7        0x0000000008000cb8        0x0 linker stubs
 *(.glue_7t)
 .glue_7t       0x0000000008000cb8        0x0 linker stubs
 *(.eh_frame)
 .eh_frame      0x0000000008000cb8        0x0 c:/users/vasil/appdata/roaming/code/user/globalstorage/bmd.stm32-for-vscode/@xpack-dev-tools/arm-none-eabi-gcc/11.3.1-1.1.2/.content/bin/../lib/gcc/arm-none-eabi/11.3.1/thumb/v7-m/nofp/crtbegin.o
 *(.init)
 .init          0x0000000008000cb8        0x4 c:/users/vasil/appdata/roaming/code/user/globalstorage/bmd.stm32-for-vscode/@xpack-dev-tools/arm-none-eabi-gcc/11.3.1-1.1.2/.content/bin/../lib/gcc/arm-none-eabi/11.3.1/thumb/v7-m/nofp/crti.o
                0x0000000008000cb8                _init
 .init          0x0000000008000cbc        0x8 c:/users/vasil/appdata/roaming/code/user/globalstorage/bmd.stm32-for-vscode/@xpack-dev-tools/arm-none-eabi-gcc/11.3.1-1.1.2/.content/bin/../lib/gcc/arm-none-eabi/11.3.1/thumb/v7-m/nofp/crtn.o
 *(.fini)
 .fini          0x0000000008000cc4        0x4 c:/users/vasil/appdata/roaming/code/user/globalstorage/bmd.stm32-for-vscode/@xpack-dev-tools/arm-none-eabi-gcc/11.3.1-1.1.2/.content/bin/../lib/gcc/arm-none-eabi/11.3.1/thumb/v7-m/nofp/crti.o
                0x0000000008000cc4                _fini
 .fini          0x0000000008000cc8        0x8 c:/users/vasil/appdata/roaming/code/user/globalstorage/bmd.stm32-for-vscode/@xpack-dev-tools/arm-none-eabi-gcc/11.3.1-1.1.2/.content/bin/../lib/gcc/arm-none-eabi/11.3.1/thumb/v7-m/nofp/crtn.o
                0x0000000008000cd0                . = ALIGN (0x4)
                0x0000000008000cd0                _etext = .

.vfp11_veneer   0x0000000008000cd0        0x0
 .vfp11_veneer  0x0000000008000cd0        0x0 linker stubs

.v4_bx          0x0000000008000cd0        0x0
 .v4_bx         0x0000000008000cd0        0x0 linker stubs

.iplt           0x0000000008000cd0        0x0
 .iplt          0x0000000008000cd0        0x0 c:/users/vasil/appdata/roaming/code/user/globalstorage/bmd.stm32-for-vscode/@xpack-dev-tools/arm-none-eabi-gcc/11.3.1-1.1.2/.content/bin/../lib/gcc/arm-none-eabi/11.3.1/thumb/v7-m/nofp/crtbegin.o

.rodata         0x0000000008000cd0       0x24
                0x0000000008000cd0                . = ALIGN (0x4)
 *(.rodata)
 *(.rodata*)
 .rodata.aPLLMULFactorTable.1
                0x0000000008000cd0       0x10 build/stm32f1xx_hal_rcc.o
 .rodata.aPredivFactorTable.0
                0x0000000008000ce0        0x2 build/stm32f1xx_hal_rcc.o
 *fill*         0x0000000008000ce2        0x2 
 .rodata.AHBPrescTable
                0x0000000008000ce4       0x10 build/system_stm32f1xx.o
                0x0000000008000ce4                AHBPrescTable
                0x0000000008000cf4                . = ALIGN (0x4)

.rel.dyn        0x0000000008000cf4        0x0
 .rel.iplt      0x0000000008000cf4        0x0 c:/users/vasil/appdata/roaming/code/user/globalstorage/bmd.stm32-for-vscode/@xpack-dev-tools/arm-none-eabi-gcc/11.3.1-1.1.2/.content/bin/../lib/gcc/arm-none-eabi/11.3.1/thumb/v7-m/nofp/crtbegin.o

.ARM.extab      0x0000000008000cf4        0x0
                0x0000000008000cf4                . = ALIGN (0x4)
 *(.ARM.extab* .gnu.linkonce.armextab.*)
                0x0000000008000cf4                . = ALIGN (0x4)

.ARM            0x0000000008000cf4        0x0
                0x0000000008000cf4                . = ALIGN (0x4)
                0x0000000008000cf4                __exidx_start = .
 *(.ARM.exidx*)
                0x0000000008000cf4                __exidx_end = .
                0x0000000008000cf4                . = ALIGN (0x4)

.preinit_array  0x0000000008000cf4        0x0
                0x0000000008000cf4                . = ALIGN (0x4)
                0x0000000008000cf4                PROVIDE (__preinit_array_start = .)
 *(.preinit_array*)
                0x0000000008000cf4                PROVIDE (__preinit_array_end = .)
                0x0000000008000cf4                . = ALIGN (0x4)

.init_array     0x0000000008000cf4        0x4
                0x0000000008000cf4                . = ALIGN (0x4)
                0x0000000008000cf4                PROVIDE (__init_array_start = .)
 *(SORT_BY_NAME(.init_array.*))
 *(.init_array*)
 .init_array    0x0000000008000cf4        0x4 c:/users/vasil/appdata/roaming/code/user/globalstorage/bmd.stm32-for-vscode/@xpack-dev-tools/arm-none-eabi-gcc/11.3.1-1.1.2/.content/bin/../lib/gcc/arm-none-eabi/11.3.1/thumb/v7-m/nofp/crtbegin.o
                0x0000000008000cf8                PROVIDE (__init_array_end = .)
                0x0000000008000cf8                . = ALIGN (0x4)

.fini_array     0x0000000008000cf8        0x4
                0x0000000008000cf8                . = ALIGN (0x4)
                0x0000000008000cf8                PROVIDE (__fini_array_start = .)
 *(SORT_BY_NAME(.fini_array.*))
 *(.fini_array*)
 .fini_array    0x0000000008000cf8        0x4 c:/users/vasil/appdata/roaming/code/user/globalstorage/bmd.stm32-for-vscode/@xpack-dev-tools/arm-none-eabi-gcc/11.3.1-1.1.2/.content/bin/../lib/gcc/arm-none-eabi/11.3.1/thumb/v7-m/nofp/crtbegin.o
                0x0000000008000cfc                PROVIDE (__fini_array_end = .)
                0x0000000008000cfc                . = ALIGN (0x4)
                0x0000000008000cfc                _sidata = LOADADDR (.data)

.data           0x0000000020000000        0xc load address 0x0000000008000cfc
                0x0000000020000000                . = ALIGN (0x4)
                0x0000000020000000                _sdata = .
 *(.data)
 *(.data*)
 .data.uwTickFreq
                0x0000000020000000        0x1 build/stm32f1xx_hal.o
                0x0000000020000000                uwTickFreq
 *fill*         0x0000000020000001        0x3 
 .data.uwTickPrio
                0x0000000020000004        0x4 build/stm32f1xx_hal.o
                0x0000000020000004                uwTickPrio
 .data.SystemCoreClock
                0x0000000020000008        0x4 build/system_stm32f1xx.o
                0x0000000020000008                SystemCoreClock
 *(.RamFunc)
 *(.RamFunc*)
                0x000000002000000c                . = ALIGN (0x4)
                0x000000002000000c                _edata = .

.igot.plt       0x000000002000000c        0x0 load address 0x0000000008000d08
 .igot.plt      0x000000002000000c        0x0 c:/users/vasil/appdata/roaming/code/user/globalstorage/bmd.stm32-for-vscode/@xpack-dev-tools/arm-none-eabi-gcc/11.3.1-1.1.2/.content/bin/../lib/gcc/arm-none-eabi/11.3.1/thumb/v7-m/nofp/crtbegin.o
                0x000000002000000c                . = ALIGN (0x4)

.bss            0x000000002000000c       0x20 load address 0x0000000008000d08
                0x000000002000000c                _sbss = .
                0x000000002000000c                __bss_start__ = _sbss
 *(.bss)
 *(.bss*)
 .bss.completed.1
                0x000000002000000c        0x1 c:/users/vasil/appdata/roaming/code/user/globalstorage/bmd.stm32-for-vscode/@xpack-dev-tools/arm-none-eabi-gcc/11.3.1-1.1.2/.content/bin/../lib/gcc/arm-none-eabi/11.3.1/thumb/v7-m/nofp/crtbegin.o
 *fill*         0x000000002000000d        0x3 
 .bss.object.0  0x0000000020000010       0x18 c:/users/vasil/appdata/roaming/code/user/globalstorage/bmd.stm32-for-vscode/@xpack-dev-tools/arm-none-eabi-gcc/11.3.1-1.1.2/.content/bin/../lib/gcc/arm-none-eabi/11.3.1/thumb/v7-m/nofp/crtbegin.o
 .bss.uwTick    0x0000000020000028        0x4 build/stm32f1xx_hal.o
                0x0000000020000028                uwTick
 *(COMMON)
                0x000000002000002c                . = ALIGN (0x4)
                0x000000002000002c                _ebss = .
                0x000000002000002c                __bss_end__ = _ebss

._user_heap_stack
                0x000000002000002c      0x604 load address 0x0000000008000d08
                0x0000000020000030                . = ALIGN (0x8)
 *fill*         0x000000002000002c        0x4 
                [!provide]                        PROVIDE (end = .)
                0x0000000020000030                PROVIDE (_end = .)
                0x0000000020000230                . = (. + _Min_Heap_Size)
 *fill*         0x0000000020000030      0x200 
                0x0000000020000630                . = (. + _Min_Stack_Size)
 *fill*         0x0000000020000230      0x400 
                0x0000000020000630                . = ALIGN (0x8)

/DISCARD/
 libc.a(*)
 libm.a(*)
 libgcc.a(*)

.ARM.attributes
                0x0000000000000000       0x29
 *(.ARM.attributes)
 .ARM.attributes
                0x0000000000000000       0x1d c:/users/vasil/appdata/roaming/code/user/globalstorage/bmd.stm32-for-vscode/@xpack-dev-tools/arm-none-eabi-gcc/11.3.1-1.1.2/.content/bin/../lib/gcc/arm-none-eabi/11.3.1/thumb/v7-m/nofp/crti.o
 .ARM.attributes
                0x000000000000001d       0x2d c:/users/vasil/appdata/roaming/code/user/globalstorage/bmd.stm32-for-vscode/@xpack-dev-tools/arm-none-eabi-gcc/11.3.1-1.1.2/.content/bin/../lib/gcc/arm-none-eabi/11.3.1/thumb/v7-m/nofp/crtbegin.o
 .ARM.attributes
                0x000000000000004a       0x2d build/stm32f1xx_hal.o
 .ARM.attributes
                0x0000000000000077       0x2d build/stm32f1xx_hal_cortex.o
 .ARM.attributes
                0x00000000000000a4       0x2d build/stm32f1xx_hal_gpio.o
 .ARM.attributes
                0x00000000000000d1       0x2d build/stm32f1xx_hal_rcc.o
 .ARM.attributes
                0x00000000000000fe       0x2d build/main.o
 .ARM.attributes
                0x000000000000012b       0x2d build/stm32f1xx_hal_msp.o
 .ARM.attributes
                0x0000000000000158       0x2d build/stm32f1xx_it.o
 .ARM.attributes
                0x0000000000000185       0x2d build/system_stm32f1xx.o
 .ARM.attributes
                0x00000000000001b2       0x21 build/startup_stm32f103x6.o
 .ARM.attributes
                0x00000000000001d3       0x2d c:/users/vasil/appdata/roaming/code/user/globalstorage/bmd.stm32-for-vscode/@xpack-dev-tools/arm-none-eabi-gcc/11.3.1-1.1.2/.content/bin/../lib/gcc/arm-none-eabi/11.3.1/../../../../arm-none-eabi/lib/thumb/v7-m/nofp\libc_nano.a(libc_a-memset.o)
 .ARM.attributes
                0x0000000000000200       0x2d c:/users/vasil/appdata/roaming/code/user/globalstorage/bmd.stm32-for-vscode/@xpack-dev-tools/arm-none-eabi-gcc/11.3.1-1.1.2/.content/bin/../lib/gcc/arm-none-eabi/11.3.1/../../../../arm-none-eabi/lib/thumb/v7-m/nofp\libc_nano.a(libc_a-init.o)
 .ARM.attributes
                0x000000000000022d       0x1d c:/users/vasil/appdata/roaming/code/user/globalstorage/bmd.stm32-for-vscode/@xpack-dev-tools/arm-none-eabi-gcc/11.3.1-1.1.2/.content/bin/../lib/gcc/arm-none-eabi/11.3.1/thumb/v7-m/nofp/crtn.o
OUTPUT(build/test.elf elf32-littlearm)
LOAD linker stubs
LOAD c:/users/vasil/appdata/roaming/code/user/globalstorage/bmd.stm32-for-vscode/@xpack-dev-tools/arm-none-eabi-gcc/11.3.1-1.1.2/.content/bin/../lib/gcc/arm-none-eabi/11.3.1/../../../../arm-none-eabi/lib/thumb/v7-m/nofp\libc.a
LOAD c:/users/vasil/appdata/roaming/code/user/globalstorage/bmd.stm32-for-vscode/@xpack-dev-tools/arm-none-eabi-gcc/11.3.1-1.1.2/.content/bin/../lib/gcc/arm-none-eabi/11.3.1/../../../../arm-none-eabi/lib/thumb/v7-m/nofp\libm.a
LOAD c:/users/vasil/appdata/roaming/code/user/globalstorage/bmd.stm32-for-vscode/@xpack-dev-tools/arm-none-eabi-gcc/11.3.1-1.1.2/.content/bin/../lib/gcc/arm-none-eabi/11.3.1/thumb/v7-m/nofp\libgcc.a

.comment        0x0000000000000000       0x39
 .comment       0x0000000000000000       0x39 c:/users/vasil/appdata/roaming/code/user/globalstorage/bmd.stm32-for-vscode/@xpack-dev-tools/arm-none-eabi-gcc/11.3.1-1.1.2/.content/bin/../lib/gcc/arm-none-eabi/11.3.1/thumb/v7-m/nofp/crtbegin.o
                                         0x3a (size before relaxing)
 .comment       0x0000000000000039       0x3a build/stm32f1xx_hal.o
 .comment       0x0000000000000039       0x3a build/stm32f1xx_hal_cortex.o
 .comment       0x0000000000000039       0x3a build/stm32f1xx_hal_gpio.o
 .comment       0x0000000000000039       0x3a build/stm32f1xx_hal_rcc.o
 .comment       0x0000000000000039       0x3a build/main.o
 .comment       0x0000000000000039       0x3a build/stm32f1xx_hal_msp.o
 .comment       0x0000000000000039       0x3a build/stm32f1xx_it.o
 .comment       0x0000000000000039       0x3a build/system_stm32f1xx.o
 .comment       0x0000000000000039       0x3a c:/users/vasil/appdata/roaming/code/user/globalstorage/bmd.stm32-for-vscode/@xpack-dev-tools/arm-none-eabi-gcc/11.3.1-1.1.2/.content/bin/../lib/gcc/arm-none-eabi/11.3.1/../../../../arm-none-eabi/lib/thumb/v7-m/nofp\libc_nano.a(libc_a-memset.o)
 .comment       0x0000000000000039       0x3a c:/users/vasil/appdata/roaming/code/user/globalstorage/bmd.stm32-for-vscode/@xpack-dev-tools/arm-none-eabi-gcc/11.3.1-1.1.2/.content/bin/../lib/gcc/arm-none-eabi/11.3.1/../../../../arm-none-eabi/lib/thumb/v7-m/nofp\libc_nano.a(libc_a-init.o)

.debug_info     0x0000000000000000     0x2ec5
 .debug_info    0x0000000000000000      0x784 build/stm32f1xx_hal.o
 .debug_info    0x0000000000000784      0xca7 build/stm32f1xx_hal_cortex.o
 .debug_info    0x000000000000142b      0x604 build/stm32f1xx_hal_gpio.o
 .debug_info    0x0000000000001a2f      0x9c7 build/stm32f1xx_hal_rcc.o
 .debug_info    0x00000000000023f6      0x56e build/main.o
 .debug_info    0x0000000000002964      0x1f4 build/stm32f1xx_hal_msp.o
 .debug_info    0x0000000000002b58      0x11d build/stm32f1xx_it.o
 .debug_info    0x0000000000002c75      0x22d build/system_stm32f1xx.o
 .debug_info    0x0000000000002ea2       0x23 build/startup_stm32f103x6.o

.debug_abbrev   0x0000000000000000      0xec6
 .debug_abbrev  0x0000000000000000      0x22d build/stm32f1xx_hal.o
 .debug_abbrev  0x000000000000022d      0x348 build/stm32f1xx_hal_cortex.o
 .debug_abbrev  0x0000000000000575      0x1f7 build/stm32f1xx_hal_gpio.o
 .debug_abbrev  0x000000000000076c      0x2a0 build/stm32f1xx_hal_rcc.o
 .debug_abbrev  0x0000000000000a0c      0x1fc build/main.o
 .debug_abbrev  0x0000000000000c08       0xed build/stm32f1xx_hal_msp.o
 .debug_abbrev  0x0000000000000cf5       0x7c build/stm32f1xx_it.o
 .debug_abbrev  0x0000000000000d71      0x143 build/system_stm32f1xx.o
 .debug_abbrev  0x0000000000000eb4       0x12 build/startup_stm32f103x6.o

.debug_loclists
                0x0000000000000000      0xd0b
 .debug_loclists
                0x0000000000000000       0xc9 build/stm32f1xx_hal.o
 .debug_loclists
                0x00000000000000c9      0x4c4 build/stm32f1xx_hal_cortex.o
 .debug_loclists
                0x000000000000058d      0x2ca build/stm32f1xx_hal_gpio.o
 .debug_loclists
                0x0000000000000857      0x3f8 build/stm32f1xx_hal_rcc.o
 .debug_loclists
                0x0000000000000c4f       0x17 build/stm32f1xx_hal_msp.o
 .debug_loclists
                0x0000000000000c66       0xa5 build/system_stm32f1xx.o

.debug_aranges  0x0000000000000000      0x360
 .debug_aranges
                0x0000000000000000       0xe0 build/stm32f1xx_hal.o
 .debug_aranges
                0x00000000000000e0       0x90 build/stm32f1xx_hal_cortex.o
 .debug_aranges
                0x0000000000000170       0x58 build/stm32f1xx_hal_gpio.o
 .debug_aranges
                0x00000000000001c8       0x90 build/stm32f1xx_hal_rcc.o
 .debug_aranges
                0x0000000000000258       0x38 build/main.o
 .debug_aranges
                0x0000000000000290       0x20 build/stm32f1xx_hal_msp.o
 .debug_aranges
                0x00000000000002b0       0x60 build/stm32f1xx_it.o
 .debug_aranges
                0x0000000000000310       0x28 build/system_stm32f1xx.o
 .debug_aranges
                0x0000000000000338       0x28 build/startup_stm32f103x6.o

.debug_rnglists
                0x0000000000000000      0x2a4
 .debug_rnglists
                0x0000000000000000       0xa3 build/stm32f1xx_hal.o
 .debug_rnglists
                0x00000000000000a3       0x97 build/stm32f1xx_hal_cortex.o
 .debug_rnglists
                0x000000000000013a       0x3f build/stm32f1xx_hal_gpio.o
 .debug_rnglists
                0x0000000000000179       0x7d build/stm32f1xx_hal_rcc.o
 .debug_rnglists
                0x00000000000001f6       0x25 build/main.o
 .debug_rnglists
                0x000000000000021b       0x13 build/stm32f1xx_hal_msp.o
 .debug_rnglists
                0x000000000000022e       0x43 build/stm32f1xx_it.o
 .debug_rnglists
                0x0000000000000271       0x1a build/system_stm32f1xx.o
 .debug_rnglists
                0x000000000000028b       0x19 build/startup_stm32f103x6.o

.debug_line     0x0000000000000000     0x2e61
 .debug_line    0x0000000000000000      0x6a2 build/stm32f1xx_hal.o
 .debug_line    0x00000000000006a2      0x771 build/stm32f1xx_hal_cortex.o
 .debug_line    0x0000000000000e13      0x700 build/stm32f1xx_hal_gpio.o
 .debug_line    0x0000000000001513      0xd4f build/stm32f1xx_hal_rcc.o
 .debug_line    0x0000000000002262      0x491 build/main.o
 .debug_line    0x00000000000026f3      0x23f build/stm32f1xx_hal_msp.o
 .debug_line    0x0000000000002932      0x1b2 build/stm32f1xx_it.o
 .debug_line    0x0000000000002ae4      0x309 build/system_stm32f1xx.o
 .debug_line    0x0000000000002ded       0x74 build/startup_stm32f103x6.o

.debug_str      0x0000000000000000     0x12da
 .debug_str     0x0000000000000000      0x7a6 build/stm32f1xx_hal.o
                                        0x7fa (size before relaxing)
 .debug_str     0x00000000000007a6      0x407 build/stm32f1xx_hal_cortex.o
                                        0x89f (size before relaxing)
 .debug_str     0x0000000000000bad      0x207 build/stm32f1xx_hal_gpio.o
                                        0x406 (size before relaxing)
 .debug_str     0x0000000000000db4      0x37e build/stm32f1xx_hal_rcc.o
                                        0x631 (size before relaxing)
 .debug_str     0x0000000000001132       0x72 build/main.o
                                        0x419 (size before relaxing)
 .debug_str     0x00000000000011a4       0x1d build/stm32f1xx_hal_msp.o
                                        0x1ea (size before relaxing)
 .debug_str     0x00000000000011c1       0xa8 build/stm32f1xx_it.o
                                        0x1ed (size before relaxing)
 .debug_str     0x0000000000001269       0x4f build/system_stm32f1xx.o
                                        0x21f (size before relaxing)
 .debug_str     0x00000000000012b8       0x22 build/startup_stm32f103x6.o
                                         0x42 (size before relaxing)

.debug_frame    0x0000000000000000      0x6c0
 .debug_frame   0x0000000000000000      0x1cc build/stm32f1xx_hal.o
 .debug_frame   0x00000000000001cc      0x118 build/stm32f1xx_hal_cortex.o
 .debug_frame   0x00000000000002e4       0xe0 build/stm32f1xx_hal_gpio.o
 .debug_frame   0x00000000000003c4      0x184 build/stm32f1xx_hal_rcc.o
 .debug_frame   0x0000000000000548       0x78 build/main.o
 .debug_frame   0x00000000000005c0       0x28 build/stm32f1xx_hal_msp.o
 .debug_frame   0x00000000000005e8       0xa8 build/stm32f1xx_it.o
 .debug_frame   0x0000000000000690       0x30 build/system_stm32f1xx.o

.debug_line_str
                0x0000000000000000       0x36
 .debug_line_str
                0x0000000000000000       0x36 build/startup_stm32f103x6.o
                                         0x4c (size before relaxing)

Cross Reference Table

Symbol                                            File
ADC1_2_IRQHandler                                 build/startup_stm32f103x6.o
AHBPrescTable                                     build/system_stm32f1xx.o
                                                  build/stm32f1xx_hal_rcc.o
APBPrescTable                                     build/system_stm32f1xx.o
                                                  build/stm32f1xx_hal_rcc.o
BusFault_Handler                                  build/stm32f1xx_it.o
CAN1_RX1_IRQHandler                               build/startup_stm32f103x6.o
CAN1_SCE_IRQHandler                               build/startup_stm32f103x6.o
DMA1_Channel1_IRQHandler                          build/startup_stm32f103x6.o
DMA1_Channel2_IRQHandler                          build/startup_stm32f103x6.o
DMA1_Channel3_IRQHandler                          build/startup_stm32f103x6.o
DMA1_Channel4_IRQHandler                          build/startup_stm32f103x6.o
DMA1_Channel5_IRQHandler                          build/startup_stm32f103x6.o
DMA1_Channel6_IRQHandler                          build/startup_stm32f103x6.o
DMA1_Channel7_IRQHandler                          build/startup_stm32f103x6.o
DebugMon_Handler                                  build/stm32f1xx_it.o
Default_Handler                                   build/startup_stm32f103x6.o
EXTI0_IRQHandler                                  build/startup_stm32f103x6.o
EXTI15_10_IRQHandler                              build/startup_stm32f103x6.o
EXTI1_IRQHandler                                  build/startup_stm32f103x6.o
EXTI2_IRQHandler                                  build/startup_stm32f103x6.o
EXTI3_IRQHandler                                  build/startup_stm32f103x6.o
EXTI4_IRQHandler                                  build/startup_stm32f103x6.o
EXTI9_5_IRQHandler                                build/startup_stm32f103x6.o
Error_Handler                                     build/main.o
FLASH_IRQHandler                                  build/startup_stm32f103x6.o
FLASH_PageErase                                   build/stm32f1xx_hal_flash_ex.o
                                                  build/stm32f1xx_hal_flash.o
FLASH_WaitForLastOperation                        build/stm32f1xx_hal_flash.o
                                                  build/stm32f1xx_hal_flash_ex.o
HAL_DBGMCU_DisableDBGSleepMode                    build/stm32f1xx_hal.o
HAL_DBGMCU_DisableDBGStandbyMode                  build/stm32f1xx_hal.o
HAL_DBGMCU_DisableDBGStopMode                     build/stm32f1xx_hal.o
HAL_DBGMCU_EnableDBGSleepMode                     build/stm32f1xx_hal.o
HAL_DBGMCU_EnableDBGStandbyMode                   build/stm32f1xx_hal.o
HAL_DBGMCU_EnableDBGStopMode                      build/stm32f1xx_hal.o
HAL_DMA_Abort                                     build/stm32f1xx_hal_dma.o
HAL_DMA_Abort_IT                                  build/stm32f1xx_hal_dma.o
HAL_DMA_DeInit                                    build/stm32f1xx_hal_dma.o
HAL_DMA_GetError                                  build/stm32f1xx_hal_dma.o
HAL_DMA_GetState                                  build/stm32f1xx_hal_dma.o
HAL_DMA_IRQHandler                                build/stm32f1xx_hal_dma.o
HAL_DMA_Init                                      build/stm32f1xx_hal_dma.o
HAL_DMA_PollForTransfer                           build/stm32f1xx_hal_dma.o
HAL_DMA_RegisterCallback                          build/stm32f1xx_hal_dma.o
HAL_DMA_Start                                     build/stm32f1xx_hal_dma.o
HAL_DMA_Start_IT                                  build/stm32f1xx_hal_dma.o
HAL_DMA_UnRegisterCallback                        build/stm32f1xx_hal_dma.o
HAL_DeInit                                        build/stm32f1xx_hal.o
HAL_Delay                                         build/stm32f1xx_hal.o
HAL_EXTI_ClearConfigLine                          build/stm32f1xx_hal_exti.o
HAL_EXTI_ClearPending                             build/stm32f1xx_hal_exti.o
HAL_EXTI_GenerateSWI                              build/stm32f1xx_hal_exti.o
HAL_EXTI_GetConfigLine                            build/stm32f1xx_hal_exti.o
HAL_EXTI_GetHandle                                build/stm32f1xx_hal_exti.o
HAL_EXTI_GetPending                               build/stm32f1xx_hal_exti.o
HAL_EXTI_IRQHandler                               build/stm32f1xx_hal_exti.o
HAL_EXTI_RegisterCallback                         build/stm32f1xx_hal_exti.o
HAL_EXTI_SetConfigLine                            build/stm32f1xx_hal_exti.o
HAL_FLASHEx_Erase                                 build/stm32f1xx_hal_flash_ex.o
HAL_FLASHEx_Erase_IT                              build/stm32f1xx_hal_flash_ex.o
HAL_FLASHEx_OBErase                               build/stm32f1xx_hal_flash_ex.o
HAL_FLASHEx_OBGetConfig                           build/stm32f1xx_hal_flash_ex.o
HAL_FLASHEx_OBGetUserData                         build/stm32f1xx_hal_flash_ex.o
HAL_FLASHEx_OBProgram                             build/stm32f1xx_hal_flash_ex.o
HAL_FLASH_EndOfOperationCallback                  build/stm32f1xx_hal_flash.o
HAL_FLASH_GetError                                build/stm32f1xx_hal_flash.o
HAL_FLASH_IRQHandler                              build/stm32f1xx_hal_flash.o
HAL_FLASH_Lock                                    build/stm32f1xx_hal_flash.o
HAL_FLASH_OB_Launch                               build/stm32f1xx_hal_flash.o
HAL_FLASH_OB_Lock                                 build/stm32f1xx_hal_flash.o
HAL_FLASH_OB_Unlock                               build/stm32f1xx_hal_flash.o
HAL_FLASH_OperationErrorCallback                  build/stm32f1xx_hal_flash.o
HAL_FLASH_Program                                 build/stm32f1xx_hal_flash.o
HAL_FLASH_Program_IT                              build/stm32f1xx_hal_flash.o
HAL_FLASH_Unlock                                  build/stm32f1xx_hal_flash.o
HAL_GPIOEx_ConfigEventout                         build/stm32f1xx_hal_gpio_ex.o
HAL_GPIOEx_DisableEventout                        build/stm32f1xx_hal_gpio_ex.o
HAL_GPIOEx_EnableEventout                         build/stm32f1xx_hal_gpio_ex.o
HAL_GPIO_DeInit                                   build/stm32f1xx_hal_gpio.o
HAL_GPIO_EXTI_Callback                            build/stm32f1xx_hal_gpio.o
HAL_GPIO_EXTI_IRQHandler                          build/stm32f1xx_hal_gpio.o
HAL_GPIO_Init                                     build/stm32f1xx_hal_gpio.o
                                                  build/main.o
                                                  build/stm32f1xx_hal_rcc.o
HAL_GPIO_LockPin                                  build/stm32f1xx_hal_gpio.o
HAL_GPIO_ReadPin                                  build/stm32f1xx_hal_gpio.o
HAL_GPIO_TogglePin                                build/stm32f1xx_hal_gpio.o
HAL_GPIO_WritePin                                 build/stm32f1xx_hal_gpio.o
                                                  build/main.o
HAL_GetDEVID                                      build/stm32f1xx_hal.o
HAL_GetHalVersion                                 build/stm32f1xx_hal.o
HAL_GetREVID                                      build/stm32f1xx_hal.o
HAL_GetTick                                       build/stm32f1xx_hal.o
                                                  build/stm32f1xx_hal_rcc_ex.o
                                                  build/stm32f1xx_hal_rcc.o
                                                  build/stm32f1xx_hal_flash.o
                                                  build/stm32f1xx_hal_dma.o
HAL_GetTickFreq                                   build/stm32f1xx_hal.o
HAL_GetTickPrio                                   build/stm32f1xx_hal.o
HAL_GetUIDw0                                      build/stm32f1xx_hal.o
HAL_GetUIDw1                                      build/stm32f1xx_hal.o
HAL_GetUIDw2                                      build/stm32f1xx_hal.o
HAL_IncTick                                       build/stm32f1xx_hal.o
                                                  build/stm32f1xx_it.o
HAL_Init                                          build/stm32f1xx_hal.o
                                                  build/main.o
HAL_InitTick                                      build/stm32f1xx_hal.o
                                                  build/stm32f1xx_hal_rcc.o
HAL_MspDeInit                                     build/stm32f1xx_hal.o
HAL_MspInit                                       build/stm32f1xx_hal_msp.o
                                                  build/stm32f1xx_hal.o
HAL_NVIC_ClearPendingIRQ                          build/stm32f1xx_hal_cortex.o
HAL_NVIC_DisableIRQ                               build/stm32f1xx_hal_cortex.o
HAL_NVIC_EnableIRQ                                build/stm32f1xx_hal_cortex.o
HAL_NVIC_GetActive                                build/stm32f1xx_hal_cortex.o
HAL_NVIC_GetPendingIRQ                            build/stm32f1xx_hal_cortex.o
HAL_NVIC_GetPriority                              build/stm32f1xx_hal_cortex.o
HAL_NVIC_GetPriorityGrouping                      build/stm32f1xx_hal_cortex.o
HAL_NVIC_SetPendingIRQ                            build/stm32f1xx_hal_cortex.o
HAL_NVIC_SetPriority                              build/stm32f1xx_hal_cortex.o
                                                  build/stm32f1xx_hal.o
HAL_NVIC_SetPriorityGrouping                      build/stm32f1xx_hal_cortex.o
                                                  build/stm32f1xx_hal.o
HAL_NVIC_SystemReset                              build/stm32f1xx_hal_cortex.o
                                                  build/stm32f1xx_hal_flash.o
HAL_PWR_ConfigPVD                                 build/stm32f1xx_hal_pwr.o
HAL_PWR_DeInit                                    build/stm32f1xx_hal_pwr.o
HAL_PWR_DisableBkUpAccess                         build/stm32f1xx_hal_pwr.o
HAL_PWR_DisablePVD                                build/stm32f1xx_hal_pwr.o
HAL_PWR_DisableSEVOnPend                          build/stm32f1xx_hal_pwr.o
HAL_PWR_DisableSleepOnExit                        build/stm32f1xx_hal_pwr.o
HAL_PWR_DisableWakeUpPin                          build/stm32f1xx_hal_pwr.o
HAL_PWR_EnableBkUpAccess                          build/stm32f1xx_hal_pwr.o
HAL_PWR_EnablePVD                                 build/stm32f1xx_hal_pwr.o
HAL_PWR_EnableSEVOnPend                           build/stm32f1xx_hal_pwr.o
HAL_PWR_EnableSleepOnExit                         build/stm32f1xx_hal_pwr.o
HAL_PWR_EnableWakeUpPin                           build/stm32f1xx_hal_pwr.o
HAL_PWR_EnterSLEEPMode                            build/stm32f1xx_hal_pwr.o
HAL_PWR_EnterSTANDBYMode                          build/stm32f1xx_hal_pwr.o
HAL_PWR_EnterSTOPMode                             build/stm32f1xx_hal_pwr.o
HAL_PWR_PVDCallback                               build/stm32f1xx_hal_pwr.o
HAL_PWR_PVD_IRQHandler                            build/stm32f1xx_hal_pwr.o
HAL_RCCEx_GetPeriphCLKConfig                      build/stm32f1xx_hal_rcc_ex.o
HAL_RCCEx_GetPeriphCLKFreq                        build/stm32f1xx_hal_rcc_ex.o
HAL_RCCEx_PeriphCLKConfig                         build/stm32f1xx_hal_rcc_ex.o
HAL_RCC_CSSCallback                               build/stm32f1xx_hal_rcc.o
HAL_RCC_ClockConfig                               build/stm32f1xx_hal_rcc.o
                                                  build/main.o
HAL_RCC_DeInit                                    build/stm32f1xx_hal_rcc.o
HAL_RCC_DisableCSS                                build/stm32f1xx_hal_rcc.o
HAL_RCC_EnableCSS                                 build/stm32f1xx_hal_rcc.o
HAL_RCC_GetClockConfig                            build/stm32f1xx_hal_rcc.o
HAL_RCC_GetHCLKFreq                               build/stm32f1xx_hal_rcc.o
HAL_RCC_GetOscConfig                              build/stm32f1xx_hal_rcc.o
HAL_RCC_GetPCLK1Freq                              build/stm32f1xx_hal_rcc.o
HAL_RCC_GetPCLK2Freq                              build/stm32f1xx_hal_rcc.o
                                                  build/stm32f1xx_hal_rcc_ex.o
HAL_RCC_GetSysClockFreq                           build/stm32f1xx_hal_rcc.o
HAL_RCC_MCOConfig                                 build/stm32f1xx_hal_rcc.o
HAL_RCC_NMI_IRQHandler                            build/stm32f1xx_hal_rcc.o
HAL_RCC_OscConfig                                 build/stm32f1xx_hal_rcc.o
                                                  build/main.o
HAL_ResumeTick                                    build/stm32f1xx_hal.o
HAL_SYSTICK_CLKSourceConfig                       build/stm32f1xx_hal_cortex.o
HAL_SYSTICK_Callback                              build/stm32f1xx_hal_cortex.o
HAL_SYSTICK_Config                                build/stm32f1xx_hal_cortex.o
                                                  build/stm32f1xx_hal.o
HAL_SYSTICK_IRQHandler                            build/stm32f1xx_hal_cortex.o
HAL_SetTickFreq                                   build/stm32f1xx_hal.o
HAL_SuspendTick                                   build/stm32f1xx_hal.o
HardFault_Handler                                 build/stm32f1xx_it.o
I2C1_ER_IRQHandler                                build/startup_stm32f103x6.o
I2C1_EV_IRQHandler                                build/startup_stm32f103x6.o
MemManage_Handler                                 build/stm32f1xx_it.o
NMI_Handler                                       build/stm32f1xx_it.o
PVD_IRQHandler                                    build/startup_stm32f103x6.o
PendSV_Handler                                    build/stm32f1xx_it.o
RCC_IRQHandler                                    build/startup_stm32f103x6.o
RTC_Alarm_IRQHandler                              build/startup_stm32f103x6.o
RTC_IRQHandler                                    build/startup_stm32f103x6.o
Reset_Handler                                     build/startup_stm32f103x6.o
SPI1_IRQHandler                                   build/startup_stm32f103x6.o
SVC_Handler                                       build/stm32f1xx_it.o
SysTick_Handler                                   build/stm32f1xx_it.o
SystemClock_Config                                build/main.o
SystemCoreClock                                   build/system_stm32f1xx.o
                                                  build/stm32f1xx_hal_rcc.o
                                                  build/stm32f1xx_hal.o
SystemCoreClockUpdate                             build/system_stm32f1xx.o
SystemInit                                        build/system_stm32f1xx.o
                                                  build/startup_stm32f103x6.o
TAMPER_IRQHandler                                 build/startup_stm32f103x6.o
TIM1_BRK_IRQHandler                               build/startup_stm32f103x6.o
TIM1_CC_IRQHandler                                build/startup_stm32f103x6.o
TIM1_TRG_COM_IRQHandler                           build/startup_stm32f103x6.o
TIM1_UP_IRQHandler                                build/startup_stm32f103x6.o
TIM2_IRQHandler                                   build/startup_stm32f103x6.o
TIM3_IRQHandler                                   build/startup_stm32f103x6.o
USART1_IRQHandler                                 build/startup_stm32f103x6.o
USART2_IRQHandler                                 build/startup_stm32f103x6.o
USBWakeUp_IRQHandler                              build/startup_stm32f103x6.o
USB_HP_CAN1_TX_IRQHandler                         build/startup_stm32f103x6.o
USB_LP_CAN1_RX0_IRQHandler                        build/startup_stm32f103x6.o
UsageFault_Handler                                build/stm32f1xx_it.o
WWDG_IRQHandler                                   build/startup_stm32f103x6.o
_Min_Stack_Size                                   build/sysmem.o
__atexit                                          c:/users/vasil/appdata/roaming/code/user/globalstorage/bmd.stm32-for-vscode/@xpack-dev-tools/arm-none-eabi-gcc/11.3.1-1.1.2/.content/bin/../lib/gcc/arm-none-eabi/11.3.1/../../../../arm-none-eabi/lib/thumb/v7-m/nofp\libc_nano.a(libc_a-__call_atexit.o)
                                                  c:/users/vasil/appdata/roaming/code/user/globalstorage/bmd.stm32-for-vscode/@xpack-dev-tools/arm-none-eabi-gcc/11.3.1-1.1.2/.content/bin/../lib/gcc/arm-none-eabi/11.3.1/../../../../arm-none-eabi/lib/thumb/v7-m/nofp\libc_nano.a(libc_a-__atexit.o)
__atexit0                                         c:/users/vasil/appdata/roaming/code/user/globalstorage/bmd.stm32-for-vscode/@xpack-dev-tools/arm-none-eabi-gcc/11.3.1-1.1.2/.content/bin/../lib/gcc/arm-none-eabi/11.3.1/../../../../arm-none-eabi/lib/thumb/v7-m/nofp\libc_nano.a(libc_a-__atexit.o)
__atexit_dummy                                    c:/users/vasil/appdata/roaming/code/user/globalstorage/bmd.stm32-for-vscode/@xpack-dev-tools/arm-none-eabi-gcc/11.3.1-1.1.2/.content/bin/../lib/gcc/arm-none-eabi/11.3.1/../../../../arm-none-eabi/lib/thumb/v7-m/nofp\libc_nano.a(libc_a-__atexit.o)
__atexit_recursive_mutex                          c:/users/vasil/appdata/roaming/code/user/globalstorage/bmd.stm32-for-vscode/@xpack-dev-tools/arm-none-eabi-gcc/11.3.1-1.1.2/.content/bin/../lib/gcc/arm-none-eabi/11.3.1/../../../../arm-none-eabi/lib/thumb/v7-m/nofp\libc_nano.a(libc_a-__call_atexit.o)
                                                  c:/users/vasil/appdata/roaming/code/user/globalstorage/bmd.stm32-for-vscode/@xpack-dev-tools/arm-none-eabi-gcc/11.3.1-1.1.2/.content/bin/../lib/gcc/arm-none-eabi/11.3.1/../../../../arm-none-eabi/lib/thumb/v7-m/nofp\libc_nano.a(libc_a-__atexit.o)
__bss_end__                                       c:/users/vasil/appdata/roaming/code/user/globalstorage/bmd.stm32-for-vscode/@xpack-dev-tools/arm-none-eabi-gcc/11.3.1-1.1.2/.content/bin/../lib/gcc/arm-none-eabi/11.3.1/../../../../arm-none-eabi/lib/thumb/v7-m/nofp/crt0.o
__bss_start__                                     c:/users/vasil/appdata/roaming/code/user/globalstorage/bmd.stm32-for-vscode/@xpack-dev-tools/arm-none-eabi-gcc/11.3.1-1.1.2/.content/bin/../lib/gcc/arm-none-eabi/11.3.1/../../../../arm-none-eabi/lib/thumb/v7-m/nofp/crt0.o
__call_exitprocs                                  c:/users/vasil/appdata/roaming/code/user/globalstorage/bmd.stm32-for-vscode/@xpack-dev-tools/arm-none-eabi-gcc/11.3.1-1.1.2/.content/bin/../lib/gcc/arm-none-eabi/11.3.1/../../../../arm-none-eabi/lib/thumb/v7-m/nofp\libc_nano.a(libc_a-__call_atexit.o)
                                                  c:/users/vasil/appdata/roaming/code/user/globalstorage/bmd.stm32-for-vscode/@xpack-dev-tools/arm-none-eabi-gcc/11.3.1-1.1.2/.content/bin/../lib/gcc/arm-none-eabi/11.3.1/../../../../arm-none-eabi/lib/thumb/v7-m/nofp\libc_nano.a(libc_a-__atexit.o)
                                                  c:/users/vasil/appdata/roaming/code/user/globalstorage/bmd.stm32-for-vscode/@xpack-dev-tools/arm-none-eabi-gcc/11.3.1-1.1.2/.content/bin/../lib/gcc/arm-none-eabi/11.3.1/../../../../arm-none-eabi/lib/thumb/v7-m/nofp\libc_nano.a(libc_a-exit.o)
__deregister_frame_info                           c:/users/vasil/appdata/roaming/code/user/globalstorage/bmd.stm32-for-vscode/@xpack-dev-tools/arm-none-eabi-gcc/11.3.1-1.1.2/.content/bin/../lib/gcc/arm-none-eabi/11.3.1/thumb/v7-m/nofp/crtbegin.o
__dso_handle                                      c:/users/vasil/appdata/roaming/code/user/globalstorage/bmd.stm32-for-vscode/@xpack-dev-tools/arm-none-eabi-gcc/11.3.1-1.1.2/.content/bin/../lib/gcc/arm-none-eabi/11.3.1/thumb/v7-m/nofp/crtbegin.o
__env                                             build/syscalls.o
__errno                                           c:/users/vasil/appdata/roaming/code/user/globalstorage/bmd.stm32-for-vscode/@xpack-dev-tools/arm-none-eabi-gcc/11.3.1-1.1.2/.content/bin/../lib/gcc/arm-none-eabi/11.3.1/../../../../arm-none-eabi/lib/thumb/v7-m/nofp\libc_nano.a(libc_a-errno.o)
                                                  build/sysmem.o
                                                  build/syscalls.o
__fini_array_end                                  c:/users/vasil/appdata/roaming/code/user/globalstorage/bmd.stm32-for-vscode/@xpack-dev-tools/arm-none-eabi-gcc/11.3.1-1.1.2/.content/bin/../lib/gcc/arm-none-eabi/11.3.1/../../../../arm-none-eabi/lib/thumb/v7-m/nofp\libc_nano.a(libc_a-fini.o)
__fini_array_start                                c:/users/vasil/appdata/roaming/code/user/globalstorage/bmd.stm32-for-vscode/@xpack-dev-tools/arm-none-eabi-gcc/11.3.1-1.1.2/.content/bin/../lib/gcc/arm-none-eabi/11.3.1/../../../../arm-none-eabi/lib/thumb/v7-m/nofp\libc_nano.a(libc_a-fini.o)
__fp_lock_all                                     c:/users/vasil/appdata/roaming/code/user/globalstorage/bmd.stm32-for-vscode/@xpack-dev-tools/arm-none-eabi-gcc/11.3.1-1.1.2/.content/bin/../lib/gcc/arm-none-eabi/11.3.1/../../../../arm-none-eabi/lib/thumb/v7-m/nofp\libc_nano.a(libc_a-findfp.o)
__fp_unlock_all                                   c:/users/vasil/appdata/roaming/code/user/globalstorage/bmd.stm32-for-vscode/@xpack-dev-tools/arm-none-eabi-gcc/11.3.1-1.1.2/.content/bin/../lib/gcc/arm-none-eabi/11.3.1/../../../../arm-none-eabi/lib/thumb/v7-m/nofp\libc_nano.a(libc_a-findfp.o)
__init_array_end                                  c:/users/vasil/appdata/roaming/code/user/globalstorage/bmd.stm32-for-vscode/@xpack-dev-tools/arm-none-eabi-gcc/11.3.1-1.1.2/.content/bin/../lib/gcc/arm-none-eabi/11.3.1/../../../../arm-none-eabi/lib/thumb/v7-m/nofp\libc_nano.a(libc_a-init.o)
__init_array_start                                c:/users/vasil/appdata/roaming/code/user/globalstorage/bmd.stm32-for-vscode/@xpack-dev-tools/arm-none-eabi-gcc/11.3.1-1.1.2/.content/bin/../lib/gcc/arm-none-eabi/11.3.1/../../../../arm-none-eabi/lib/thumb/v7-m/nofp\libc_nano.a(libc_a-init.o)
__io_getchar                                      build/syscalls.o
__io_putchar                                      build/syscalls.o
__libc_fini_array                                 c:/users/vasil/appdata/roaming/code/user/globalstorage/bmd.stm32-for-vscode/@xpack-dev-tools/arm-none-eabi-gcc/11.3.1-1.1.2/.content/bin/../lib/gcc/arm-none-eabi/11.3.1/../../../../arm-none-eabi/lib/thumb/v7-m/nofp\libc_nano.a(libc_a-fini.o)
                                                  c:/users/vasil/appdata/roaming/code/user/globalstorage/bmd.stm32-for-vscode/@xpack-dev-tools/arm-none-eabi-gcc/11.3.1-1.1.2/.content/bin/../lib/gcc/arm-none-eabi/11.3.1/../../../../arm-none-eabi/lib/thumb/v7-m/nofp/crt0.o
__libc_init_array                                 c:/users/vasil/appdata/roaming/code/user/globalstorage/bmd.stm32-for-vscode/@xpack-dev-tools/arm-none-eabi-gcc/11.3.1-1.1.2/.content/bin/../lib/gcc/arm-none-eabi/11.3.1/../../../../arm-none-eabi/lib/thumb/v7-m/nofp\libc_nano.a(libc_a-init.o)
                                                  build/startup_stm32f103x6.o
                                                  c:/users/vasil/appdata/roaming/code/user/globalstorage/bmd.stm32-for-vscode/@xpack-dev-tools/arm-none-eabi-gcc/11.3.1-1.1.2/.content/bin/../lib/gcc/arm-none-eabi/11.3.1/../../../../arm-none-eabi/lib/thumb/v7-m/nofp/crt0.o
__lock___arc4random_mutex                         c:/users/vasil/appdata/roaming/code/user/globalstorage/bmd.stm32-for-vscode/@xpack-dev-tools/arm-none-eabi-gcc/11.3.1-1.1.2/.content/bin/../lib/gcc/arm-none-eabi/11.3.1/../../../../arm-none-eabi/lib/thumb/v7-m/nofp\libc_nano.a(libc_a-lock.o)
__lock___at_quick_exit_mutex                      c:/users/vasil/appdata/roaming/code/user/globalstorage/bmd.stm32-for-vscode/@xpack-dev-tools/arm-none-eabi-gcc/11.3.1-1.1.2/.content/bin/../lib/gcc/arm-none-eabi/11.3.1/../../../../arm-none-eabi/lib/thumb/v7-m/nofp\libc_nano.a(libc_a-lock.o)
__lock___atexit_recursive_mutex                   c:/users/vasil/appdata/roaming/code/user/globalstorage/bmd.stm32-for-vscode/@xpack-dev-tools/arm-none-eabi-gcc/11.3.1-1.1.2/.content/bin/../lib/gcc/arm-none-eabi/11.3.1/../../../../arm-none-eabi/lib/thumb/v7-m/nofp\libc_nano.a(libc_a-lock.o)
                                                  c:/users/vasil/appdata/roaming/code/user/globalstorage/bmd.stm32-for-vscode/@xpack-dev-tools/arm-none-eabi-gcc/11.3.1-1.1.2/.content/bin/../lib/gcc/arm-none-eabi/11.3.1/../../../../arm-none-eabi/lib/thumb/v7-m/nofp\libc_nano.a(libc_a-__call_atexit.o)
__lock___dd_hash_mutex                            c:/users/vasil/appdata/roaming/code/user/globalstorage/bmd.stm32-for-vscode/@xpack-dev-tools/arm-none-eabi-gcc/11.3.1-1.1.2/.content/bin/../lib/gcc/arm-none-eabi/11.3.1/../../../../arm-none-eabi/lib/thumb/v7-m/nofp\libc_nano.a(libc_a-lock.o)
__lock___env_recursive_mutex                      c:/users/vasil/appdata/roaming/code/user/globalstorage/bmd.stm32-for-vscode/@xpack-dev-tools/arm-none-eabi-gcc/11.3.1-1.1.2/.content/bin/../lib/gcc/arm-none-eabi/11.3.1/../../../../arm-none-eabi/lib/thumb/v7-m/nofp\libc_nano.a(libc_a-lock.o)
__lock___malloc_recursive_mutex                   c:/users/vasil/appdata/roaming/code/user/globalstorage/bmd.stm32-for-vscode/@xpack-dev-tools/arm-none-eabi-gcc/11.3.1-1.1.2/.content/bin/../lib/gcc/arm-none-eabi/11.3.1/../../../../arm-none-eabi/lib/thumb/v7-m/nofp\libc_nano.a(libc_a-lock.o)
                                                  c:/users/vasil/appdata/roaming/code/user/globalstorage/bmd.stm32-for-vscode/@xpack-dev-tools/arm-none-eabi-gcc/11.3.1-1.1.2/.content/bin/../lib/gcc/arm-none-eabi/11.3.1/../../../../arm-none-eabi/lib/thumb/v7-m/nofp\libc_nano.a(libc_a-mlock.o)
__lock___sfp_recursive_mutex                      c:/users/vasil/appdata/roaming/code/user/globalstorage/bmd.stm32-for-vscode/@xpack-dev-tools/arm-none-eabi-gcc/11.3.1-1.1.2/.content/bin/../lib/gcc/arm-none-eabi/11.3.1/../../../../arm-none-eabi/lib/thumb/v7-m/nofp\libc_nano.a(libc_a-lock.o)
                                                  c:/users/vasil/appdata/roaming/code/user/globalstorage/bmd.stm32-for-vscode/@xpack-dev-tools/arm-none-eabi-gcc/11.3.1-1.1.2/.content/bin/../lib/gcc/arm-none-eabi/11.3.1/../../../../arm-none-eabi/lib/thumb/v7-m/nofp\libc_nano.a(libc_a-findfp.o)
__lock___tz_mutex                                 c:/users/vasil/appdata/roaming/code/user/globalstorage/bmd.stm32-for-vscode/@xpack-dev-tools/arm-none-eabi-gcc/11.3.1-1.1.2/.content/bin/../lib/gcc/arm-none-eabi/11.3.1/../../../../arm-none-eabi/lib/thumb/v7-m/nofp\libc_nano.a(libc_a-lock.o)
__malloc_free_list                                c:/users/vasil/appdata/roaming/code/user/globalstorage/bmd.stm32-for-vscode/@xpack-dev-tools/arm-none-eabi-gcc/11.3.1-1.1.2/.content/bin/../lib/gcc/arm-none-eabi/11.3.1/../../../../arm-none-eabi/lib/thumb/v7-m/nofp\libc_nano.a(libc_a-mallocr.o)
                                                  c:/users/vasil/appdata/roaming/code/user/globalstorage/bmd.stm32-for-vscode/@xpack-dev-tools/arm-none-eabi-gcc/11.3.1-1.1.2/.content/bin/../lib/gcc/arm-none-eabi/11.3.1/../../../../arm-none-eabi/lib/thumb/v7-m/nofp\libc_nano.a(libc_a-freer.o)
__malloc_lock                                     c:/users/vasil/appdata/roaming/code/user/globalstorage/bmd.stm32-for-vscode/@xpack-dev-tools/arm-none-eabi-gcc/11.3.1-1.1.2/.content/bin/../lib/gcc/arm-none-eabi/11.3.1/../../../../arm-none-eabi/lib/thumb/v7-m/nofp\libc_nano.a(libc_a-mlock.o)
                                                  c:/users/vasil/appdata/roaming/code/user/globalstorage/bmd.stm32-for-vscode/@xpack-dev-tools/arm-none-eabi-gcc/11.3.1-1.1.2/.content/bin/../lib/gcc/arm-none-eabi/11.3.1/../../../../arm-none-eabi/lib/thumb/v7-m/nofp\libc_nano.a(libc_a-mallocr.o)
                                                  c:/users/vasil/appdata/roaming/code/user/globalstorage/bmd.stm32-for-vscode/@xpack-dev-tools/arm-none-eabi-gcc/11.3.1-1.1.2/.content/bin/../lib/gcc/arm-none-eabi/11.3.1/../../../../arm-none-eabi/lib/thumb/v7-m/nofp\libc_nano.a(libc_a-freer.o)
__malloc_sbrk_start                               c:/users/vasil/appdata/roaming/code/user/globalstorage/bmd.stm32-for-vscode/@xpack-dev-tools/arm-none-eabi-gcc/11.3.1-1.1.2/.content/bin/../lib/gcc/arm-none-eabi/11.3.1/../../../../arm-none-eabi/lib/thumb/v7-m/nofp\libc_nano.a(libc_a-mallocr.o)
__malloc_unlock                                   c:/users/vasil/appdata/roaming/code/user/globalstorage/bmd.stm32-for-vscode/@xpack-dev-tools/arm-none-eabi-gcc/11.3.1-1.1.2/.content/bin/../lib/gcc/arm-none-eabi/11.3.1/../../../../arm-none-eabi/lib/thumb/v7-m/nofp\libc_nano.a(libc_a-mlock.o)
                                                  c:/users/vasil/appdata/roaming/code/user/globalstorage/bmd.stm32-for-vscode/@xpack-dev-tools/arm-none-eabi-gcc/11.3.1-1.1.2/.content/bin/../lib/gcc/arm-none-eabi/11.3.1/../../../../arm-none-eabi/lib/thumb/v7-m/nofp\libc_nano.a(libc_a-mallocr.o)
                                                  c:/users/vasil/appdata/roaming/code/user/globalstorage/bmd.stm32-for-vscode/@xpack-dev-tools/arm-none-eabi-gcc/11.3.1-1.1.2/.content/bin/../lib/gcc/arm-none-eabi/11.3.1/../../../../arm-none-eabi/lib/thumb/v7-m/nofp\libc_nano.a(libc_a-freer.o)
__on_exit_args                                    c:/users/vasil/appdata/roaming/code/user/globalstorage/bmd.stm32-for-vscode/@xpack-dev-tools/arm-none-eabi-gcc/11.3.1-1.1.2/.content/bin/../lib/gcc/arm-none-eabi/11.3.1/../../../../arm-none-eabi/lib/thumb/v7-m/nofp\libc_nano.a(libc_a-__atexit.o)
__preinit_array_end                               c:/users/vasil/appdata/roaming/code/user/globalstorage/bmd.stm32-for-vscode/@xpack-dev-tools/arm-none-eabi-gcc/11.3.1-1.1.2/.content/bin/../lib/gcc/arm-none-eabi/11.3.1/../../../../arm-none-eabi/lib/thumb/v7-m/nofp\libc_nano.a(libc_a-init.o)
__preinit_array_start                             c:/users/vasil/appdata/roaming/code/user/globalstorage/bmd.stm32-for-vscode/@xpack-dev-tools/arm-none-eabi-gcc/11.3.1-1.1.2/.content/bin/../lib/gcc/arm-none-eabi/11.3.1/../../../../arm-none-eabi/lib/thumb/v7-m/nofp\libc_nano.a(libc_a-init.o)
__register_exitproc                               c:/users/vasil/appdata/roaming/code/user/globalstorage/bmd.stm32-for-vscode/@xpack-dev-tools/arm-none-eabi-gcc/11.3.1-1.1.2/.content/bin/../lib/gcc/arm-none-eabi/11.3.1/../../../../arm-none-eabi/lib/thumb/v7-m/nofp\libc_nano.a(libc_a-__atexit.o)
                                                  c:/users/vasil/appdata/roaming/code/user/globalstorage/bmd.stm32-for-vscode/@xpack-dev-tools/arm-none-eabi-gcc/11.3.1-1.1.2/.content/bin/../lib/gcc/arm-none-eabi/11.3.1/../../../../arm-none-eabi/lib/thumb/v7-m/nofp\libc_nano.a(libc_a-atexit.o)
__register_frame_info                             c:/users/vasil/appdata/roaming/code/user/globalstorage/bmd.stm32-for-vscode/@xpack-dev-tools/arm-none-eabi-gcc/11.3.1-1.1.2/.content/bin/../lib/gcc/arm-none-eabi/11.3.1/thumb/v7-m/nofp/crtbegin.o
__retarget_lock_acquire                           c:/users/vasil/appdata/roaming/code/user/globalstorage/bmd.stm32-for-vscode/@xpack-dev-tools/arm-none-eabi-gcc/11.3.1-1.1.2/.content/bin/../lib/gcc/arm-none-eabi/11.3.1/../../../../arm-none-eabi/lib/thumb/v7-m/nofp\libc_nano.a(libc_a-lock.o)
__retarget_lock_acquire_recursive                 c:/users/vasil/appdata/roaming/code/user/globalstorage/bmd.stm32-for-vscode/@xpack-dev-tools/arm-none-eabi-gcc/11.3.1-1.1.2/.content/bin/../lib/gcc/arm-none-eabi/11.3.1/../../../../arm-none-eabi/lib/thumb/v7-m/nofp\libc_nano.a(libc_a-lock.o)
                                                  c:/users/vasil/appdata/roaming/code/user/globalstorage/bmd.stm32-for-vscode/@xpack-dev-tools/arm-none-eabi-gcc/11.3.1-1.1.2/.content/bin/../lib/gcc/arm-none-eabi/11.3.1/../../../../arm-none-eabi/lib/thumb/v7-m/nofp\libc_nano.a(libc_a-fflush.o)
                                                  c:/users/vasil/appdata/roaming/code/user/globalstorage/bmd.stm32-for-vscode/@xpack-dev-tools/arm-none-eabi-gcc/11.3.1-1.1.2/.content/bin/../lib/gcc/arm-none-eabi/11.3.1/../../../../arm-none-eabi/lib/thumb/v7-m/nofp\libc_nano.a(libc_a-mlock.o)
                                                  c:/users/vasil/appdata/roaming/code/user/globalstorage/bmd.stm32-for-vscode/@xpack-dev-tools/arm-none-eabi-gcc/11.3.1-1.1.2/.content/bin/../lib/gcc/arm-none-eabi/11.3.1/../../../../arm-none-eabi/lib/thumb/v7-m/nofp\libc_nano.a(libc_a-__call_atexit.o)
                                                  c:/users/vasil/appdata/roaming/code/user/globalstorage/bmd.stm32-for-vscode/@xpack-dev-tools/arm-none-eabi-gcc/11.3.1-1.1.2/.content/bin/../lib/gcc/arm-none-eabi/11.3.1/../../../../arm-none-eabi/lib/thumb/v7-m/nofp\libc_nano.a(libc_a-__atexit.o)
                                                  c:/users/vasil/appdata/roaming/code/user/globalstorage/bmd.stm32-for-vscode/@xpack-dev-tools/arm-none-eabi-gcc/11.3.1-1.1.2/.content/bin/../lib/gcc/arm-none-eabi/11.3.1/../../../../arm-none-eabi/lib/thumb/v7-m/nofp\libc_nano.a(libc_a-findfp.o)
__retarget_lock_close                             c:/users/vasil/appdata/roaming/code/user/globalstorage/bmd.stm32-for-vscode/@xpack-dev-tools/arm-none-eabi-gcc/11.3.1-1.1.2/.content/bin/../lib/gcc/arm-none-eabi/11.3.1/../../../../arm-none-eabi/lib/thumb/v7-m/nofp\libc_nano.a(libc_a-lock.o)
__retarget_lock_close_recursive                   c:/users/vasil/appdata/roaming/code/user/globalstorage/bmd.stm32-for-vscode/@xpack-dev-tools/arm-none-eabi-gcc/11.3.1-1.1.2/.content/bin/../lib/gcc/arm-none-eabi/11.3.1/../../../../arm-none-eabi/lib/thumb/v7-m/nofp\libc_nano.a(libc_a-lock.o)
__retarget_lock_init                              c:/users/vasil/appdata/roaming/code/user/globalstorage/bmd.stm32-for-vscode/@xpack-dev-tools/arm-none-eabi-gcc/11.3.1-1.1.2/.content/bin/../lib/gcc/arm-none-eabi/11.3.1/../../../../arm-none-eabi/lib/thumb/v7-m/nofp\libc_nano.a(libc_a-lock.o)
__retarget_lock_init_recursive                    c:/users/vasil/appdata/roaming/code/user/globalstorage/bmd.stm32-for-vscode/@xpack-dev-tools/arm-none-eabi-gcc/11.3.1-1.1.2/.content/bin/../lib/gcc/arm-none-eabi/11.3.1/../../../../arm-none-eabi/lib/thumb/v7-m/nofp\libc_nano.a(libc_a-lock.o)
                                                  c:/users/vasil/appdata/roaming/code/user/globalstorage/bmd.stm32-for-vscode/@xpack-dev-tools/arm-none-eabi-gcc/11.3.1-1.1.2/.content/bin/../lib/gcc/arm-none-eabi/11.3.1/../../../../arm-none-eabi/lib/thumb/v7-m/nofp\libc_nano.a(libc_a-findfp.o)
__retarget_lock_release                           c:/users/vasil/appdata/roaming/code/user/globalstorage/bmd.stm32-for-vscode/@xpack-dev-tools/arm-none-eabi-gcc/11.3.1-1.1.2/.content/bin/../lib/gcc/arm-none-eabi/11.3.1/../../../../arm-none-eabi/lib/thumb/v7-m/nofp\libc_nano.a(libc_a-lock.o)
__retarget_lock_release_recursive                 c:/users/vasil/appdata/roaming/code/user/globalstorage/bmd.stm32-for-vscode/@xpack-dev-tools/arm-none-eabi-gcc/11.3.1-1.1.2/.content/bin/../lib/gcc/arm-none-eabi/11.3.1/../../../../arm-none-eabi/lib/thumb/v7-m/nofp\libc_nano.a(libc_a-lock.o)
                                                  c:/users/vasil/appdata/roaming/code/user/globalstorage/bmd.stm32-for-vscode/@xpack-dev-tools/arm-none-eabi-gcc/11.3.1-1.1.2/.content/bin/../lib/gcc/arm-none-eabi/11.3.1/../../../../arm-none-eabi/lib/thumb/v7-m/nofp\libc_nano.a(libc_a-fflush.o)
                                                  c:/users/vasil/appdata/roaming/code/user/globalstorage/bmd.stm32-for-vscode/@xpack-dev-tools/arm-none-eabi-gcc/11.3.1-1.1.2/.content/bin/../lib/gcc/arm-none-eabi/11.3.1/../../../../arm-none-eabi/lib/thumb/v7-m/nofp\libc_nano.a(libc_a-mlock.o)
                                                  c:/users/vasil/appdata/roaming/code/user/globalstorage/bmd.stm32-for-vscode/@xpack-dev-tools/arm-none-eabi-gcc/11.3.1-1.1.2/.content/bin/../lib/gcc/arm-none-eabi/11.3.1/../../../../arm-none-eabi/lib/thumb/v7-m/nofp\libc_nano.a(libc_a-__call_atexit.o)
                                                  c:/users/vasil/appdata/roaming/code/user/globalstorage/bmd.stm32-for-vscode/@xpack-dev-tools/arm-none-eabi-gcc/11.3.1-1.1.2/.content/bin/../lib/gcc/arm-none-eabi/11.3.1/../../../../arm-none-eabi/lib/thumb/v7-m/nofp\libc_nano.a(libc_a-__atexit.o)
                                                  c:/users/vasil/appdata/roaming/code/user/globalstorage/bmd.stm32-for-vscode/@xpack-dev-tools/arm-none-eabi-gcc/11.3.1-1.1.2/.content/bin/../lib/gcc/arm-none-eabi/11.3.1/../../../../arm-none-eabi/lib/thumb/v7-m/nofp\libc_nano.a(libc_a-findfp.o)
__retarget_lock_try_acquire                       c:/users/vasil/appdata/roaming/code/user/globalstorage/bmd.stm32-for-vscode/@xpack-dev-tools/arm-none-eabi-gcc/11.3.1-1.1.2/.content/bin/../lib/gcc/arm-none-eabi/11.3.1/../../../../arm-none-eabi/lib/thumb/v7-m/nofp\libc_nano.a(libc_a-lock.o)
__retarget_lock_try_acquire_recursive             c:/users/vasil/appdata/roaming/code/user/globalstorage/bmd.stm32-for-vscode/@xpack-dev-tools/arm-none-eabi-gcc/11.3.1-1.1.2/.content/bin/../lib/gcc/arm-none-eabi/11.3.1/../../../../arm-none-eabi/lib/thumb/v7-m/nofp\libc_nano.a(libc_a-lock.o)
__sclose                                          c:/users/vasil/appdata/roaming/code/user/globalstorage/bmd.stm32-for-vscode/@xpack-dev-tools/arm-none-eabi-gcc/11.3.1-1.1.2/.content/bin/../lib/gcc/arm-none-eabi/11.3.1/../../../../arm-none-eabi/lib/thumb/v7-m/nofp\libc_nano.a(libc_a-stdio.o)
                                                  c:/users/vasil/appdata/roaming/code/user/globalstorage/bmd.stm32-for-vscode/@xpack-dev-tools/arm-none-eabi-gcc/11.3.1-1.1.2/.content/bin/../lib/gcc/arm-none-eabi/11.3.1/../../../../arm-none-eabi/lib/thumb/v7-m/nofp\libc_nano.a(libc_a-findfp.o)
__seofread                                        c:/users/vasil/appdata/roaming/code/user/globalstorage/bmd.stm32-for-vscode/@xpack-dev-tools/arm-none-eabi-gcc/11.3.1-1.1.2/.content/bin/../lib/gcc/arm-none-eabi/11.3.1/../../../../arm-none-eabi/lib/thumb/v7-m/nofp\libc_nano.a(libc_a-stdio.o)
__sf                                              c:/users/vasil/appdata/roaming/code/user/globalstorage/bmd.stm32-for-vscode/@xpack-dev-tools/arm-none-eabi-gcc/11.3.1-1.1.2/.content/bin/../lib/gcc/arm-none-eabi/11.3.1/../../../../arm-none-eabi/lib/thumb/v7-m/nofp\libc_nano.a(libc_a-findfp.o)
                                                  c:/users/vasil/appdata/roaming/code/user/globalstorage/bmd.stm32-for-vscode/@xpack-dev-tools/arm-none-eabi-gcc/11.3.1-1.1.2/.content/bin/../lib/gcc/arm-none-eabi/11.3.1/../../../../arm-none-eabi/lib/thumb/v7-m/nofp\libc_nano.a(libc_a-impure.o)
__sflush_r                                        c:/users/vasil/appdata/roaming/code/user/globalstorage/bmd.stm32-for-vscode/@xpack-dev-tools/arm-none-eabi-gcc/11.3.1-1.1.2/.content/bin/../lib/gcc/arm-none-eabi/11.3.1/../../../../arm-none-eabi/lib/thumb/v7-m/nofp\libc_nano.a(libc_a-fflush.o)
__sfp                                             c:/users/vasil/appdata/roaming/code/user/globalstorage/bmd.stm32-for-vscode/@xpack-dev-tools/arm-none-eabi-gcc/11.3.1-1.1.2/.content/bin/../lib/gcc/arm-none-eabi/11.3.1/../../../../arm-none-eabi/lib/thumb/v7-m/nofp\libc_nano.a(libc_a-findfp.o)
__sfp_lock_acquire                                c:/users/vasil/appdata/roaming/code/user/globalstorage/bmd.stm32-for-vscode/@xpack-dev-tools/arm-none-eabi-gcc/11.3.1-1.1.2/.content/bin/../lib/gcc/arm-none-eabi/11.3.1/../../../../arm-none-eabi/lib/thumb/v7-m/nofp\libc_nano.a(libc_a-findfp.o)
__sfp_lock_release                                c:/users/vasil/appdata/roaming/code/user/globalstorage/bmd.stm32-for-vscode/@xpack-dev-tools/arm-none-eabi-gcc/11.3.1-1.1.2/.content/bin/../lib/gcc/arm-none-eabi/11.3.1/../../../../arm-none-eabi/lib/thumb/v7-m/nofp\libc_nano.a(libc_a-findfp.o)
__sglue                                           c:/users/vasil/appdata/roaming/code/user/globalstorage/bmd.stm32-for-vscode/@xpack-dev-tools/arm-none-eabi-gcc/11.3.1-1.1.2/.content/bin/../lib/gcc/arm-none-eabi/11.3.1/../../../../arm-none-eabi/lib/thumb/v7-m/nofp\libc_nano.a(libc_a-findfp.o)
                                                  c:/users/vasil/appdata/roaming/code/user/globalstorage/bmd.stm32-for-vscode/@xpack-dev-tools/arm-none-eabi-gcc/11.3.1-1.1.2/.content/bin/../lib/gcc/arm-none-eabi/11.3.1/../../../../arm-none-eabi/lib/thumb/v7-m/nofp\libc_nano.a(libc_a-fflush.o)
__sinit                                           c:/users/vasil/appdata/roaming/code/user/globalstorage/bmd.stm32-for-vscode/@xpack-dev-tools/arm-none-eabi-gcc/11.3.1-1.1.2/.content/bin/../lib/gcc/arm-none-eabi/11.3.1/../../../../arm-none-eabi/lib/thumb/v7-m/nofp\libc_nano.a(libc_a-findfp.o)
                                                  c:/users/vasil/appdata/roaming/code/user/globalstorage/bmd.stm32-for-vscode/@xpack-dev-tools/arm-none-eabi-gcc/11.3.1-1.1.2/.content/bin/../lib/gcc/arm-none-eabi/11.3.1/../../../../arm-none-eabi/lib/thumb/v7-m/nofp\libc_nano.a(libc_a-fflush.o)
__sread                                           c:/users/vasil/appdata/roaming/code/user/globalstorage/bmd.stm32-for-vscode/@xpack-dev-tools/arm-none-eabi-gcc/11.3.1-1.1.2/.content/bin/../lib/gcc/arm-none-eabi/11.3.1/../../../../arm-none-eabi/lib/thumb/v7-m/nofp\libc_nano.a(libc_a-stdio.o)
                                                  c:/users/vasil/appdata/roaming/code/user/globalstorage/bmd.stm32-for-vscode/@xpack-dev-tools/arm-none-eabi-gcc/11.3.1-1.1.2/.content/bin/../lib/gcc/arm-none-eabi/11.3.1/../../../../arm-none-eabi/lib/thumb/v7-m/nofp\libc_nano.a(libc_a-findfp.o)
__sseek                                           c:/users/vasil/appdata/roaming/code/user/globalstorage/bmd.stm32-for-vscode/@xpack-dev-tools/arm-none-eabi-gcc/11.3.1-1.1.2/.content/bin/../lib/gcc/arm-none-eabi/11.3.1/../../../../arm-none-eabi/lib/thumb/v7-m/nofp\libc_nano.a(libc_a-stdio.o)
                                                  c:/users/vasil/appdata/roaming/code/user/globalstorage/bmd.stm32-for-vscode/@xpack-dev-tools/arm-none-eabi-gcc/11.3.1-1.1.2/.content/bin/../lib/gcc/arm-none-eabi/11.3.1/../../../../arm-none-eabi/lib/thumb/v7-m/nofp\libc_nano.a(libc_a-findfp.o)
__stack                                           c:/users/vasil/appdata/roaming/code/user/globalstorage/bmd.stm32-for-vscode/@xpack-dev-tools/arm-none-eabi-gcc/11.3.1-1.1.2/.content/bin/../lib/gcc/arm-none-eabi/11.3.1/../../../../arm-none-eabi/lib/thumb/v7-m/nofp/crt0.o
__stdio_exit_handler                              c:/users/vasil/appdata/roaming/code/user/globalstorage/bmd.stm32-for-vscode/@xpack-dev-tools/arm-none-eabi-gcc/11.3.1-1.1.2/.content/bin/../lib/gcc/arm-none-eabi/11.3.1/../../../../arm-none-eabi/lib/thumb/v7-m/nofp\libc_nano.a(libc_a-findfp.o)
                                                  c:/users/vasil/appdata/roaming/code/user/globalstorage/bmd.stm32-for-vscode/@xpack-dev-tools/arm-none-eabi-gcc/11.3.1-1.1.2/.content/bin/../lib/gcc/arm-none-eabi/11.3.1/../../../../arm-none-eabi/lib/thumb/v7-m/nofp\libc_nano.a(libc_a-exit.o)
__swrite                                          c:/users/vasil/appdata/roaming/code/user/globalstorage/bmd.stm32-for-vscode/@xpack-dev-tools/arm-none-eabi-gcc/11.3.1-1.1.2/.content/bin/../lib/gcc/arm-none-eabi/11.3.1/../../../../arm-none-eabi/lib/thumb/v7-m/nofp\libc_nano.a(libc_a-stdio.o)
                                                  c:/users/vasil/appdata/roaming/code/user/globalstorage/bmd.stm32-for-vscode/@xpack-dev-tools/arm-none-eabi-gcc/11.3.1-1.1.2/.content/bin/../lib/gcc/arm-none-eabi/11.3.1/../../../../arm-none-eabi/lib/thumb/v7-m/nofp\libc_nano.a(libc_a-findfp.o)
_close                                            build/syscalls.o
                                                  c:/users/vasil/appdata/roaming/code/user/globalstorage/bmd.stm32-for-vscode/@xpack-dev-tools/arm-none-eabi-gcc/11.3.1-1.1.2/.content/bin/../lib/gcc/arm-none-eabi/11.3.1/../../../../arm-none-eabi/lib/thumb/v7-m/nofp\libc_nano.a(libc_a-closer.o)
_close_r                                          c:/users/vasil/appdata/roaming/code/user/globalstorage/bmd.stm32-for-vscode/@xpack-dev-tools/arm-none-eabi-gcc/11.3.1-1.1.2/.content/bin/../lib/gcc/arm-none-eabi/11.3.1/../../../../arm-none-eabi/lib/thumb/v7-m/nofp\libc_nano.a(libc_a-closer.o)
                                                  c:/users/vasil/appdata/roaming/code/user/globalstorage/bmd.stm32-for-vscode/@xpack-dev-tools/arm-none-eabi-gcc/11.3.1-1.1.2/.content/bin/../lib/gcc/arm-none-eabi/11.3.1/../../../../arm-none-eabi/lib/thumb/v7-m/nofp\libc_nano.a(libc_a-stdio.o)
_ebss                                             build/startup_stm32f103x6.o
_edata                                            build/startup_stm32f103x6.o
_end                                              build/sysmem.o
_estack                                           build/startup_stm32f103x6.o
                                                  build/sysmem.o
_execve                                           build/syscalls.o
_exit                                             build/syscalls.o
                                                  c:/users/vasil/appdata/roaming/code/user/globalstorage/bmd.stm32-for-vscode/@xpack-dev-tools/arm-none-eabi-gcc/11.3.1-1.1.2/.content/bin/../lib/gcc/arm-none-eabi/11.3.1/../../../../arm-none-eabi/lib/thumb/v7-m/nofp\libc_nano.a(libc_a-exit.o)
_fflush_r                                         c:/users/vasil/appdata/roaming/code/user/globalstorage/bmd.stm32-for-vscode/@xpack-dev-tools/arm-none-eabi-gcc/11.3.1-1.1.2/.content/bin/../lib/gcc/arm-none-eabi/11.3.1/../../../../arm-none-eabi/lib/thumb/v7-m/nofp\libc_nano.a(libc_a-fflush.o)
                                                  c:/users/vasil/appdata/roaming/code/user/globalstorage/bmd.stm32-for-vscode/@xpack-dev-tools/arm-none-eabi-gcc/11.3.1-1.1.2/.content/bin/../lib/gcc/arm-none-eabi/11.3.1/../../../../arm-none-eabi/lib/thumb/v7-m/nofp\libc_nano.a(libc_a-findfp.o)
_fini                                             c:/users/vasil/appdata/roaming/code/user/globalstorage/bmd.stm32-for-vscode/@xpack-dev-tools/arm-none-eabi-gcc/11.3.1-1.1.2/.content/bin/../lib/gcc/arm-none-eabi/11.3.1/thumb/v7-m/nofp/crti.o
                                                  c:/users/vasil/appdata/roaming/code/user/globalstorage/bmd.stm32-for-vscode/@xpack-dev-tools/arm-none-eabi-gcc/11.3.1-1.1.2/.content/bin/../lib/gcc/arm-none-eabi/11.3.1/../../../../arm-none-eabi/lib/thumb/v7-m/nofp\libc_nano.a(libc_a-fini.o)
_fork                                             build/syscalls.o
_free_r                                           c:/users/vasil/appdata/roaming/code/user/globalstorage/bmd.stm32-for-vscode/@xpack-dev-tools/arm-none-eabi-gcc/11.3.1-1.1.2/.content/bin/../lib/gcc/arm-none-eabi/11.3.1/../../../../arm-none-eabi/lib/thumb/v7-m/nofp\libc_nano.a(libc_a-freer.o)
                                                  c:/users/vasil/appdata/roaming/code/user/globalstorage/bmd.stm32-for-vscode/@xpack-dev-tools/arm-none-eabi-gcc/11.3.1-1.1.2/.content/bin/../lib/gcc/arm-none-eabi/11.3.1/../../../../arm-none-eabi/lib/thumb/v7-m/nofp\libc_nano.a(libc_a-fflush.o)
                                                  c:/users/vasil/appdata/roaming/code/user/globalstorage/bmd.stm32-for-vscode/@xpack-dev-tools/arm-none-eabi-gcc/11.3.1-1.1.2/.content/bin/../lib/gcc/arm-none-eabi/11.3.1/../../../../arm-none-eabi/lib/thumb/v7-m/nofp\libc_nano.a(libc_a-reent.o)
_fstat                                            build/syscalls.o
_fwalk_sglue                                      c:/users/vasil/appdata/roaming/code/user/globalstorage/bmd.stm32-for-vscode/@xpack-dev-tools/arm-none-eabi-gcc/11.3.1-1.1.2/.content/bin/../lib/gcc/arm-none-eabi/11.3.1/../../../../arm-none-eabi/lib/thumb/v7-m/nofp\libc_nano.a(libc_a-fwalk.o)
                                                  c:/users/vasil/appdata/roaming/code/user/globalstorage/bmd.stm32-for-vscode/@xpack-dev-tools/arm-none-eabi-gcc/11.3.1-1.1.2/.content/bin/../lib/gcc/arm-none-eabi/11.3.1/../../../../arm-none-eabi/lib/thumb/v7-m/nofp\libc_nano.a(libc_a-fflush.o)
                                                  c:/users/vasil/appdata/roaming/code/user/globalstorage/bmd.stm32-for-vscode/@xpack-dev-tools/arm-none-eabi-gcc/11.3.1-1.1.2/.content/bin/../lib/gcc/arm-none-eabi/11.3.1/../../../../arm-none-eabi/lib/thumb/v7-m/nofp\libc_nano.a(libc_a-findfp.o)
_getpid                                           build/syscalls.o
_impure_data                                      c:/users/vasil/appdata/roaming/code/user/globalstorage/bmd.stm32-for-vscode/@xpack-dev-tools/arm-none-eabi-gcc/11.3.1-1.1.2/.content/bin/../lib/gcc/arm-none-eabi/11.3.1/../../../../arm-none-eabi/lib/thumb/v7-m/nofp\libc_nano.a(libc_a-impure.o)
                                                  c:/users/vasil/appdata/roaming/code/user/globalstorage/bmd.stm32-for-vscode/@xpack-dev-tools/arm-none-eabi-gcc/11.3.1-1.1.2/.content/bin/../lib/gcc/arm-none-eabi/11.3.1/../../../../arm-none-eabi/lib/thumb/v7-m/nofp\libc_nano.a(libc_a-fflush.o)
                                                  c:/users/vasil/appdata/roaming/code/user/globalstorage/bmd.stm32-for-vscode/@xpack-dev-tools/arm-none-eabi-gcc/11.3.1-1.1.2/.content/bin/../lib/gcc/arm-none-eabi/11.3.1/../../../../arm-none-eabi/lib/thumb/v7-m/nofp\libc_nano.a(libc_a-findfp.o)
_impure_ptr                                       c:/users/vasil/appdata/roaming/code/user/globalstorage/bmd.stm32-for-vscode/@xpack-dev-tools/arm-none-eabi-gcc/11.3.1-1.1.2/.content/bin/../lib/gcc/arm-none-eabi/11.3.1/../../../../arm-none-eabi/lib/thumb/v7-m/nofp\libc_nano.a(libc_a-impure.o)
                                                  c:/users/vasil/appdata/roaming/code/user/globalstorage/bmd.stm32-for-vscode/@xpack-dev-tools/arm-none-eabi-gcc/11.3.1-1.1.2/.content/bin/../lib/gcc/arm-none-eabi/11.3.1/../../../../arm-none-eabi/lib/thumb/v7-m/nofp\libc_nano.a(libc_a-fflush.o)
                                                  c:/users/vasil/appdata/roaming/code/user/globalstorage/bmd.stm32-for-vscode/@xpack-dev-tools/arm-none-eabi-gcc/11.3.1-1.1.2/.content/bin/../lib/gcc/arm-none-eabi/11.3.1/../../../../arm-none-eabi/lib/thumb/v7-m/nofp\libc_nano.a(libc_a-errno.o)
                                                  c:/users/vasil/appdata/roaming/code/user/globalstorage/bmd.stm32-for-vscode/@xpack-dev-tools/arm-none-eabi-gcc/11.3.1-1.1.2/.content/bin/../lib/gcc/arm-none-eabi/11.3.1/../../../../arm-none-eabi/lib/thumb/v7-m/nofp\libc_nano.a(libc_a-reent.o)
_init                                             c:/users/vasil/appdata/roaming/code/user/globalstorage/bmd.stm32-for-vscode/@xpack-dev-tools/arm-none-eabi-gcc/11.3.1-1.1.2/.content/bin/../lib/gcc/arm-none-eabi/11.3.1/thumb/v7-m/nofp/crti.o
                                                  c:/users/vasil/appdata/roaming/code/user/globalstorage/bmd.stm32-for-vscode/@xpack-dev-tools/arm-none-eabi-gcc/11.3.1-1.1.2/.content/bin/../lib/gcc/arm-none-eabi/11.3.1/../../../../arm-none-eabi/lib/thumb/v7-m/nofp\libc_nano.a(libc_a-init.o)
_isatty                                           build/syscalls.o
_kill                                             build/syscalls.o
_link                                             build/syscalls.o
_lseek                                            build/syscalls.o
                                                  c:/users/vasil/appdata/roaming/code/user/globalstorage/bmd.stm32-for-vscode/@xpack-dev-tools/arm-none-eabi-gcc/11.3.1-1.1.2/.content/bin/../lib/gcc/arm-none-eabi/11.3.1/../../../../arm-none-eabi/lib/thumb/v7-m/nofp\libc_nano.a(libc_a-lseekr.o)
_lseek_r                                          c:/users/vasil/appdata/roaming/code/user/globalstorage/bmd.stm32-for-vscode/@xpack-dev-tools/arm-none-eabi-gcc/11.3.1-1.1.2/.content/bin/../lib/gcc/arm-none-eabi/11.3.1/../../../../arm-none-eabi/lib/thumb/v7-m/nofp\libc_nano.a(libc_a-lseekr.o)
                                                  c:/users/vasil/appdata/roaming/code/user/globalstorage/bmd.stm32-for-vscode/@xpack-dev-tools/arm-none-eabi-gcc/11.3.1-1.1.2/.content/bin/../lib/gcc/arm-none-eabi/11.3.1/../../../../arm-none-eabi/lib/thumb/v7-m/nofp\libc_nano.a(libc_a-stdio.o)
_mainCRTStartup                                   c:/users/vasil/appdata/roaming/code/user/globalstorage/bmd.stm32-for-vscode/@xpack-dev-tools/arm-none-eabi-gcc/11.3.1-1.1.2/.content/bin/../lib/gcc/arm-none-eabi/11.3.1/../../../../arm-none-eabi/lib/thumb/v7-m/nofp/crt0.o
_malloc_r                                         c:/users/vasil/appdata/roaming/code/user/globalstorage/bmd.stm32-for-vscode/@xpack-dev-tools/arm-none-eabi-gcc/11.3.1-1.1.2/.content/bin/../lib/gcc/arm-none-eabi/11.3.1/../../../../arm-none-eabi/lib/thumb/v7-m/nofp\libc_nano.a(libc_a-mallocr.o)
                                                  c:/users/vasil/appdata/roaming/code/user/globalstorage/bmd.stm32-for-vscode/@xpack-dev-tools/arm-none-eabi-gcc/11.3.1-1.1.2/.content/bin/../lib/gcc/arm-none-eabi/11.3.1/../../../../arm-none-eabi/lib/thumb/v7-m/nofp\libc_nano.a(libc_a-findfp.o)
_open                                             build/syscalls.o
_read                                             build/syscalls.o
                                                  c:/users/vasil/appdata/roaming/code/user/globalstorage/bmd.stm32-for-vscode/@xpack-dev-tools/arm-none-eabi-gcc/11.3.1-1.1.2/.content/bin/../lib/gcc/arm-none-eabi/11.3.1/../../../../arm-none-eabi/lib/thumb/v7-m/nofp\libc_nano.a(libc_a-readr.o)
_read_r                                           c:/users/vasil/appdata/roaming/code/user/globalstorage/bmd.stm32-for-vscode/@xpack-dev-tools/arm-none-eabi-gcc/11.3.1-1.1.2/.content/bin/../lib/gcc/arm-none-eabi/11.3.1/../../../../arm-none-eabi/lib/thumb/v7-m/nofp\libc_nano.a(libc_a-readr.o)
                                                  c:/users/vasil/appdata/roaming/code/user/globalstorage/bmd.stm32-for-vscode/@xpack-dev-tools/arm-none-eabi-gcc/11.3.1-1.1.2/.content/bin/../lib/gcc/arm-none-eabi/11.3.1/../../../../arm-none-eabi/lib/thumb/v7-m/nofp\libc_nano.a(libc_a-stdio.o)
_reclaim_reent                                    c:/users/vasil/appdata/roaming/code/user/globalstorage/bmd.stm32-for-vscode/@xpack-dev-tools/arm-none-eabi-gcc/11.3.1-1.1.2/.content/bin/../lib/gcc/arm-none-eabi/11.3.1/../../../../arm-none-eabi/lib/thumb/v7-m/nofp\libc_nano.a(libc_a-reent.o)
_sbrk                                             build/sysmem.o
                                                  c:/users/vasil/appdata/roaming/code/user/globalstorage/bmd.stm32-for-vscode/@xpack-dev-tools/arm-none-eabi-gcc/11.3.1-1.1.2/.content/bin/../lib/gcc/arm-none-eabi/11.3.1/../../../../arm-none-eabi/lib/thumb/v7-m/nofp\libc_nano.a(libc_a-sbrkr.o)
_sbrk_r                                           c:/users/vasil/appdata/roaming/code/user/globalstorage/bmd.stm32-for-vscode/@xpack-dev-tools/arm-none-eabi-gcc/11.3.1-1.1.2/.content/bin/../lib/gcc/arm-none-eabi/11.3.1/../../../../arm-none-eabi/lib/thumb/v7-m/nofp\libc_nano.a(libc_a-sbrkr.o)
                                                  c:/users/vasil/appdata/roaming/code/user/globalstorage/bmd.stm32-for-vscode/@xpack-dev-tools/arm-none-eabi-gcc/11.3.1-1.1.2/.content/bin/../lib/gcc/arm-none-eabi/11.3.1/../../../../arm-none-eabi/lib/thumb/v7-m/nofp\libc_nano.a(libc_a-mallocr.o)
_sbss                                             build/startup_stm32f103x6.o
_sdata                                            build/startup_stm32f103x6.o
_sidata                                           build/startup_stm32f103x6.o
_stack_init                                       c:/users/vasil/appdata/roaming/code/user/globalstorage/bmd.stm32-for-vscode/@xpack-dev-tools/arm-none-eabi-gcc/11.3.1-1.1.2/.content/bin/../lib/gcc/arm-none-eabi/11.3.1/../../../../arm-none-eabi/lib/thumb/v7-m/nofp/crt0.o
_start                                            c:/users/vasil/appdata/roaming/code/user/globalstorage/bmd.stm32-for-vscode/@xpack-dev-tools/arm-none-eabi-gcc/11.3.1-1.1.2/.content/bin/../lib/gcc/arm-none-eabi/11.3.1/../../../../arm-none-eabi/lib/thumb/v7-m/nofp/crt0.o
_stat                                             build/syscalls.o
_times                                            build/syscalls.o
_unlink                                           build/syscalls.o
_wait                                             build/syscalls.o
_write                                            build/syscalls.o
                                                  c:/users/vasil/appdata/roaming/code/user/globalstorage/bmd.stm32-for-vscode/@xpack-dev-tools/arm-none-eabi-gcc/11.3.1-1.1.2/.content/bin/../lib/gcc/arm-none-eabi/11.3.1/../../../../arm-none-eabi/lib/thumb/v7-m/nofp\libc_nano.a(libc_a-writer.o)
_write_r                                          c:/users/vasil/appdata/roaming/code/user/globalstorage/bmd.stm32-for-vscode/@xpack-dev-tools/arm-none-eabi-gcc/11.3.1-1.1.2/.content/bin/../lib/gcc/arm-none-eabi/11.3.1/../../../../arm-none-eabi/lib/thumb/v7-m/nofp\libc_nano.a(libc_a-writer.o)
                                                  c:/users/vasil/appdata/roaming/code/user/globalstorage/bmd.stm32-for-vscode/@xpack-dev-tools/arm-none-eabi-gcc/11.3.1-1.1.2/.content/bin/../lib/gcc/arm-none-eabi/11.3.1/../../../../arm-none-eabi/lib/thumb/v7-m/nofp\libc_nano.a(libc_a-stdio.o)
atexit                                            c:/users/vasil/appdata/roaming/code/user/globalstorage/bmd.stm32-for-vscode/@xpack-dev-tools/arm-none-eabi-gcc/11.3.1-1.1.2/.content/bin/../lib/gcc/arm-none-eabi/11.3.1/../../../../arm-none-eabi/lib/thumb/v7-m/nofp\libc_nano.a(libc_a-atexit.o)
                                                  c:/users/vasil/appdata/roaming/code/user/globalstorage/bmd.stm32-for-vscode/@xpack-dev-tools/arm-none-eabi-gcc/11.3.1-1.1.2/.content/bin/../lib/gcc/arm-none-eabi/11.3.1/../../../../arm-none-eabi/lib/thumb/v7-m/nofp/crt0.o
environ                                           build/syscalls.o
errno                                             c:/users/vasil/appdata/roaming/code/user/globalstorage/bmd.stm32-for-vscode/@xpack-dev-tools/arm-none-eabi-gcc/11.3.1-1.1.2/.content/bin/../lib/gcc/arm-none-eabi/11.3.1/../../../../arm-none-eabi/lib/thumb/v7-m/nofp\libc_nano.a(libc_a-reent.o)
                                                  c:/users/vasil/appdata/roaming/code/user/globalstorage/bmd.stm32-for-vscode/@xpack-dev-tools/arm-none-eabi-gcc/11.3.1-1.1.2/.content/bin/../lib/gcc/arm-none-eabi/11.3.1/../../../../arm-none-eabi/lib/thumb/v7-m/nofp\libc_nano.a(libc_a-sbrkr.o)
                                                  c:/users/vasil/appdata/roaming/code/user/globalstorage/bmd.stm32-for-vscode/@xpack-dev-tools/arm-none-eabi-gcc/11.3.1-1.1.2/.content/bin/../lib/gcc/arm-none-eabi/11.3.1/../../../../arm-none-eabi/lib/thumb/v7-m/nofp\libc_nano.a(libc_a-writer.o)
                                                  c:/users/vasil/appdata/roaming/code/user/globalstorage/bmd.stm32-for-vscode/@xpack-dev-tools/arm-none-eabi-gcc/11.3.1-1.1.2/.content/bin/../lib/gcc/arm-none-eabi/11.3.1/../../../../arm-none-eabi/lib/thumb/v7-m/nofp\libc_nano.a(libc_a-readr.o)
                                                  c:/users/vasil/appdata/roaming/code/user/globalstorage/bmd.stm32-for-vscode/@xpack-dev-tools/arm-none-eabi-gcc/11.3.1-1.1.2/.content/bin/../lib/gcc/arm-none-eabi/11.3.1/../../../../arm-none-eabi/lib/thumb/v7-m/nofp\libc_nano.a(libc_a-lseekr.o)
                                                  c:/users/vasil/appdata/roaming/code/user/globalstorage/bmd.stm32-for-vscode/@xpack-dev-tools/arm-none-eabi-gcc/11.3.1-1.1.2/.content/bin/../lib/gcc/arm-none-eabi/11.3.1/../../../../arm-none-eabi/lib/thumb/v7-m/nofp\libc_nano.a(libc_a-closer.o)
exit                                              c:/users/vasil/appdata/roaming/code/user/globalstorage/bmd.stm32-for-vscode/@xpack-dev-tools/arm-none-eabi-gcc/11.3.1-1.1.2/.content/bin/../lib/gcc/arm-none-eabi/11.3.1/../../../../arm-none-eabi/lib/thumb/v7-m/nofp\libc_nano.a(libc_a-exit.o)
                                                  c:/users/vasil/appdata/roaming/code/user/globalstorage/bmd.stm32-for-vscode/@xpack-dev-tools/arm-none-eabi-gcc/11.3.1-1.1.2/.content/bin/../lib/gcc/arm-none-eabi/11.3.1/../../../../arm-none-eabi/lib/thumb/v7-m/nofp/crt0.o
fflush                                            c:/users/vasil/appdata/roaming/code/user/globalstorage/bmd.stm32-for-vscode/@xpack-dev-tools/arm-none-eabi-gcc/11.3.1-1.1.2/.content/bin/../lib/gcc/arm-none-eabi/11.3.1/../../../../arm-none-eabi/lib/thumb/v7-m/nofp\libc_nano.a(libc_a-fflush.o)
g_pfnVectors                                      build/startup_stm32f103x6.o
hardware_init_hook                                c:/users/vasil/appdata/roaming/code/user/globalstorage/bmd.stm32-for-vscode/@xpack-dev-tools/arm-none-eabi-gcc/11.3.1-1.1.2/.content/bin/../lib/gcc/arm-none-eabi/11.3.1/../../../../arm-none-eabi/lib/thumb/v7-m/nofp/crt0.o
initialise_monitor_handles                        build/syscalls.o
main                                              build/main.o
                                                  build/startup_stm32f103x6.o
                                                  c:/users/vasil/appdata/roaming/code/user/globalstorage/bmd.stm32-for-vscode/@xpack-dev-tools/arm-none-eabi-gcc/11.3.1-1.1.2/.content/bin/../lib/gcc/arm-none-eabi/11.3.1/../../../../arm-none-eabi/lib/thumb/v7-m/nofp/crt0.o
malloc                                            c:/users/vasil/appdata/roaming/code/user/globalstorage/bmd.stm32-for-vscode/@xpack-dev-tools/arm-none-eabi-gcc/11.3.1-1.1.2/.content/bin/../lib/gcc/arm-none-eabi/11.3.1/../../../../arm-none-eabi/lib/thumb/v7-m/nofp\libc_nano.a(libc_a-__atexit.o)
memset                                            c:/users/vasil/appdata/roaming/code/user/globalstorage/bmd.stm32-for-vscode/@xpack-dev-tools/arm-none-eabi-gcc/11.3.1-1.1.2/.content/bin/../lib/gcc/arm-none-eabi/11.3.1/../../../../arm-none-eabi/lib/thumb/v7-m/nofp\libc_nano.a(libc_a-memset.o)
                                                  c:/users/vasil/appdata/roaming/code/user/globalstorage/bmd.stm32-for-vscode/@xpack-dev-tools/arm-none-eabi-gcc/11.3.1-1.1.2/.content/bin/../lib/gcc/arm-none-eabi/11.3.1/../../../../arm-none-eabi/lib/thumb/v7-m/nofp\libc_nano.a(libc_a-findfp.o)
                                                  build/main.o
                                                  c:/users/vasil/appdata/roaming/code/user/globalstorage/bmd.stm32-for-vscode/@xpack-dev-tools/arm-none-eabi-gcc/11.3.1-1.1.2/.content/bin/../lib/gcc/arm-none-eabi/11.3.1/../../../../arm-none-eabi/lib/thumb/v7-m/nofp/crt0.o
pFlash                                            build/stm32f1xx_hal_flash.o
                                                  build/stm32f1xx_hal_flash_ex.o
software_init_hook                                c:/users/vasil/appdata/roaming/code/user/globalstorage/bmd.stm32-for-vscode/@xpack-dev-tools/arm-none-eabi-gcc/11.3.1-1.1.2/.content/bin/../lib/gcc/arm-none-eabi/11.3.1/../../../../arm-none-eabi/lib/thumb/v7-m/nofp/crt0.o
uwTick                                            build/stm32f1xx_hal.o
uwTickFreq                                        build/stm32f1xx_hal.o
uwTickPrio                                        build/stm32f1xx_hal.o
                                                  build/stm32f1xx_hal_rcc.o