../Core/Src/main.c:81:13:clear_string	24	static
../Core/Src/main.c:103:6:HAL_TIM_PeriodElapsedCallback	16	static
../Core/Src/main.c:112:6:chek_speed	104	static
../Core/Src/main.c:175:5:main	192	static
../Core/Src/main.c:448:6:SystemClock_Config	72	static
../Core/Src/main.c:488:13:MX_TIM1_Init	32	static
../Core/Src/main.c:534:13:MX_USART1_UART_Init	8	static
../Core/Src/main.c:567:13:MX_USART2_UART_Init	8	static
../Core/Src/main.c:600:13:MX_GPIO_Init	40	static
../Core/Src/main.c:657:6:Error_Handler	4	static,ignoring_inline_asm
