../Core/Src/nokia5110_LCD.c:13:6:LCD_setRST	16	static
../Core/Src/nokia5110_LCD.c:19:6:LCD_setCE	16	static
../Core/Src/nokia5110_LCD.c:25:6:LCD_setDC	16	static
../Core/Src/nokia5110_LCD.c:30:6:LCD_setDIN	16	static
../Core/Src/nokia5110_LCD.c:36:6:LCD_setCLK	16	static
../Core/Src/nokia5110_LCD.c:48:6:LCD_send	24	static
../Core/Src/nokia5110_LCD.c:65:6:LCD_write	16	static
../Core/Src/nokia5110_LCD.c:86:6:LCD_init	8	static
../Core/Src/nokia5110_LCD.c:104:6:LCD_invert	16	static
../Core/Src/nokia5110_LCD.c:120:6:LCD_invertText	16	static
../Core/Src/nokia5110_LCD.c:136:6:LCD_putChar	24	static
../Core/Src/nokia5110_LCD.c:152:6:LCD_print	16	static
../Core/Src/nokia5110_LCD.c:165:6:LCD_clrScr	16	static
../Core/Src/nokia5110_LCD.c:179:6:LCD_goXY	16	static
../Core/Src/nokia5110_LCD.c:188:6:LCD_refreshScr	16	static
../Core/Src/nokia5110_LCD.c:208:6:LCD_refreshArea	32	static
../Core/Src/nokia5110_LCD.c:230:6:LCD_setPixel	16	static
../Core/Src/nokia5110_LCD.c:253:6:LCD_drawHLine	40	static
../Core/Src/nokia5110_LCD.c:274:6:LCD_drawVLine	32	static
../Core/Src/nokia5110_LCD.c:291:5:abs	16	static
../Core/Src/nokia5110_LCD.c:307:6:LCD_drawLine	80	static
